<html>
<body>
<pre>
<h1>µVision Build Log</h1>
<h2>Tool Versions:</h2>
IDE-Version: µVision V5.38.0.0
Copyright (C) 2022 ARM Ltd and ARM Germany GmbH. All rights reserved.
License Information: q q, q, LIC=0K1X3-ACJ4I-SM73Q-1VUXB-UGX93-RX7MA
 
Tool Versions:
Toolchain:       MDK-ARM Cortex-M0/M23 for Nuvoton  Version: 5.38.0.0
Toolchain Path:  C:\Keil\ARM\ARM_Compiler_5.06u7\Bin
C Compiler:      Armcc.exe V5.06 update 7 (build 960)
Assembler:       Armasm.exe V5.06 update 7 (build 960)
Linker/Locator:  ArmLink.exe V5.06 update 7 (build 960)
Library Manager: ArmAr.exe V5.06 update 7 (build 960)
Hex Converter:   FromElf.exe V5.06 update 7 (build 960)
CPU DLL:         SARMCM3.DLL V5.38.0.0
Dialog DLL:      DARMCM1.DLL V1.19.6.0
Target DLL:      NULink\Nu_Link.dll V3.09
Dialog DLL:      TARMCM1.DLL V1.14.6.0
 
<h2>Project:</h2>
C:\Users\rui\Desktop\NANO100_project\epd_driver\keil\epd_driver.uvprojx
Project File Date:  04/05/2023

<h2>Output:</h2>
*** Using Compiler 'V5.06 update 7 (build 960)', folder: 'C:\Keil\ARM\ARM_Compiler_5.06u7\Bin'
Build target 'epd_driver'
creating preprocessor file for clk.c...
creating preprocessor file for main.cpp...
creating preprocessor file for gpio.c...
creating preprocessor file for system_Nano100Series.c...
creating preprocessor file for sys.c...
creating preprocessor file for spi.c...
creating preprocessor file for uart.c...
linking...
Program Size: Code=2156 RO-data=5024 RW-data=12 ZI-data=1284  
".\Objects\epd_driver.axf" - 0 Error(s), 0 Warning(s).

<h2>Software Packages used:</h2>

Package Vendor: Nuvoton
                https://github.com/OpenNuvoton/cmsis-packs/raw/master/Nuvoton_DFP/Nuvoton.NuMicro_DFP.1.3.19.pack
                Nuvoton.NuMicro_DFP.1.3.19
                Nuvoton ARM Cortex-M NuMicro Family Device Support

<h2>Collection of Component include folders:</h2>
  C:/Users/rui/AppData/Local/Arm/Packs/Nuvoton/NuMicro_DFP/1.3.19/Device/NANO100BN/Include

<h2>Collection of Component Files used:</h2>
Build Time Elapsed:  00:00:00
</pre>
</body>
</html>
