<!doctype html public "-//w3c//dtd html 4.0 transitional//en">
<html><head>
<title>Static Call Graph - [.\Objects\epd_driver.axf]</title></head>
<body><HR>
<H1>Static Call Graph for image .\Objects\epd_driver.axf</H1><HR>
<BR><P>#&#060CALLGRAPH&#062# ARM Linker, 5060960: Last Updated: Wed Apr 05 15:12:58 2023
<BR><P>
<H3>Maximum Stack Usage =        108 bytes + Unknown(Cycles, Untraceable Function Pointers)</H3><H3>
Call chain for Maximum Stack Depth:</H3>
main &rArr; SYS_Init &rArr; CLK_SetCoreClock &rArr; CLK_SetHCLK &rArr; SystemCoreClockUpdate &rArr; SysGet_HCLKFreq &rArr; SysGet_PLLClockFreq &rArr; __aeabi_uidivmod
<P>
<H3>
Mutually Recursive functions
</H3> <LI><a href="#[1]">NMI_Handler</a>&nbsp;&nbsp;&nbsp;&rArr;&nbsp;&nbsp;&nbsp;<a href="#[1]">NMI_Handler</a><BR>
 <LI><a href="#[2]">HardFault_Handler</a>&nbsp;&nbsp;&nbsp;&rArr;&nbsp;&nbsp;&nbsp;<a href="#[2]">HardFault_Handler</a><BR>
 <LI><a href="#[3]">SVC_Handler</a>&nbsp;&nbsp;&nbsp;&rArr;&nbsp;&nbsp;&nbsp;<a href="#[3]">SVC_Handler</a><BR>
 <LI><a href="#[4]">PendSV_Handler</a>&nbsp;&nbsp;&nbsp;&rArr;&nbsp;&nbsp;&nbsp;<a href="#[4]">PendSV_Handler</a><BR>
 <LI><a href="#[5]">SysTick_Handler</a>&nbsp;&nbsp;&nbsp;&rArr;&nbsp;&nbsp;&nbsp;<a href="#[5]">SysTick_Handler</a><BR>
 <LI><a href="#[22]">ADC_IRQHandler</a>&nbsp;&nbsp;&nbsp;&rArr;&nbsp;&nbsp;&nbsp;<a href="#[22]">ADC_IRQHandler</a><BR>
</UL>
<P>
<H3>
Function Pointers
</H3><UL>
 <LI><a href="#[22]">ADC_IRQHandler</a> from startup_nano100series.o(.text) referenced from startup_nano100series.o(RESET)
 <LI><a href="#[6]">BOD_IRQHandler</a> from startup_nano100series.o(.text) referenced from startup_nano100series.o(RESET)
 <LI><a href="#[23]">DAC_IRQHandler</a> from startup_nano100series.o(.text) referenced from startup_nano100series.o(RESET)
 <LI><a href="#[8]">EINT0_IRQHandler</a> from startup_nano100series.o(.text) referenced from startup_nano100series.o(RESET)
 <LI><a href="#[9]">EINT1_IRQHandler</a> from startup_nano100series.o(.text) referenced from startup_nano100series.o(RESET)
 <LI><a href="#[a]">GPABC_IRQHandler</a> from startup_nano100series.o(.text) referenced from startup_nano100series.o(RESET)
 <LI><a href="#[b]">GPDEF_IRQHandler</a> from startup_nano100series.o(.text) referenced from startup_nano100series.o(RESET)
 <LI><a href="#[17]">HIRC_IRQHandler</a> from startup_nano100series.o(.text) referenced from startup_nano100series.o(RESET)
 <LI><a href="#[2]">HardFault_Handler</a> from startup_nano100series.o(.text) referenced from startup_nano100series.o(RESET)
 <LI><a href="#[18]">I2C0_IRQHandler</a> from startup_nano100series.o(.text) referenced from startup_nano100series.o(RESET)
 <LI><a href="#[19]">I2C1_IRQHandler</a> from startup_nano100series.o(.text) referenced from startup_nano100series.o(RESET)
 <LI><a href="#[20]">I2S_IRQHandler</a> from startup_nano100series.o(.text) referenced from startup_nano100series.o(RESET)
 <LI><a href="#[1e]">LCD_IRQHandler</a> from startup_nano100series.o(.text) referenced from startup_nano100series.o(RESET)
 <LI><a href="#[1]">NMI_Handler</a> from startup_nano100series.o(.text) referenced from startup_nano100series.o(RESET)
 <LI><a href="#[1f]">PDMA_IRQHandler</a> from startup_nano100series.o(.text) referenced from startup_nano100series.o(RESET)
 <LI><a href="#[21]">PDWU_IRQHandler</a> from startup_nano100series.o(.text) referenced from startup_nano100series.o(RESET)
 <LI><a href="#[c]">PWM0_IRQHandler</a> from startup_nano100series.o(.text) referenced from startup_nano100series.o(RESET)
 <LI><a href="#[d]">PWM1_IRQHandler</a> from startup_nano100series.o(.text) referenced from startup_nano100series.o(RESET)
 <LI><a href="#[4]">PendSV_Handler</a> from startup_nano100series.o(.text) referenced from startup_nano100series.o(RESET)
 <LI><a href="#[24]">RTC_IRQHandler</a> from startup_nano100series.o(.text) referenced from startup_nano100series.o(RESET)
 <LI><a href="#[0]">Reset_Handler</a> from startup_nano100series.o(.text) referenced from startup_nano100series.o(RESET)
 <LI><a href="#[1b]">SC0_IRQHandler</a> from startup_nano100series.o(.text) referenced from startup_nano100series.o(RESET)
 <LI><a href="#[1c]">SC1_IRQHandler</a> from startup_nano100series.o(.text) referenced from startup_nano100series.o(RESET)
 <LI><a href="#[1a]">SC2_IRQHandler</a> from startup_nano100series.o(.text) referenced from startup_nano100series.o(RESET)
 <LI><a href="#[14]">SPI0_IRQHandler</a> from startup_nano100series.o(.text) referenced from startup_nano100series.o(RESET)
 <LI><a href="#[15]">SPI1_IRQHandler</a> from startup_nano100series.o(.text) referenced from startup_nano100series.o(RESET)
 <LI><a href="#[16]">SPI2_IRQHandler</a> from startup_nano100series.o(.text) referenced from startup_nano100series.o(RESET)
 <LI><a href="#[3]">SVC_Handler</a> from startup_nano100series.o(.text) referenced from startup_nano100series.o(RESET)
 <LI><a href="#[5]">SysTick_Handler</a> from startup_nano100series.o(.text) referenced from startup_nano100series.o(RESET)
 <LI><a href="#[e]">TMR0_IRQHandler</a> from startup_nano100series.o(.text) referenced from startup_nano100series.o(RESET)
 <LI><a href="#[f]">TMR1_IRQHandler</a> from startup_nano100series.o(.text) referenced from startup_nano100series.o(RESET)
 <LI><a href="#[10]">TMR2_IRQHandler</a> from startup_nano100series.o(.text) referenced from startup_nano100series.o(RESET)
 <LI><a href="#[11]">TMR3_IRQHandler</a> from startup_nano100series.o(.text) referenced from startup_nano100series.o(RESET)
 <LI><a href="#[12]">UART0_IRQHandler</a> from startup_nano100series.o(.text) referenced from startup_nano100series.o(RESET)
 <LI><a href="#[13]">UART1_IRQHandler</a> from startup_nano100series.o(.text) referenced from startup_nano100series.o(RESET)
 <LI><a href="#[1d]">USBD_IRQHandler</a> from startup_nano100series.o(.text) referenced from startup_nano100series.o(RESET)
 <LI><a href="#[7]">WDT_IRQHandler</a> from startup_nano100series.o(.text) referenced from startup_nano100series.o(RESET)
 <LI><a href="#[26]">__main</a> from entry.o(.ARM.Collect$$$$00000000) referenced from startup_nano100series.o(.text)
 <LI><a href="#[27]">fputc</a> from fputc.o(i.fputc) referenced from printfb.o(i.__0printf$bare)
 <LI><a href="#[25]">main</a> from main.o(i.main) referenced from entry9a.o(.ARM.Collect$$$$0000000B)
</UL>
<P>
<H3>
Global Symbols
</H3>
<P><STRONG><a name="[26]"></a>__main</STRONG> (Thumb, 0 bytes, Stack size unknown bytes, entry.o(.ARM.Collect$$$$00000000))
<BR>[Address Reference Count : 1]<UL><LI> startup_nano100series.o(.text)
</UL>
<P><STRONG><a name="[48]"></a>_main_stk</STRONG> (Thumb, 0 bytes, Stack size unknown bytes, entry2.o(.ARM.Collect$$$$00000001))

<P><STRONG><a name="[28]"></a>_main_scatterload</STRONG> (Thumb, 0 bytes, Stack size unknown bytes, entry5.o(.ARM.Collect$$$$00000004))
<BR><BR>[Calls]<UL><LI><a href="#[29]">&gt;&gt;</a>&nbsp;&nbsp;&nbsp;__scatterload
</UL>

<P><STRONG><a name="[2c]"></a>__main_after_scatterload</STRONG> (Thumb, 0 bytes, Stack size unknown bytes, entry5.o(.ARM.Collect$$$$00000004))
<BR><BR>[Called By]<UL><LI><a href="#[29]">&gt;&gt;</a>&nbsp;&nbsp;&nbsp;__scatterload
</UL>

<P><STRONG><a name="[49]"></a>_main_clock</STRONG> (Thumb, 0 bytes, Stack size unknown bytes, entry7b.o(.ARM.Collect$$$$00000008))

<P><STRONG><a name="[4a]"></a>_main_cpp_init</STRONG> (Thumb, 0 bytes, Stack size unknown bytes, entry8b.o(.ARM.Collect$$$$0000000A))

<P><STRONG><a name="[4b]"></a>_main_init</STRONG> (Thumb, 0 bytes, Stack size unknown bytes, entry9a.o(.ARM.Collect$$$$0000000B))

<P><STRONG><a name="[2a]"></a>__rt_lib_shutdown_fini</STRONG> (Thumb, 0 bytes, Stack size unknown bytes, entry12b.o(.ARM.Collect$$$$0000000E))
<BR><BR>[Calls]<UL><LI><a href="#[2b]">&gt;&gt;</a>&nbsp;&nbsp;&nbsp;__arm_fini_ (Weak Reference)
</UL>

<P><STRONG><a name="[4c]"></a>__rt_final_cpp</STRONG> (Thumb, 0 bytes, Stack size unknown bytes, entry10a.o(.ARM.Collect$$$$0000000F))

<P><STRONG><a name="[4d]"></a>__rt_final_exit</STRONG> (Thumb, 0 bytes, Stack size unknown bytes, entry11a.o(.ARM.Collect$$$$00000011))

<P><STRONG><a name="[0]"></a>Reset_Handler</STRONG> (Thumb, 28 bytes, Stack size 0 bytes, startup_nano100series.o(.text))
<BR>[Address Reference Count : 1]<UL><LI> startup_nano100series.o(RESET)
</UL>
<P><STRONG><a name="[1]"></a>NMI_Handler</STRONG> (Thumb, 2 bytes, Stack size 0 bytes, startup_nano100series.o(.text))
<BR><BR>[Calls]<UL><LI><a href="#[1]">&gt;&gt;</a>&nbsp;&nbsp;&nbsp;NMI_Handler
</UL>
<BR>[Called By]<UL><LI><a href="#[1]">&gt;&gt;</a>&nbsp;&nbsp;&nbsp;NMI_Handler
</UL>
<BR>[Address Reference Count : 1]<UL><LI> startup_nano100series.o(RESET)
</UL>
<P><STRONG><a name="[2]"></a>HardFault_Handler</STRONG> (Thumb, 2 bytes, Stack size 0 bytes, startup_nano100series.o(.text))
<BR><BR>[Calls]<UL><LI><a href="#[2]">&gt;&gt;</a>&nbsp;&nbsp;&nbsp;HardFault_Handler
</UL>
<BR>[Called By]<UL><LI><a href="#[2]">&gt;&gt;</a>&nbsp;&nbsp;&nbsp;HardFault_Handler
</UL>
<BR>[Address Reference Count : 1]<UL><LI> startup_nano100series.o(RESET)
</UL>
<P><STRONG><a name="[3]"></a>SVC_Handler</STRONG> (Thumb, 2 bytes, Stack size 0 bytes, startup_nano100series.o(.text))
<BR><BR>[Calls]<UL><LI><a href="#[3]">&gt;&gt;</a>&nbsp;&nbsp;&nbsp;SVC_Handler
</UL>
<BR>[Called By]<UL><LI><a href="#[3]">&gt;&gt;</a>&nbsp;&nbsp;&nbsp;SVC_Handler
</UL>
<BR>[Address Reference Count : 1]<UL><LI> startup_nano100series.o(RESET)
</UL>
<P><STRONG><a name="[4]"></a>PendSV_Handler</STRONG> (Thumb, 2 bytes, Stack size 0 bytes, startup_nano100series.o(.text))
<BR><BR>[Calls]<UL><LI><a href="#[4]">&gt;&gt;</a>&nbsp;&nbsp;&nbsp;PendSV_Handler
</UL>
<BR>[Called By]<UL><LI><a href="#[4]">&gt;&gt;</a>&nbsp;&nbsp;&nbsp;PendSV_Handler
</UL>
<BR>[Address Reference Count : 1]<UL><LI> startup_nano100series.o(RESET)
</UL>
<P><STRONG><a name="[5]"></a>SysTick_Handler</STRONG> (Thumb, 2 bytes, Stack size 0 bytes, startup_nano100series.o(.text))
<BR><BR>[Calls]<UL><LI><a href="#[5]">&gt;&gt;</a>&nbsp;&nbsp;&nbsp;SysTick_Handler
</UL>
<BR>[Called By]<UL><LI><a href="#[5]">&gt;&gt;</a>&nbsp;&nbsp;&nbsp;SysTick_Handler
</UL>
<BR>[Address Reference Count : 1]<UL><LI> startup_nano100series.o(RESET)
</UL>
<P><STRONG><a name="[22]"></a>ADC_IRQHandler</STRONG> (Thumb, 0 bytes, Stack size 0 bytes, startup_nano100series.o(.text))
<BR><BR>[Calls]<UL><LI><a href="#[22]">&gt;&gt;</a>&nbsp;&nbsp;&nbsp;ADC_IRQHandler
</UL>
<BR>[Called By]<UL><LI><a href="#[22]">&gt;&gt;</a>&nbsp;&nbsp;&nbsp;ADC_IRQHandler
</UL>
<BR>[Address Reference Count : 1]<UL><LI> startup_nano100series.o(RESET)
</UL>
<P><STRONG><a name="[6]"></a>BOD_IRQHandler</STRONG> (Thumb, 0 bytes, Stack size 0 bytes, startup_nano100series.o(.text))
<BR>[Address Reference Count : 1]<UL><LI> startup_nano100series.o(RESET)
</UL>
<P><STRONG><a name="[23]"></a>DAC_IRQHandler</STRONG> (Thumb, 0 bytes, Stack size 0 bytes, startup_nano100series.o(.text))
<BR>[Address Reference Count : 1]<UL><LI> startup_nano100series.o(RESET)
</UL>
<P><STRONG><a name="[8]"></a>EINT0_IRQHandler</STRONG> (Thumb, 0 bytes, Stack size 0 bytes, startup_nano100series.o(.text))
<BR>[Address Reference Count : 1]<UL><LI> startup_nano100series.o(RESET)
</UL>
<P><STRONG><a name="[9]"></a>EINT1_IRQHandler</STRONG> (Thumb, 0 bytes, Stack size 0 bytes, startup_nano100series.o(.text))
<BR>[Address Reference Count : 1]<UL><LI> startup_nano100series.o(RESET)
</UL>
<P><STRONG><a name="[a]"></a>GPABC_IRQHandler</STRONG> (Thumb, 0 bytes, Stack size 0 bytes, startup_nano100series.o(.text))
<BR>[Address Reference Count : 1]<UL><LI> startup_nano100series.o(RESET)
</UL>
<P><STRONG><a name="[b]"></a>GPDEF_IRQHandler</STRONG> (Thumb, 0 bytes, Stack size 0 bytes, startup_nano100series.o(.text))
<BR>[Address Reference Count : 1]<UL><LI> startup_nano100series.o(RESET)
</UL>
<P><STRONG><a name="[17]"></a>HIRC_IRQHandler</STRONG> (Thumb, 0 bytes, Stack size 0 bytes, startup_nano100series.o(.text))
<BR>[Address Reference Count : 1]<UL><LI> startup_nano100series.o(RESET)
</UL>
<P><STRONG><a name="[18]"></a>I2C0_IRQHandler</STRONG> (Thumb, 0 bytes, Stack size 0 bytes, startup_nano100series.o(.text))
<BR>[Address Reference Count : 1]<UL><LI> startup_nano100series.o(RESET)
</UL>
<P><STRONG><a name="[19]"></a>I2C1_IRQHandler</STRONG> (Thumb, 0 bytes, Stack size 0 bytes, startup_nano100series.o(.text))
<BR>[Address Reference Count : 1]<UL><LI> startup_nano100series.o(RESET)
</UL>
<P><STRONG><a name="[20]"></a>I2S_IRQHandler</STRONG> (Thumb, 0 bytes, Stack size 0 bytes, startup_nano100series.o(.text))
<BR>[Address Reference Count : 1]<UL><LI> startup_nano100series.o(RESET)
</UL>
<P><STRONG><a name="[1e]"></a>LCD_IRQHandler</STRONG> (Thumb, 0 bytes, Stack size 0 bytes, startup_nano100series.o(.text))
<BR>[Address Reference Count : 1]<UL><LI> startup_nano100series.o(RESET)
</UL>
<P><STRONG><a name="[1f]"></a>PDMA_IRQHandler</STRONG> (Thumb, 0 bytes, Stack size 0 bytes, startup_nano100series.o(.text))
<BR>[Address Reference Count : 1]<UL><LI> startup_nano100series.o(RESET)
</UL>
<P><STRONG><a name="[21]"></a>PDWU_IRQHandler</STRONG> (Thumb, 0 bytes, Stack size 0 bytes, startup_nano100series.o(.text))
<BR>[Address Reference Count : 1]<UL><LI> startup_nano100series.o(RESET)
</UL>
<P><STRONG><a name="[c]"></a>PWM0_IRQHandler</STRONG> (Thumb, 0 bytes, Stack size 0 bytes, startup_nano100series.o(.text))
<BR>[Address Reference Count : 1]<UL><LI> startup_nano100series.o(RESET)
</UL>
<P><STRONG><a name="[d]"></a>PWM1_IRQHandler</STRONG> (Thumb, 0 bytes, Stack size 0 bytes, startup_nano100series.o(.text))
<BR>[Address Reference Count : 1]<UL><LI> startup_nano100series.o(RESET)
</UL>
<P><STRONG><a name="[24]"></a>RTC_IRQHandler</STRONG> (Thumb, 0 bytes, Stack size 0 bytes, startup_nano100series.o(.text))
<BR>[Address Reference Count : 1]<UL><LI> startup_nano100series.o(RESET)
</UL>
<P><STRONG><a name="[1b]"></a>SC0_IRQHandler</STRONG> (Thumb, 0 bytes, Stack size 0 bytes, startup_nano100series.o(.text))
<BR>[Address Reference Count : 1]<UL><LI> startup_nano100series.o(RESET)
</UL>
<P><STRONG><a name="[1c]"></a>SC1_IRQHandler</STRONG> (Thumb, 0 bytes, Stack size 0 bytes, startup_nano100series.o(.text))
<BR>[Address Reference Count : 1]<UL><LI> startup_nano100series.o(RESET)
</UL>
<P><STRONG><a name="[1a]"></a>SC2_IRQHandler</STRONG> (Thumb, 0 bytes, Stack size 0 bytes, startup_nano100series.o(.text))
<BR>[Address Reference Count : 1]<UL><LI> startup_nano100series.o(RESET)
</UL>
<P><STRONG><a name="[14]"></a>SPI0_IRQHandler</STRONG> (Thumb, 0 bytes, Stack size 0 bytes, startup_nano100series.o(.text))
<BR>[Address Reference Count : 1]<UL><LI> startup_nano100series.o(RESET)
</UL>
<P><STRONG><a name="[15]"></a>SPI1_IRQHandler</STRONG> (Thumb, 0 bytes, Stack size 0 bytes, startup_nano100series.o(.text))
<BR>[Address Reference Count : 1]<UL><LI> startup_nano100series.o(RESET)
</UL>
<P><STRONG><a name="[16]"></a>SPI2_IRQHandler</STRONG> (Thumb, 0 bytes, Stack size 0 bytes, startup_nano100series.o(.text))
<BR>[Address Reference Count : 1]<UL><LI> startup_nano100series.o(RESET)
</UL>
<P><STRONG><a name="[e]"></a>TMR0_IRQHandler</STRONG> (Thumb, 0 bytes, Stack size 0 bytes, startup_nano100series.o(.text))
<BR>[Address Reference Count : 1]<UL><LI> startup_nano100series.o(RESET)
</UL>
<P><STRONG><a name="[f]"></a>TMR1_IRQHandler</STRONG> (Thumb, 0 bytes, Stack size 0 bytes, startup_nano100series.o(.text))
<BR>[Address Reference Count : 1]<UL><LI> startup_nano100series.o(RESET)
</UL>
<P><STRONG><a name="[10]"></a>TMR2_IRQHandler</STRONG> (Thumb, 0 bytes, Stack size 0 bytes, startup_nano100series.o(.text))
<BR>[Address Reference Count : 1]<UL><LI> startup_nano100series.o(RESET)
</UL>
<P><STRONG><a name="[11]"></a>TMR3_IRQHandler</STRONG> (Thumb, 0 bytes, Stack size 0 bytes, startup_nano100series.o(.text))
<BR>[Address Reference Count : 1]<UL><LI> startup_nano100series.o(RESET)
</UL>
<P><STRONG><a name="[12]"></a>UART0_IRQHandler</STRONG> (Thumb, 0 bytes, Stack size 0 bytes, startup_nano100series.o(.text))
<BR>[Address Reference Count : 1]<UL><LI> startup_nano100series.o(RESET)
</UL>
<P><STRONG><a name="[13]"></a>UART1_IRQHandler</STRONG> (Thumb, 0 bytes, Stack size 0 bytes, startup_nano100series.o(.text))
<BR>[Address Reference Count : 1]<UL><LI> startup_nano100series.o(RESET)
</UL>
<P><STRONG><a name="[1d]"></a>USBD_IRQHandler</STRONG> (Thumb, 0 bytes, Stack size 0 bytes, startup_nano100series.o(.text))
<BR>[Address Reference Count : 1]<UL><LI> startup_nano100series.o(RESET)
</UL>
<P><STRONG><a name="[7]"></a>WDT_IRQHandler</STRONG> (Thumb, 0 bytes, Stack size 0 bytes, startup_nano100series.o(.text))
<BR>[Address Reference Count : 1]<UL><LI> startup_nano100series.o(RESET)
</UL>
<P><STRONG><a name="[4e]"></a>__aeabi_uidiv</STRONG> (Thumb, 0 bytes, Stack size 12 bytes, uidiv.o(.text), UNUSED)

<P><STRONG><a name="[2e]"></a>__aeabi_uidivmod</STRONG> (Thumb, 44 bytes, Stack size 12 bytes, uidiv.o(.text))
<BR><BR>[Stack]<UL><LI>Max Depth = 12<LI>Call Chain = __aeabi_uidivmod
</UL>
<BR>[Called By]<UL><LI><a href="#[3e]">&gt;&gt;</a>&nbsp;&nbsp;&nbsp;UART_Open
<LI><a href="#[38]">&gt;&gt;</a>&nbsp;&nbsp;&nbsp;SPI_SetBusClock
<LI><a href="#[36]">&gt;&gt;</a>&nbsp;&nbsp;&nbsp;CLK_SysTickDelay
<LI><a href="#[30]">&gt;&gt;</a>&nbsp;&nbsp;&nbsp;CLK_GetPLLClockFreq
<LI><a href="#[2d]">&gt;&gt;</a>&nbsp;&nbsp;&nbsp;CLK_EnablePLL
<LI><a href="#[33]">&gt;&gt;</a>&nbsp;&nbsp;&nbsp;SystemCoreClockUpdate
<LI><a href="#[3d]">&gt;&gt;</a>&nbsp;&nbsp;&nbsp;SysGet_PLLClockFreq
<LI><a href="#[3c]">&gt;&gt;</a>&nbsp;&nbsp;&nbsp;SysGet_HCLKFreq
</UL>

<P><STRONG><a name="[29]"></a>__scatterload</STRONG> (Thumb, 28 bytes, Stack size 0 bytes, init.o(.text))
<BR><BR>[Calls]<UL><LI><a href="#[2c]">&gt;&gt;</a>&nbsp;&nbsp;&nbsp;__main_after_scatterload
</UL>
<BR>[Called By]<UL><LI><a href="#[28]">&gt;&gt;</a>&nbsp;&nbsp;&nbsp;_main_scatterload
</UL>

<P><STRONG><a name="[4f]"></a>__scatterload_rt2</STRONG> (Thumb, 0 bytes, Stack size 0 bytes, init.o(.text), UNUSED)

<P><STRONG><a name="[3b]"></a>CLK_EnableModuleClock</STRONG> (Thumb, 24 bytes, Stack size 0 bytes, clk.o(i.CLK_EnableModuleClock))
<BR><BR>[Called By]<UL><LI><a href="#[39]">&gt;&gt;</a>&nbsp;&nbsp;&nbsp;SYS_Init
</UL>

<P><STRONG><a name="[50]"></a>__I$use$semihosting$fputc</STRONG> (Thumb, 0 bytes, Stack size 0 bytes, iusesemip.o(.text), UNUSED)

<P><STRONG><a name="[51]"></a>__semihosting_library_function</STRONG> (Thumb, 0 bytes, Stack size 0 bytes, semi.o(.text), UNUSED)

<P><STRONG><a name="[2d]"></a>CLK_EnablePLL</STRONG> (Thumb, 118 bytes, Stack size 32 bytes, clk.o(i.CLK_EnablePLL))
<BR><BR>[Stack]<UL><LI>Max Depth = 52<LI>Call Chain = CLK_EnablePLL &rArr; CLK_GetPLLClockFreq &rArr; __aeabi_uidivmod
</UL>
<BR>[Calls]<UL><LI><a href="#[2e]">&gt;&gt;</a>&nbsp;&nbsp;&nbsp;__aeabi_uidivmod
<LI><a href="#[2f]">&gt;&gt;</a>&nbsp;&nbsp;&nbsp;CLK_WaitClockReady
<LI><a href="#[30]">&gt;&gt;</a>&nbsp;&nbsp;&nbsp;CLK_GetPLLClockFreq
</UL>
<BR>[Called By]<UL><LI><a href="#[34]">&gt;&gt;</a>&nbsp;&nbsp;&nbsp;CLK_SetCoreClock
</UL>

<P><STRONG><a name="[31]"></a>CLK_EnableXtalRC</STRONG> (Thumb, 54 bytes, Stack size 8 bytes, clk.o(i.CLK_EnableXtalRC))
<BR><BR>[Stack]<UL><LI>Max Depth = 16<LI>Call Chain = CLK_EnableXtalRC &rArr; CLK_WaitClockReady
</UL>
<BR>[Calls]<UL><LI><a href="#[2f]">&gt;&gt;</a>&nbsp;&nbsp;&nbsp;CLK_WaitClockReady
</UL>
<BR>[Called By]<UL><LI><a href="#[34]">&gt;&gt;</a>&nbsp;&nbsp;&nbsp;CLK_SetCoreClock
</UL>

<P><STRONG><a name="[32]"></a>CLK_GetHCLKFreq</STRONG> (Thumb, 12 bytes, Stack size 8 bytes, clk.o(i.CLK_GetHCLKFreq))
<BR><BR>[Stack]<UL><LI>Max Depth = 44<LI>Call Chain = CLK_GetHCLKFreq &rArr; SystemCoreClockUpdate &rArr; SysGet_HCLKFreq &rArr; SysGet_PLLClockFreq &rArr; __aeabi_uidivmod
</UL>
<BR>[Calls]<UL><LI><a href="#[33]">&gt;&gt;</a>&nbsp;&nbsp;&nbsp;SystemCoreClockUpdate
</UL>
<BR>[Called By]<UL><LI><a href="#[38]">&gt;&gt;</a>&nbsp;&nbsp;&nbsp;SPI_SetBusClock
</UL>

<P><STRONG><a name="[30]"></a>CLK_GetPLLClockFreq</STRONG> (Thumb, 74 bytes, Stack size 8 bytes, clk.o(i.CLK_GetPLLClockFreq))
<BR><BR>[Stack]<UL><LI>Max Depth = 20<LI>Call Chain = CLK_GetPLLClockFreq &rArr; __aeabi_uidivmod
</UL>
<BR>[Calls]<UL><LI><a href="#[2e]">&gt;&gt;</a>&nbsp;&nbsp;&nbsp;__aeabi_uidivmod
</UL>
<BR>[Called By]<UL><LI><a href="#[38]">&gt;&gt;</a>&nbsp;&nbsp;&nbsp;SPI_SetBusClock
<LI><a href="#[2d]">&gt;&gt;</a>&nbsp;&nbsp;&nbsp;CLK_EnablePLL
</UL>

<P><STRONG><a name="[34]"></a>CLK_SetCoreClock</STRONG> (Thumb, 102 bytes, Stack size 24 bytes, clk.o(i.CLK_SetCoreClock))
<BR><BR>[Stack]<UL><LI>Max Depth = 92<LI>Call Chain = CLK_SetCoreClock &rArr; CLK_SetHCLK &rArr; SystemCoreClockUpdate &rArr; SysGet_HCLKFreq &rArr; SysGet_PLLClockFreq &rArr; __aeabi_uidivmod
</UL>
<BR>[Calls]<UL><LI><a href="#[35]">&gt;&gt;</a>&nbsp;&nbsp;&nbsp;CLK_SetHCLK
<LI><a href="#[31]">&gt;&gt;</a>&nbsp;&nbsp;&nbsp;CLK_EnableXtalRC
<LI><a href="#[2d]">&gt;&gt;</a>&nbsp;&nbsp;&nbsp;CLK_EnablePLL
</UL>
<BR>[Called By]<UL><LI><a href="#[39]">&gt;&gt;</a>&nbsp;&nbsp;&nbsp;SYS_Init
</UL>

<P><STRONG><a name="[35]"></a>CLK_SetHCLK</STRONG> (Thumb, 72 bytes, Stack size 32 bytes, clk.o(i.CLK_SetHCLK))
<BR><BR>[Stack]<UL><LI>Max Depth = 68<LI>Call Chain = CLK_SetHCLK &rArr; SystemCoreClockUpdate &rArr; SysGet_HCLKFreq &rArr; SysGet_PLLClockFreq &rArr; __aeabi_uidivmod
</UL>
<BR>[Calls]<UL><LI><a href="#[2f]">&gt;&gt;</a>&nbsp;&nbsp;&nbsp;CLK_WaitClockReady
<LI><a href="#[33]">&gt;&gt;</a>&nbsp;&nbsp;&nbsp;SystemCoreClockUpdate
</UL>
<BR>[Called By]<UL><LI><a href="#[34]">&gt;&gt;</a>&nbsp;&nbsp;&nbsp;CLK_SetCoreClock
</UL>

<P><STRONG><a name="[3a]"></a>CLK_SetModuleClock</STRONG> (Thumb, 74 bytes, Stack size 16 bytes, clk.o(i.CLK_SetModuleClock))
<BR><BR>[Stack]<UL><LI>Max Depth = 16<LI>Call Chain = CLK_SetModuleClock
</UL>
<BR>[Called By]<UL><LI><a href="#[39]">&gt;&gt;</a>&nbsp;&nbsp;&nbsp;SYS_Init
</UL>

<P><STRONG><a name="[36]"></a>CLK_SysTickDelay</STRONG> (Thumb, 72 bytes, Stack size 8 bytes, clk.o(i.CLK_SysTickDelay))
<BR><BR>[Stack]<UL><LI>Max Depth = 20<LI>Call Chain = CLK_SysTickDelay &rArr; __aeabi_uidivmod
</UL>
<BR>[Calls]<UL><LI><a href="#[2e]">&gt;&gt;</a>&nbsp;&nbsp;&nbsp;__aeabi_uidivmod
</UL>
<BR>[Called By]<UL><LI><a href="#[40]">&gt;&gt;</a>&nbsp;&nbsp;&nbsp;UC8151_write
<LI><a href="#[3f]">&gt;&gt;</a>&nbsp;&nbsp;&nbsp;UC8151_init
</UL>

<P><STRONG><a name="[2f]"></a>CLK_WaitClockReady</STRONG> (Thumb, 34 bytes, Stack size 8 bytes, clk.o(i.CLK_WaitClockReady))
<BR><BR>[Stack]<UL><LI>Max Depth = 8<LI>Call Chain = CLK_WaitClockReady
</UL>
<BR>[Called By]<UL><LI><a href="#[35]">&gt;&gt;</a>&nbsp;&nbsp;&nbsp;CLK_SetHCLK
<LI><a href="#[31]">&gt;&gt;</a>&nbsp;&nbsp;&nbsp;CLK_EnableXtalRC
<LI><a href="#[2d]">&gt;&gt;</a>&nbsp;&nbsp;&nbsp;CLK_EnablePLL
</UL>

<P><STRONG><a name="[42]"></a>GPIO_SetMode</STRONG> (Thumb, 40 bytes, Stack size 20 bytes, gpio.o(i.GPIO_SetMode))
<BR><BR>[Stack]<UL><LI>Max Depth = 20<LI>Call Chain = GPIO_SetMode
</UL>
<BR>[Called By]<UL><LI><a href="#[41]">&gt;&gt;</a>&nbsp;&nbsp;&nbsp;UC8151_io_init
</UL>

<P><STRONG><a name="[43]"></a>SPI_EnableAutoSS</STRONG> (Thumb, 18 bytes, Stack size 0 bytes, spi.o(i.SPI_EnableAutoSS))
<BR><BR>[Called By]<UL><LI><a href="#[41]">&gt;&gt;</a>&nbsp;&nbsp;&nbsp;UC8151_io_init
</UL>

<P><STRONG><a name="[37]"></a>SPI_Open</STRONG> (Thumb, 26 bytes, Stack size 8 bytes, spi.o(i.SPI_Open))
<BR><BR>[Stack]<UL><LI>Max Depth = 76<LI>Call Chain = SPI_Open &rArr; SPI_SetBusClock &rArr; CLK_GetHCLKFreq &rArr; SystemCoreClockUpdate &rArr; SysGet_HCLKFreq &rArr; SysGet_PLLClockFreq &rArr; __aeabi_uidivmod
</UL>
<BR>[Calls]<UL><LI><a href="#[38]">&gt;&gt;</a>&nbsp;&nbsp;&nbsp;SPI_SetBusClock
</UL>
<BR>[Called By]<UL><LI><a href="#[41]">&gt;&gt;</a>&nbsp;&nbsp;&nbsp;UC8151_io_init
</UL>

<P><STRONG><a name="[38]"></a>SPI_SetBusClock</STRONG> (Thumb, 100 bytes, Stack size 24 bytes, spi.o(i.SPI_SetBusClock))
<BR><BR>[Stack]<UL><LI>Max Depth = 68<LI>Call Chain = SPI_SetBusClock &rArr; CLK_GetHCLKFreq &rArr; SystemCoreClockUpdate &rArr; SysGet_HCLKFreq &rArr; SysGet_PLLClockFreq &rArr; __aeabi_uidivmod
</UL>
<BR>[Calls]<UL><LI><a href="#[2e]">&gt;&gt;</a>&nbsp;&nbsp;&nbsp;__aeabi_uidivmod
<LI><a href="#[30]">&gt;&gt;</a>&nbsp;&nbsp;&nbsp;CLK_GetPLLClockFreq
<LI><a href="#[32]">&gt;&gt;</a>&nbsp;&nbsp;&nbsp;CLK_GetHCLKFreq
</UL>
<BR>[Called By]<UL><LI><a href="#[37]">&gt;&gt;</a>&nbsp;&nbsp;&nbsp;SPI_Open
</UL>

<P><STRONG><a name="[39]"></a>SYS_Init</STRONG> (Thumb, 118 bytes, Stack size 16 bytes, main.o(i.SYS_Init))
<BR><BR>[Stack]<UL><LI>Max Depth = 108<LI>Call Chain = SYS_Init &rArr; CLK_SetCoreClock &rArr; CLK_SetHCLK &rArr; SystemCoreClockUpdate &rArr; SysGet_HCLKFreq &rArr; SysGet_PLLClockFreq &rArr; __aeabi_uidivmod
</UL>
<BR>[Calls]<UL><LI><a href="#[3a]">&gt;&gt;</a>&nbsp;&nbsp;&nbsp;CLK_SetModuleClock
<LI><a href="#[34]">&gt;&gt;</a>&nbsp;&nbsp;&nbsp;CLK_SetCoreClock
<LI><a href="#[3b]">&gt;&gt;</a>&nbsp;&nbsp;&nbsp;CLK_EnableModuleClock
<LI><a href="#[33]">&gt;&gt;</a>&nbsp;&nbsp;&nbsp;SystemCoreClockUpdate
</UL>
<BR>[Called By]<UL><LI><a href="#[25]">&gt;&gt;</a>&nbsp;&nbsp;&nbsp;main
</UL>

<P><STRONG><a name="[3c]"></a>SysGet_HCLKFreq</STRONG> (Thumb, 56 bytes, Stack size 8 bytes, system_nano100series.o(i.SysGet_HCLKFreq))
<BR><BR>[Stack]<UL><LI>Max Depth = 28<LI>Call Chain = SysGet_HCLKFreq &rArr; SysGet_PLLClockFreq &rArr; __aeabi_uidivmod
</UL>
<BR>[Calls]<UL><LI><a href="#[2e]">&gt;&gt;</a>&nbsp;&nbsp;&nbsp;__aeabi_uidivmod
<LI><a href="#[3d]">&gt;&gt;</a>&nbsp;&nbsp;&nbsp;SysGet_PLLClockFreq
</UL>
<BR>[Called By]<UL><LI><a href="#[33]">&gt;&gt;</a>&nbsp;&nbsp;&nbsp;SystemCoreClockUpdate
</UL>

<P><STRONG><a name="[3d]"></a>SysGet_PLLClockFreq</STRONG> (Thumb, 74 bytes, Stack size 8 bytes, system_nano100series.o(i.SysGet_PLLClockFreq))
<BR><BR>[Stack]<UL><LI>Max Depth = 20<LI>Call Chain = SysGet_PLLClockFreq &rArr; __aeabi_uidivmod
</UL>
<BR>[Calls]<UL><LI><a href="#[2e]">&gt;&gt;</a>&nbsp;&nbsp;&nbsp;__aeabi_uidivmod
</UL>
<BR>[Called By]<UL><LI><a href="#[3e]">&gt;&gt;</a>&nbsp;&nbsp;&nbsp;UART_Open
<LI><a href="#[3c]">&gt;&gt;</a>&nbsp;&nbsp;&nbsp;SysGet_HCLKFreq
</UL>

<P><STRONG><a name="[33]"></a>SystemCoreClockUpdate</STRONG> (Thumb, 24 bytes, Stack size 8 bytes, system_nano100series.o(i.SystemCoreClockUpdate))
<BR><BR>[Stack]<UL><LI>Max Depth = 36<LI>Call Chain = SystemCoreClockUpdate &rArr; SysGet_HCLKFreq &rArr; SysGet_PLLClockFreq &rArr; __aeabi_uidivmod
</UL>
<BR>[Calls]<UL><LI><a href="#[2e]">&gt;&gt;</a>&nbsp;&nbsp;&nbsp;__aeabi_uidivmod
<LI><a href="#[3c]">&gt;&gt;</a>&nbsp;&nbsp;&nbsp;SysGet_HCLKFreq
</UL>
<BR>[Called By]<UL><LI><a href="#[39]">&gt;&gt;</a>&nbsp;&nbsp;&nbsp;SYS_Init
<LI><a href="#[35]">&gt;&gt;</a>&nbsp;&nbsp;&nbsp;CLK_SetHCLK
<LI><a href="#[32]">&gt;&gt;</a>&nbsp;&nbsp;&nbsp;CLK_GetHCLKFreq
</UL>

<P><STRONG><a name="[3e]"></a>UART_Open</STRONG> (Thumb, 104 bytes, Stack size 32 bytes, uart.o(i.UART_Open))
<BR><BR>[Stack]<UL><LI>Max Depth = 52<LI>Call Chain = UART_Open &rArr; SysGet_PLLClockFreq &rArr; __aeabi_uidivmod
</UL>
<BR>[Calls]<UL><LI><a href="#[2e]">&gt;&gt;</a>&nbsp;&nbsp;&nbsp;__aeabi_uidivmod
<LI><a href="#[3d]">&gt;&gt;</a>&nbsp;&nbsp;&nbsp;SysGet_PLLClockFreq
</UL>
<BR>[Called By]<UL><LI><a href="#[25]">&gt;&gt;</a>&nbsp;&nbsp;&nbsp;main
</UL>

<P><STRONG><a name="[3f]"></a>UC8151_init</STRONG> (Thumb, 142 bytes, Stack size 24 bytes, main.o(i.UC8151_init))
<BR><BR>[Stack]<UL><LI>Max Depth = 52<LI>Call Chain = UC8151_init &rArr; UC8151_write &rArr; CLK_SysTickDelay &rArr; __aeabi_uidivmod
</UL>
<BR>[Calls]<UL><LI><a href="#[40]">&gt;&gt;</a>&nbsp;&nbsp;&nbsp;UC8151_write
<LI><a href="#[36]">&gt;&gt;</a>&nbsp;&nbsp;&nbsp;CLK_SysTickDelay
</UL>
<BR>[Called By]<UL><LI><a href="#[25]">&gt;&gt;</a>&nbsp;&nbsp;&nbsp;main
</UL>

<P><STRONG><a name="[41]"></a>UC8151_io_init</STRONG> (Thumb, 78 bytes, Stack size 16 bytes, main.o(i.UC8151_io_init))
<BR><BR>[Stack]<UL><LI>Max Depth = 92<LI>Call Chain = UC8151_io_init &rArr; SPI_Open &rArr; SPI_SetBusClock &rArr; CLK_GetHCLKFreq &rArr; SystemCoreClockUpdate &rArr; SysGet_HCLKFreq &rArr; SysGet_PLLClockFreq &rArr; __aeabi_uidivmod
</UL>
<BR>[Calls]<UL><LI><a href="#[42]">&gt;&gt;</a>&nbsp;&nbsp;&nbsp;GPIO_SetMode
<LI><a href="#[37]">&gt;&gt;</a>&nbsp;&nbsp;&nbsp;SPI_Open
<LI><a href="#[43]">&gt;&gt;</a>&nbsp;&nbsp;&nbsp;SPI_EnableAutoSS
</UL>
<BR>[Called By]<UL><LI><a href="#[25]">&gt;&gt;</a>&nbsp;&nbsp;&nbsp;main
</UL>

<P><STRONG><a name="[44]"></a>UC8151_send_frame</STRONG> (Thumb, 124 bytes, Stack size 24 bytes, main.o(i.UC8151_send_frame))
<BR><BR>[Stack]<UL><LI>Max Depth = 52<LI>Call Chain = UC8151_send_frame &rArr; UC8151_write &rArr; CLK_SysTickDelay &rArr; __aeabi_uidivmod
</UL>
<BR>[Calls]<UL><LI><a href="#[40]">&gt;&gt;</a>&nbsp;&nbsp;&nbsp;UC8151_write
</UL>
<BR>[Called By]<UL><LI><a href="#[25]">&gt;&gt;</a>&nbsp;&nbsp;&nbsp;main
</UL>

<P><STRONG><a name="[40]"></a>UC8151_write</STRONG> (Thumb, 42 bytes, Stack size 8 bytes, main.o(i.UC8151_write))
<BR><BR>[Stack]<UL><LI>Max Depth = 28<LI>Call Chain = UC8151_write &rArr; CLK_SysTickDelay &rArr; __aeabi_uidivmod
</UL>
<BR>[Calls]<UL><LI><a href="#[36]">&gt;&gt;</a>&nbsp;&nbsp;&nbsp;CLK_SysTickDelay
</UL>
<BR>[Called By]<UL><LI><a href="#[44]">&gt;&gt;</a>&nbsp;&nbsp;&nbsp;UC8151_send_frame
<LI><a href="#[3f]">&gt;&gt;</a>&nbsp;&nbsp;&nbsp;UC8151_init
</UL>

<P><STRONG><a name="[45]"></a>__0printf$bare</STRONG> (Thumb, 12 bytes, Stack size 8 bytes, printfb.o(i.__0printf$bare), UNUSED)
<BR><BR>[Calls]<UL><LI><a href="#[46]">&gt;&gt;</a>&nbsp;&nbsp;&nbsp;_printf_core
</UL>

<P><STRONG><a name="[52]"></a>__1printf$bare</STRONG> (Thumb, 0 bytes, Stack size 8 bytes, printfb.o(i.__0printf$bare), UNUSED)

<P><STRONG><a name="[47]"></a>__2printf</STRONG> (Thumb, 0 bytes, Stack size 8 bytes, printfb.o(i.__0printf$bare))
<BR><BR>[Stack]<UL><LI>Max Depth = 8<LI>Call Chain = __2printf
</UL>
<BR>[Called By]<UL><LI><a href="#[25]">&gt;&gt;</a>&nbsp;&nbsp;&nbsp;main
</UL>

<P><STRONG><a name="[53]"></a>__scatterload_copy</STRONG> (Thumb, 14 bytes, Stack size unknown bytes, handlers.o(i.__scatterload_copy), UNUSED)

<P><STRONG><a name="[54]"></a>__scatterload_null</STRONG> (Thumb, 2 bytes, Stack size unknown bytes, handlers.o(i.__scatterload_null), UNUSED)

<P><STRONG><a name="[55]"></a>__scatterload_zeroinit</STRONG> (Thumb, 14 bytes, Stack size unknown bytes, handlers.o(i.__scatterload_zeroinit), UNUSED)

<P><STRONG><a name="[27]"></a>fputc</STRONG> (Thumb, 18 bytes, Stack size 16 bytes, fputc.o(i.fputc))
<BR><BR>[Stack]<UL><LI>Max Depth = 16<LI>Call Chain = fputc
</UL>
<BR>[Address Reference Count : 1]<UL><LI> printfb.o(i.__0printf$bare)
</UL>
<P><STRONG><a name="[25]"></a>main</STRONG> (Thumb, 44 bytes, Stack size 0 bytes, main.o(i.main))
<BR><BR>[Stack]<UL><LI>Max Depth = 108<LI>Call Chain = main &rArr; SYS_Init &rArr; CLK_SetCoreClock &rArr; CLK_SetHCLK &rArr; SystemCoreClockUpdate &rArr; SysGet_HCLKFreq &rArr; SysGet_PLLClockFreq &rArr; __aeabi_uidivmod
</UL>
<BR>[Calls]<UL><LI><a href="#[47]">&gt;&gt;</a>&nbsp;&nbsp;&nbsp;__2printf
<LI><a href="#[44]">&gt;&gt;</a>&nbsp;&nbsp;&nbsp;UC8151_send_frame
<LI><a href="#[41]">&gt;&gt;</a>&nbsp;&nbsp;&nbsp;UC8151_io_init
<LI><a href="#[3f]">&gt;&gt;</a>&nbsp;&nbsp;&nbsp;UC8151_init
<LI><a href="#[39]">&gt;&gt;</a>&nbsp;&nbsp;&nbsp;SYS_Init
<LI><a href="#[3e]">&gt;&gt;</a>&nbsp;&nbsp;&nbsp;UART_Open
</UL>
<BR>[Address Reference Count : 1]<UL><LI> entry9a.o(.ARM.Collect$$$$0000000B)
</UL><P>
<H3>
Local Symbols
</H3>
<P><STRONG><a name="[46]"></a>_printf_core</STRONG> (Thumb, 30 bytes, Stack size 24 bytes, printfb.o(i._printf_core), UNUSED)
<BR><BR>[Called By]<UL><LI><a href="#[45]">&gt;&gt;</a>&nbsp;&nbsp;&nbsp;__0printf$bare
</UL>
<P>
<H3>
Undefined Global Symbols
</H3>
<P><STRONG><a name="[2b]"></a>__arm_fini_</STRONG> (Unknown, 0 bytes, Stack size 0 bytes, UNDEFINED)
<BR><BR>[Called By]<UL><LI><a href="#[2a]">&gt;&gt;</a>&nbsp;&nbsp;&nbsp;__rt_lib_shutdown_fini
</UL>
<HR></body></html>
