Component: ARM Compiler 5.06 update 7 (build 960) Tool: armlink [4d3601]

==============================================================================

Section Cross References

    system_nano100series.o(i.SysGet_HCLKFreq) refers to system_nano100series.o(i.SysGet_PLLClockFreq) for SysGet_PLLClockFreq
    system_nano100series.o(i.SysGet_HCLKFreq) refers to uidiv.o(.text) for __aeabi_uidivmod
    system_nano100series.o(i.SysGet_PLLClockFreq) refers to uidiv.o(.text) for __aeabi_uidivmod
    system_nano100series.o(i.SystemCoreClockUpdate) refers to system_nano100series.o(i.SysGet_HCLKFreq) for SysGet_HCLKFreq
    system_nano100series.o(i.SystemCoreClockUpdate) refers to uidiv.o(.text) for __aeabi_uidivmod
    system_nano100series.o(i.SystemCoreClockUpdate) refers to system_nano100series.o(.data) for .data
    startup_nano100series.o(RESET) refers to startup_nano100series.o(STACK) for __initial_sp
    startup_nano100series.o(RESET) refers to startup_nano100series.o(.text) for Reset_Handler
    startup_nano100series.o(.text) refers to entry.o(.ARM.Collect$$$$00000000) for __main
    clk.o(i.CLK_EnablePLL) refers to uidiv.o(.text) for __aeabi_uidivmod
    clk.o(i.CLK_EnablePLL) refers to clk.o(i.CLK_WaitClockReady) for CLK_WaitClockReady
    clk.o(i.CLK_EnablePLL) refers to clk.o(i.CLK_GetPLLClockFreq) for CLK_GetPLLClockFreq
    clk.o(i.CLK_EnablePLL) refers to clk.o(.constdata) for .constdata
    clk.o(i.CLK_EnableXtalRC) refers to clk.o(i.CLK_WaitClockReady) for CLK_WaitClockReady
    clk.o(i.CLK_GetCPUFreq) refers to system_nano100series.o(i.SystemCoreClockUpdate) for SystemCoreClockUpdate
    clk.o(i.CLK_GetCPUFreq) refers to system_nano100series.o(.data) for SystemCoreClock
    clk.o(i.CLK_GetHCLKFreq) refers to system_nano100series.o(i.SystemCoreClockUpdate) for SystemCoreClockUpdate
    clk.o(i.CLK_GetHCLKFreq) refers to system_nano100series.o(.data) for SystemCoreClock
    clk.o(i.CLK_GetPLLClockFreq) refers to uidiv.o(.text) for __aeabi_uidivmod
    clk.o(i.CLK_SetCoreClock) refers to clk.o(i.CLK_EnableXtalRC) for CLK_EnableXtalRC
    clk.o(i.CLK_SetCoreClock) refers to clk.o(i.CLK_SetHCLK) for CLK_SetHCLK
    clk.o(i.CLK_SetCoreClock) refers to clk.o(i.CLK_EnablePLL) for CLK_EnablePLL
    clk.o(i.CLK_SetCoreClock) refers to system_nano100series.o(.data) for SystemCoreClock
    clk.o(i.CLK_SetHCLK) refers to clk.o(i.CLK_WaitClockReady) for CLK_WaitClockReady
    clk.o(i.CLK_SetHCLK) refers to system_nano100series.o(i.SystemCoreClockUpdate) for SystemCoreClockUpdate
    clk.o(i.CLK_SysTickDelay) refers to uidiv.o(.text) for __aeabi_uidivmod
    clk.o(i.CLK_SysTickDelay) refers to system_nano100series.o(.data) for SystemCoreClock
    spi.o(i.SPI_GetBusClock) refers to clk.o(i.CLK_GetHCLKFreq) for CLK_GetHCLKFreq
    spi.o(i.SPI_GetBusClock) refers to clk.o(i.CLK_GetPLLClockFreq) for CLK_GetPLLClockFreq
    spi.o(i.SPI_GetBusClock) refers to uidiv.o(.text) for __aeabi_uidivmod
    spi.o(i.SPI_Open) refers to spi.o(i.SPI_SetBusClock) for SPI_SetBusClock
    spi.o(i.SPI_SetBusClock) refers to clk.o(i.CLK_GetHCLKFreq) for CLK_GetHCLKFreq
    spi.o(i.SPI_SetBusClock) refers to clk.o(i.CLK_GetPLLClockFreq) for CLK_GetPLLClockFreq
    spi.o(i.SPI_SetBusClock) refers to uidiv.o(.text) for __aeabi_uidivmod
    uart.o(i.UART_Open) refers to system_nano100series.o(i.SysGet_PLLClockFreq) for SysGet_PLLClockFreq
    uart.o(i.UART_Open) refers to uidiv.o(.text) for __aeabi_uidivmod
    uart.o(i.UART_Open) refers to uart.o(.constdata) for .constdata
    uart.o(i.UART_SelectIrDAMode) refers to system_nano100series.o(i.SysGet_PLLClockFreq) for SysGet_PLLClockFreq
    uart.o(i.UART_SelectIrDAMode) refers to uidiv.o(.text) for __aeabi_uidivmod
    uart.o(i.UART_SelectIrDAMode) refers to uart.o(.constdata) for .constdata
    uart.o(i.UART_SetLine_Config) refers to system_nano100series.o(i.SysGet_PLLClockFreq) for SysGet_PLLClockFreq
    uart.o(i.UART_SetLine_Config) refers to uidiv.o(.text) for __aeabi_uidivmod
    uart.o(i.UART_SetLine_Config) refers to uart.o(.constdata) for .constdata
    main.o(i.SYS_Init) refers to clk.o(i.CLK_SetCoreClock) for CLK_SetCoreClock
    main.o(i.SYS_Init) refers to clk.o(i.CLK_SetModuleClock) for CLK_SetModuleClock
    main.o(i.SYS_Init) refers to clk.o(i.CLK_EnableModuleClock) for CLK_EnableModuleClock
    main.o(i.SYS_Init) refers to system_nano100series.o(i.SystemCoreClockUpdate) for SystemCoreClockUpdate
    main.o(i.UC8151_init) refers to clk.o(i.CLK_SysTickDelay) for CLK_SysTickDelay
    main.o(i.UC8151_init) refers to main.o(i.UC8151_write) for UC8151_write
    main.o(i.UC8151_io_init) refers to gpio.o(i.GPIO_SetMode) for GPIO_SetMode
    main.o(i.UC8151_io_init) refers to spi.o(i.SPI_Open) for SPI_Open
    main.o(i.UC8151_io_init) refers to spi.o(i.SPI_EnableAutoSS) for SPI_EnableAutoSS
    main.o(i.UC8151_send_frame) refers to main.o(i.UC8151_write) for UC8151_write
    main.o(i.UC8151_write) refers to clk.o(i.CLK_SysTickDelay) for CLK_SysTickDelay
    main.o(i.main) refers to main.o(i.SYS_Init) for SYS_Init
    main.o(i.main) refers to uart.o(i.UART_Open) for UART_Open
    main.o(i.main) refers to main.o(i.UC8151_io_init) for UC8151_io_init
    main.o(i.main) refers to main.o(i.UC8151_init) for UC8151_init
    main.o(i.main) refers to printfb.o(i.__0printf$bare) for __2printf
    main.o(i.main) refers to main.o(i.UC8151_send_frame) for UC8151_send_frame
    main.o(i.main) refers to main.o(.constdata) for .constdata
    entry.o(.ARM.Collect$$$$00000000) refers (Special) to entry10a.o(.ARM.Collect$$$$0000000F) for __rt_final_cpp
    entry.o(.ARM.Collect$$$$00000000) refers (Special) to entry11a.o(.ARM.Collect$$$$00000011) for __rt_final_exit
    entry.o(.ARM.Collect$$$$00000000) refers (Special) to entry12b.o(.ARM.Collect$$$$0000000E) for __rt_lib_shutdown_fini
    entry.o(.ARM.Collect$$$$00000000) refers (Special) to entry7b.o(.ARM.Collect$$$$00000008) for _main_clock
    entry.o(.ARM.Collect$$$$00000000) refers (Special) to entry8b.o(.ARM.Collect$$$$0000000A) for _main_cpp_init
    entry.o(.ARM.Collect$$$$00000000) refers (Special) to entry9a.o(.ARM.Collect$$$$0000000B) for _main_init
    entry.o(.ARM.Collect$$$$00000000) refers (Special) to entry5.o(.ARM.Collect$$$$00000004) for _main_scatterload
    entry.o(.ARM.Collect$$$$00000000) refers (Special) to entry2.o(.ARM.Collect$$$$00000001) for _main_stk
    printfb.o(i.__0fprintf$bare) refers to printfb.o(i._printf_core) for _printf_core
    printfb.o(i.__0fprintf$bare) refers to fputc.o(i.fputc) for fputc
    printfb.o(i.__0printf$bare) refers to printfb.o(i._printf_core) for _printf_core
    printfb.o(i.__0printf$bare) refers to fputc.o(i.fputc) for fputc
    printfb.o(i.__0printf$bare) refers to stdout.o(.data) for __stdout
    printfb.o(i.__0snprintf$bare) refers to printfb.o(i._printf_core) for _printf_core
    printfb.o(i.__0snprintf$bare) refers to printfb.o(i._snputc) for _snputc
    printfb.o(i.__0sprintf$bare) refers to printfb.o(i._printf_core) for _printf_core
    printfb.o(i.__0sprintf$bare) refers to printfb.o(i._sputc) for _sputc
    printfb.o(i.__0vfprintf$bare) refers to printfb.o(i._printf_core) for _printf_core
    printfb.o(i.__0vfprintf$bare) refers to fputc.o(i.fputc) for fputc
    printfb.o(i.__0vprintf$bare) refers to printfb.o(i._printf_core) for _printf_core
    printfb.o(i.__0vprintf$bare) refers to fputc.o(i.fputc) for fputc
    printfb.o(i.__0vprintf$bare) refers to stdout.o(.data) for __stdout
    printfb.o(i.__0vsnprintf$bare) refers to printfb.o(i._printf_core) for _printf_core
    printfb.o(i.__0vsnprintf$bare) refers to printfb.o(i._snputc) for _snputc
    printfb.o(i.__0vsprintf$bare) refers to printfb.o(i._printf_core) for _printf_core
    printfb.o(i.__0vsprintf$bare) refers to printfb.o(i._sputc) for _sputc
    printf0.o(i.__0fprintf$0) refers to printf0.o(i._printf_core) for _printf_core
    printf0.o(i.__0fprintf$0) refers to fputc.o(i.fputc) for fputc
    printf0.o(i.__0printf$0) refers to printf0.o(i._printf_core) for _printf_core
    printf0.o(i.__0printf$0) refers to fputc.o(i.fputc) for fputc
    printf0.o(i.__0printf$0) refers to stdout.o(.data) for __stdout
    printf0.o(i.__0snprintf$0) refers to printf0.o(i._printf_core) for _printf_core
    printf0.o(i.__0snprintf$0) refers to printf0.o(i._snputc) for _snputc
    printf0.o(i.__0sprintf$0) refers to printf0.o(i._printf_core) for _printf_core
    printf0.o(i.__0sprintf$0) refers to printf0.o(i._sputc) for _sputc
    printf0.o(i.__0vfprintf$0) refers to printf0.o(i._printf_core) for _printf_core
    printf0.o(i.__0vfprintf$0) refers to fputc.o(i.fputc) for fputc
    printf0.o(i.__0vprintf$0) refers to printf0.o(i._printf_core) for _printf_core
    printf0.o(i.__0vprintf$0) refers to fputc.o(i.fputc) for fputc
    printf0.o(i.__0vprintf$0) refers to stdout.o(.data) for __stdout
    printf0.o(i.__0vsnprintf$0) refers to printf0.o(i._printf_core) for _printf_core
    printf0.o(i.__0vsnprintf$0) refers to printf0.o(i._snputc) for _snputc
    printf0.o(i.__0vsprintf$0) refers to printf0.o(i._printf_core) for _printf_core
    printf0.o(i.__0vsprintf$0) refers to printf0.o(i._sputc) for _sputc
    printf1.o(i.__0fprintf$1) refers to printf1.o(i._printf_core) for _printf_core
    printf1.o(i.__0fprintf$1) refers to fputc.o(i.fputc) for fputc
    printf1.o(i.__0printf$1) refers to printf1.o(i._printf_core) for _printf_core
    printf1.o(i.__0printf$1) refers to fputc.o(i.fputc) for fputc
    printf1.o(i.__0printf$1) refers to stdout.o(.data) for __stdout
    printf1.o(i.__0snprintf$1) refers to printf1.o(i._printf_core) for _printf_core
    printf1.o(i.__0snprintf$1) refers to printf1.o(i._snputc) for _snputc
    printf1.o(i.__0sprintf$1) refers to printf1.o(i._printf_core) for _printf_core
    printf1.o(i.__0sprintf$1) refers to printf1.o(i._sputc) for _sputc
    printf1.o(i.__0vfprintf$1) refers to printf1.o(i._printf_core) for _printf_core
    printf1.o(i.__0vfprintf$1) refers to fputc.o(i.fputc) for fputc
    printf1.o(i.__0vprintf$1) refers to printf1.o(i._printf_core) for _printf_core
    printf1.o(i.__0vprintf$1) refers to fputc.o(i.fputc) for fputc
    printf1.o(i.__0vprintf$1) refers to stdout.o(.data) for __stdout
    printf1.o(i.__0vsnprintf$1) refers to printf1.o(i._printf_core) for _printf_core
    printf1.o(i.__0vsnprintf$1) refers to printf1.o(i._snputc) for _snputc
    printf1.o(i.__0vsprintf$1) refers to printf1.o(i._printf_core) for _printf_core
    printf1.o(i.__0vsprintf$1) refers to printf1.o(i._sputc) for _sputc
    printf1.o(i._printf_core) refers to uidiv.o(.text) for __aeabi_uidivmod
    printf2.o(i.__0fprintf$2) refers to printf2.o(i._printf_core) for _printf_core
    printf2.o(i.__0fprintf$2) refers to fputc.o(i.fputc) for fputc
    printf2.o(i.__0printf$2) refers to printf2.o(i._printf_core) for _printf_core
    printf2.o(i.__0printf$2) refers to fputc.o(i.fputc) for fputc
    printf2.o(i.__0printf$2) refers to stdout.o(.data) for __stdout
    printf2.o(i.__0snprintf$2) refers to printf2.o(i._printf_core) for _printf_core
    printf2.o(i.__0snprintf$2) refers to printf2.o(i._snputc) for _snputc
    printf2.o(i.__0sprintf$2) refers to printf2.o(i._printf_core) for _printf_core
    printf2.o(i.__0sprintf$2) refers to printf2.o(i._sputc) for _sputc
    printf2.o(i.__0vfprintf$2) refers to printf2.o(i._printf_core) for _printf_core
    printf2.o(i.__0vfprintf$2) refers to fputc.o(i.fputc) for fputc
    printf2.o(i.__0vprintf$2) refers to printf2.o(i._printf_core) for _printf_core
    printf2.o(i.__0vprintf$2) refers to fputc.o(i.fputc) for fputc
    printf2.o(i.__0vprintf$2) refers to stdout.o(.data) for __stdout
    printf2.o(i.__0vsnprintf$2) refers to printf2.o(i._printf_core) for _printf_core
    printf2.o(i.__0vsnprintf$2) refers to printf2.o(i._snputc) for _snputc
    printf2.o(i.__0vsprintf$2) refers to printf2.o(i._printf_core) for _printf_core
    printf2.o(i.__0vsprintf$2) refers to printf2.o(i._sputc) for _sputc
    printf3.o(i.__0fprintf$3) refers to printf3.o(i._printf_core) for _printf_core
    printf3.o(i.__0fprintf$3) refers to fputc.o(i.fputc) for fputc
    printf3.o(i.__0printf$3) refers to printf3.o(i._printf_core) for _printf_core
    printf3.o(i.__0printf$3) refers to fputc.o(i.fputc) for fputc
    printf3.o(i.__0printf$3) refers to stdout.o(.data) for __stdout
    printf3.o(i.__0snprintf$3) refers to printf3.o(i._printf_core) for _printf_core
    printf3.o(i.__0snprintf$3) refers to printf3.o(i._snputc) for _snputc
    printf3.o(i.__0sprintf$3) refers to printf3.o(i._printf_core) for _printf_core
    printf3.o(i.__0sprintf$3) refers to printf3.o(i._sputc) for _sputc
    printf3.o(i.__0vfprintf$3) refers to printf3.o(i._printf_core) for _printf_core
    printf3.o(i.__0vfprintf$3) refers to fputc.o(i.fputc) for fputc
    printf3.o(i.__0vprintf$3) refers to printf3.o(i._printf_core) for _printf_core
    printf3.o(i.__0vprintf$3) refers to fputc.o(i.fputc) for fputc
    printf3.o(i.__0vprintf$3) refers to stdout.o(.data) for __stdout
    printf3.o(i.__0vsnprintf$3) refers to printf3.o(i._printf_core) for _printf_core
    printf3.o(i.__0vsnprintf$3) refers to printf3.o(i._snputc) for _snputc
    printf3.o(i.__0vsprintf$3) refers to printf3.o(i._printf_core) for _printf_core
    printf3.o(i.__0vsprintf$3) refers to printf3.o(i._sputc) for _sputc
    printf3.o(i._printf_core) refers to uidiv.o(.text) for __aeabi_uidivmod
    printf4.o(i.__0fprintf$4) refers to printf4.o(i._printf_core) for _printf_core
    printf4.o(i.__0fprintf$4) refers to fputc.o(i.fputc) for fputc
    printf4.o(i.__0printf$4) refers to printf4.o(i._printf_core) for _printf_core
    printf4.o(i.__0printf$4) refers to fputc.o(i.fputc) for fputc
    printf4.o(i.__0printf$4) refers to stdout.o(.data) for __stdout
    printf4.o(i.__0snprintf$4) refers to printf4.o(i._printf_core) for _printf_core
    printf4.o(i.__0snprintf$4) refers to printf4.o(i._snputc) for _snputc
    printf4.o(i.__0sprintf$4) refers to printf4.o(i._printf_core) for _printf_core
    printf4.o(i.__0sprintf$4) refers to printf4.o(i._sputc) for _sputc
    printf4.o(i.__0vfprintf$4) refers to printf4.o(i._printf_core) for _printf_core
    printf4.o(i.__0vfprintf$4) refers to fputc.o(i.fputc) for fputc
    printf4.o(i.__0vprintf$4) refers to printf4.o(i._printf_core) for _printf_core
    printf4.o(i.__0vprintf$4) refers to fputc.o(i.fputc) for fputc
    printf4.o(i.__0vprintf$4) refers to stdout.o(.data) for __stdout
    printf4.o(i.__0vsnprintf$4) refers to printf4.o(i._printf_core) for _printf_core
    printf4.o(i.__0vsnprintf$4) refers to printf4.o(i._snputc) for _snputc
    printf4.o(i.__0vsprintf$4) refers to printf4.o(i._printf_core) for _printf_core
    printf4.o(i.__0vsprintf$4) refers to printf4.o(i._sputc) for _sputc
    printf4.o(i._printf_core) refers to uldiv.o(.text) for __aeabi_uldivmod
    printf5.o(i.__0fprintf$5) refers to printf5.o(i._printf_core) for _printf_core
    printf5.o(i.__0fprintf$5) refers to fputc.o(i.fputc) for fputc
    printf5.o(i.__0printf$5) refers to printf5.o(i._printf_core) for _printf_core
    printf5.o(i.__0printf$5) refers to fputc.o(i.fputc) for fputc
    printf5.o(i.__0printf$5) refers to stdout.o(.data) for __stdout
    printf5.o(i.__0snprintf$5) refers to printf5.o(i._printf_core) for _printf_core
    printf5.o(i.__0snprintf$5) refers to printf5.o(i._snputc) for _snputc
    printf5.o(i.__0sprintf$5) refers to printf5.o(i._printf_core) for _printf_core
    printf5.o(i.__0sprintf$5) refers to printf5.o(i._sputc) for _sputc
    printf5.o(i.__0vfprintf$5) refers to printf5.o(i._printf_core) for _printf_core
    printf5.o(i.__0vfprintf$5) refers to fputc.o(i.fputc) for fputc
    printf5.o(i.__0vprintf$5) refers to printf5.o(i._printf_core) for _printf_core
    printf5.o(i.__0vprintf$5) refers to fputc.o(i.fputc) for fputc
    printf5.o(i.__0vprintf$5) refers to stdout.o(.data) for __stdout
    printf5.o(i.__0vsnprintf$5) refers to printf5.o(i._printf_core) for _printf_core
    printf5.o(i.__0vsnprintf$5) refers to printf5.o(i._snputc) for _snputc
    printf5.o(i.__0vsprintf$5) refers to printf5.o(i._printf_core) for _printf_core
    printf5.o(i.__0vsprintf$5) refers to printf5.o(i._sputc) for _sputc
    printf5.o(i._printf_core) refers to uldiv.o(.text) for __aeabi_uldivmod
    printf6.o(i.__0fprintf$6) refers to printf6.o(i._printf_core) for _printf_core
    printf6.o(i.__0fprintf$6) refers to fputc.o(i.fputc) for fputc
    printf6.o(i.__0printf$6) refers to printf6.o(i._printf_core) for _printf_core
    printf6.o(i.__0printf$6) refers to fputc.o(i.fputc) for fputc
    printf6.o(i.__0printf$6) refers to stdout.o(.data) for __stdout
    printf6.o(i.__0snprintf$6) refers to printf6.o(i._printf_core) for _printf_core
    printf6.o(i.__0snprintf$6) refers to printf6.o(i._snputc) for _snputc
    printf6.o(i.__0sprintf$6) refers to printf6.o(i._printf_core) for _printf_core
    printf6.o(i.__0sprintf$6) refers to printf6.o(i._sputc) for _sputc
    printf6.o(i.__0vfprintf$6) refers to printf6.o(i._printf_core) for _printf_core
    printf6.o(i.__0vfprintf$6) refers to fputc.o(i.fputc) for fputc
    printf6.o(i.__0vprintf$6) refers to printf6.o(i._printf_core) for _printf_core
    printf6.o(i.__0vprintf$6) refers to fputc.o(i.fputc) for fputc
    printf6.o(i.__0vprintf$6) refers to stdout.o(.data) for __stdout
    printf6.o(i.__0vsnprintf$6) refers to printf6.o(i._printf_core) for _printf_core
    printf6.o(i.__0vsnprintf$6) refers to printf6.o(i._snputc) for _snputc
    printf6.o(i.__0vsprintf$6) refers to printf6.o(i._printf_core) for _printf_core
    printf6.o(i.__0vsprintf$6) refers to printf6.o(i._sputc) for _sputc
    printf6.o(i._printf_core) refers to printf6.o(i._printf_pre_padding) for _printf_pre_padding
    printf6.o(i._printf_core) refers to printf6.o(i._printf_post_padding) for _printf_post_padding
    printf6.o(i._printf_core) refers to uidiv.o(.text) for __aeabi_uidivmod
    printf7.o(i.__0fprintf$7) refers to printf7.o(i._printf_core) for _printf_core
    printf7.o(i.__0fprintf$7) refers to fputc.o(i.fputc) for fputc
    printf7.o(i.__0printf$7) refers to printf7.o(i._printf_core) for _printf_core
    printf7.o(i.__0printf$7) refers to fputc.o(i.fputc) for fputc
    printf7.o(i.__0printf$7) refers to stdout.o(.data) for __stdout
    printf7.o(i.__0snprintf$7) refers to printf7.o(i._printf_core) for _printf_core
    printf7.o(i.__0snprintf$7) refers to printf7.o(i._snputc) for _snputc
    printf7.o(i.__0sprintf$7) refers to printf7.o(i._printf_core) for _printf_core
    printf7.o(i.__0sprintf$7) refers to printf7.o(i._sputc) for _sputc
    printf7.o(i.__0vfprintf$7) refers to printf7.o(i._printf_core) for _printf_core
    printf7.o(i.__0vfprintf$7) refers to fputc.o(i.fputc) for fputc
    printf7.o(i.__0vprintf$7) refers to printf7.o(i._printf_core) for _printf_core
    printf7.o(i.__0vprintf$7) refers to fputc.o(i.fputc) for fputc
    printf7.o(i.__0vprintf$7) refers to stdout.o(.data) for __stdout
    printf7.o(i.__0vsnprintf$7) refers to printf7.o(i._printf_core) for _printf_core
    printf7.o(i.__0vsnprintf$7) refers to printf7.o(i._snputc) for _snputc
    printf7.o(i.__0vsprintf$7) refers to printf7.o(i._printf_core) for _printf_core
    printf7.o(i.__0vsprintf$7) refers to printf7.o(i._sputc) for _sputc
    printf7.o(i._printf_core) refers to printf7.o(i._printf_pre_padding) for _printf_pre_padding
    printf7.o(i._printf_core) refers to printf7.o(i._printf_post_padding) for _printf_post_padding
    printf7.o(i._printf_core) refers to uldiv.o(.text) for __aeabi_uldivmod
    printf8.o(i.__0fprintf$8) refers to printf8.o(i._printf_core) for _printf_core
    printf8.o(i.__0fprintf$8) refers to fputc.o(i.fputc) for fputc
    printf8.o(i.__0printf$8) refers to printf8.o(i._printf_core) for _printf_core
    printf8.o(i.__0printf$8) refers to fputc.o(i.fputc) for fputc
    printf8.o(i.__0printf$8) refers to stdout.o(.data) for __stdout
    printf8.o(i.__0snprintf$8) refers to printf8.o(i._printf_core) for _printf_core
    printf8.o(i.__0snprintf$8) refers to printf8.o(i._snputc) for _snputc
    printf8.o(i.__0sprintf$8) refers to printf8.o(i._printf_core) for _printf_core
    printf8.o(i.__0sprintf$8) refers to printf8.o(i._sputc) for _sputc
    printf8.o(i.__0vfprintf$8) refers to printf8.o(i._printf_core) for _printf_core
    printf8.o(i.__0vfprintf$8) refers to fputc.o(i.fputc) for fputc
    printf8.o(i.__0vprintf$8) refers to printf8.o(i._printf_core) for _printf_core
    printf8.o(i.__0vprintf$8) refers to fputc.o(i.fputc) for fputc
    printf8.o(i.__0vprintf$8) refers to stdout.o(.data) for __stdout
    printf8.o(i.__0vsnprintf$8) refers to printf8.o(i._printf_core) for _printf_core
    printf8.o(i.__0vsnprintf$8) refers to printf8.o(i._snputc) for _snputc
    printf8.o(i.__0vsprintf$8) refers to printf8.o(i._printf_core) for _printf_core
    printf8.o(i.__0vsprintf$8) refers to printf8.o(i._sputc) for _sputc
    printf8.o(i._printf_core) refers to printf8.o(i._printf_pre_padding) for _printf_pre_padding
    printf8.o(i._printf_core) refers to printf8.o(i._printf_post_padding) for _printf_post_padding
    printf8.o(i._printf_core) refers to uldiv.o(.text) for __aeabi_uldivmod
    printfa.o(i.__0fprintf) refers (Special) to iusefp.o(.text) for __I$use$fp
    printfa.o(i.__0fprintf) refers to printfa.o(i._printf_core) for _printf_core
    printfa.o(i.__0fprintf) refers to fputc.o(i.fputc) for fputc
    printfa.o(i.__0printf) refers (Special) to iusefp.o(.text) for __I$use$fp
    printfa.o(i.__0printf) refers to printfa.o(i._printf_core) for _printf_core
    printfa.o(i.__0printf) refers to fputc.o(i.fputc) for fputc
    printfa.o(i.__0printf) refers to stdout.o(.data) for __stdout
    printfa.o(i.__0snprintf) refers (Special) to iusefp.o(.text) for __I$use$fp
    printfa.o(i.__0snprintf) refers to printfa.o(i._printf_core) for _printf_core
    printfa.o(i.__0snprintf) refers to printfa.o(i._snputc) for _snputc
    printfa.o(i.__0sprintf) refers (Special) to iusefp.o(.text) for __I$use$fp
    printfa.o(i.__0sprintf) refers to printfa.o(i._printf_core) for _printf_core
    printfa.o(i.__0sprintf) refers to printfa.o(i._sputc) for _sputc
    printfa.o(i.__0vfprintf) refers (Special) to iusefp.o(.text) for __I$use$fp
    printfa.o(i.__0vfprintf) refers to printfa.o(i._printf_core) for _printf_core
    printfa.o(i.__0vfprintf) refers to fputc.o(i.fputc) for fputc
    printfa.o(i.__0vprintf) refers (Special) to iusefp.o(.text) for __I$use$fp
    printfa.o(i.__0vprintf) refers to printfa.o(i._printf_core) for _printf_core
    printfa.o(i.__0vprintf) refers to fputc.o(i.fputc) for fputc
    printfa.o(i.__0vprintf) refers to stdout.o(.data) for __stdout
    printfa.o(i.__0vsnprintf) refers (Special) to iusefp.o(.text) for __I$use$fp
    printfa.o(i.__0vsnprintf) refers to printfa.o(i._printf_core) for _printf_core
    printfa.o(i.__0vsnprintf) refers to printfa.o(i._snputc) for _snputc
    printfa.o(i.__0vsprintf) refers (Special) to iusefp.o(.text) for __I$use$fp
    printfa.o(i.__0vsprintf) refers to printfa.o(i._printf_core) for _printf_core
    printfa.o(i.__0vsprintf) refers to printfa.o(i._sputc) for _sputc
    printfa.o(i._fp_digits) refers (Special) to iusefp.o(.text) for __I$use$fp
    printfa.o(i._fp_digits) refers to dmul.o(.text) for __aeabi_dmul
    printfa.o(i._fp_digits) refers to ddiv.o(.text) for __aeabi_ddiv
    printfa.o(i._fp_digits) refers to cdrcmple.o(.text) for __aeabi_cdrcmple
    printfa.o(i._fp_digits) refers to dadd.o(.text) for __aeabi_dadd
    printfa.o(i._fp_digits) refers to dfixul.o(.text) for __aeabi_d2ulz
    printfa.o(i._fp_digits) refers to uldiv.o(.text) for __aeabi_uldivmod
    printfa.o(i._printf_core) refers (Special) to iusefp.o(.text) for __I$use$fp
    printfa.o(i._printf_core) refers to printfa.o(i._printf_pre_padding) for _printf_pre_padding
    printfa.o(i._printf_core) refers to uldiv.o(.text) for __aeabi_uldivmod
    printfa.o(i._printf_core) refers to printfa.o(i._printf_post_padding) for _printf_post_padding
    printfa.o(i._printf_core) refers to printfa.o(i._fp_digits) for _fp_digits
    printfa.o(i._printf_core) refers to uidiv.o(.text) for __aeabi_uidivmod
    printfa.o(i._printf_post_padding) refers (Special) to iusefp.o(.text) for __I$use$fp
    printfa.o(i._printf_pre_padding) refers (Special) to iusefp.o(.text) for __I$use$fp
    printfa.o(i._snputc) refers (Special) to iusefp.o(.text) for __I$use$fp
    printfa.o(i._sputc) refers (Special) to iusefp.o(.text) for __I$use$fp
    entry2.o(.ARM.Collect$$$$00000001) refers to entry2.o(.ARM.Collect$$$$00002712) for __lit__00000000
    entry2.o(.ARM.Collect$$$$00002712) refers to startup_nano100series.o(STACK) for __initial_sp
    entry2.o(__vectab_stack_and_reset_area) refers to startup_nano100series.o(STACK) for __initial_sp
    entry2.o(__vectab_stack_and_reset_area) refers to entry.o(.ARM.Collect$$$$00000000) for __main
    entry5.o(.ARM.Collect$$$$00000004) refers to init.o(.text) for __scatterload
    entry9a.o(.ARM.Collect$$$$0000000B) refers to main.o(i.main) for main
    entry9b.o(.ARM.Collect$$$$0000000C) refers to main.o(i.main) for main
    fputc.o(i.fputc) refers (Special) to iusesemip.o(.text) for __I$use$semihosting$fputc
    fputc.o(i.fputc) refers (Special) to semi.o(.text) for __semihosting_library_function
    uldiv.o(.text) refers to llushr.o(.text) for __aeabi_llsr
    uldiv.o(.text) refers to llshl.o(.text) for __aeabi_llsl
    dadd.o(.text) refers to llshl.o(.text) for __aeabi_llsl
    dadd.o(.text) refers to llsshr.o(.text) for __aeabi_lasr
    dadd.o(.text) refers to depilogue.o(.text) for _double_epilogue
    dmul.o(.text) refers to depilogue.o(.text) for _double_epilogue
    ddiv.o(.text) refers to depilogue.o(.text) for _double_round
    dfixul.o(.text) refers to llushr.o(.text) for __aeabi_llsr
    dfixul.o(.text) refers to llshl.o(.text) for __aeabi_llsl
    init.o(.text) refers to entry5.o(.ARM.Collect$$$$00000004) for __main_after_scatterload
    depilogue.o(.text) refers to depilogue.o(i.__ARM_clz) for __ARM_clz
    depilogue.o(.text) refers to llshl.o(.text) for __aeabi_llsl
    depilogue.o(.text) refers to llushr.o(.text) for __aeabi_llsr


==============================================================================

Removing Unused input sections from the image.

    Removing system_nano100series.o(.rev16_text), (4 bytes).
    Removing system_nano100series.o(.revsh_text), (4 bytes).
    Removing startup_nano100series.o(HEAP), (1280 bytes).
    Removing clk.o(.rev16_text), (4 bytes).
    Removing clk.o(.revsh_text), (4 bytes).
    Removing clk.o(i.CLK_DisableCKO), (16 bytes).
    Removing clk.o(i.CLK_DisableModuleClock), (28 bytes).
    Removing clk.o(i.CLK_DisablePLL), (16 bytes).
    Removing clk.o(i.CLK_DisableSysTick), (12 bytes).
    Removing clk.o(i.CLK_DisableXtalRC), (16 bytes).
    Removing clk.o(i.CLK_EnableCKO), (32 bytes).
    Removing clk.o(i.CLK_EnableSysTick), (44 bytes).
    Removing clk.o(i.CLK_GetCPUFreq), (16 bytes).
    Removing clk.o(i.CLK_GetHXTFreq), (20 bytes).
    Removing clk.o(i.CLK_GetLXTFreq), (24 bytes).
    Removing clk.o(i.CLK_Idle), (20 bytes).
    Removing clk.o(i.CLK_PowerDown), (28 bytes).
    Removing spi.o(.rev16_text), (4 bytes).
    Removing spi.o(.revsh_text), (4 bytes).
    Removing spi.o(i.SPI_ClearRxFIFO), (10 bytes).
    Removing spi.o(i.SPI_ClearTxFIFO), (10 bytes).
    Removing spi.o(i.SPI_Close), (56 bytes).
    Removing spi.o(i.SPI_DisableAutoSS), (10 bytes).
    Removing spi.o(i.SPI_DisableFIFO), (12 bytes).
    Removing spi.o(i.SPI_DisableInt), (78 bytes).
    Removing spi.o(i.SPI_DisableWakeup), (10 bytes).
    Removing spi.o(i.SPI_EnableFIFO), (32 bytes).
    Removing spi.o(i.SPI_EnableInt), (78 bytes).
    Removing spi.o(i.SPI_EnableWakeup), (12 bytes).
    Removing spi.o(i.SPI_GetBusClock), (72 bytes).
    Removing gpio.o(.rev16_text), (4 bytes).
    Removing gpio.o(.revsh_text), (4 bytes).
    Removing gpio.o(i.GPIO_DisableInt), (28 bytes).
    Removing gpio.o(i.GPIO_EnableInt), (26 bytes).
    Removing sys.o(.rev16_text), (4 bytes).
    Removing sys.o(.revsh_text), (4 bytes).
    Removing sys.o(i.SYS_ClearResetSrc), (12 bytes).
    Removing sys.o(i.SYS_DisableBOD), (16 bytes).
    Removing sys.o(i.SYS_DisableIRCTrim), (12 bytes).
    Removing sys.o(i.SYS_EnableBOD), (20 bytes).
    Removing sys.o(i.SYS_EnableIRCTrim), (32 bytes).
    Removing sys.o(i.SYS_GetBODStatus), (12 bytes).
    Removing sys.o(i.SYS_GetResetSrc), (8 bytes).
    Removing sys.o(i.SYS_IsRegLocked), (16 bytes).
    Removing sys.o(i.SYS_ReadPDID), (8 bytes).
    Removing sys.o(i.SYS_ResetCPU), (14 bytes).
    Removing sys.o(i.SYS_ResetChip), (14 bytes).
    Removing sys.o(i.SYS_ResetModule), (26 bytes).
    Removing uart.o(.rev16_text), (4 bytes).
    Removing uart.o(.revsh_text), (4 bytes).
    Removing uart.o(i.UART_ClearIntFlag), (86 bytes).
    Removing uart.o(i.UART_Close), (6 bytes).
    Removing uart.o(i.UART_DisableFlowCtrl), (10 bytes).
    Removing uart.o(i.UART_DisableInt), (8 bytes).
    Removing uart.o(i.UART_EnableFlowCtrl), (24 bytes).
    Removing uart.o(i.UART_EnableInt), (8 bytes).
    Removing uart.o(i.UART_Read), (44 bytes).
    Removing uart.o(i.UART_SelectIrDAMode), (120 bytes).
    Removing uart.o(i.UART_SelectLINMode), (34 bytes).
    Removing uart.o(i.UART_SelectRS485Mode), (20 bytes).
    Removing uart.o(i.UART_SetLine_Config), (124 bytes).
    Removing uart.o(i.UART_SetTimeoutCnt), (20 bytes).
    Removing uart.o(i.UART_Write), (44 bytes).
    Removing main.o(.rev16_text), (4 bytes).
    Removing main.o(.revsh_text), (4 bytes).
    Removing main.o(i.wait_busy), (16 bytes).
    Removing main.o(.constdata), (4736 bytes).
    Removing dadd.o(.text), (360 bytes).
    Removing dmul.o(.text), (208 bytes).
    Removing ddiv.o(.text), (240 bytes).
    Removing dfixul.o(.text), (64 bytes).
    Removing cdrcmple.o(.text), (40 bytes).
    Removing depilogue.o(.text), (190 bytes).
    Removing depilogue.o(i.__ARM_clz), (46 bytes).

74 unused section(s) (total 8680 bytes) removed from the image.

==============================================================================

Image Symbol Table

    Local Symbols

    Symbol Name                              Value     Ov Type        Size  Object(Section)

    RESET                                    0x00000000   Section      192  startup_nano100series.o(RESET)
    ../clib/microlib/division.c              0x00000000   Number         0  uldiv.o ABSOLUTE
    ../clib/microlib/division.c              0x00000000   Number         0  uidiv.o ABSOLUTE
    ../clib/microlib/init/entry.s            0x00000000   Number         0  entry10b.o ABSOLUTE
    ../clib/microlib/init/entry.s            0x00000000   Number         0  entry9b.o ABSOLUTE
    ../clib/microlib/init/entry.s            0x00000000   Number         0  entry11a.o ABSOLUTE
    ../clib/microlib/init/entry.s            0x00000000   Number         0  entry11b.o ABSOLUTE
    ../clib/microlib/init/entry.s            0x00000000   Number         0  entry12a.o ABSOLUTE
    ../clib/microlib/init/entry.s            0x00000000   Number         0  entry10a.o ABSOLUTE
    ../clib/microlib/init/entry.s            0x00000000   Number         0  entry12b.o ABSOLUTE
    ../clib/microlib/init/entry.s            0x00000000   Number         0  entry9a.o ABSOLUTE
    ../clib/microlib/init/entry.s            0x00000000   Number         0  entry8b.o ABSOLUTE
    ../clib/microlib/init/entry.s            0x00000000   Number         0  entry8a.o ABSOLUTE
    ../clib/microlib/init/entry.s            0x00000000   Number         0  entry7b.o ABSOLUTE
    ../clib/microlib/init/entry.s            0x00000000   Number         0  entry5.o ABSOLUTE
    ../clib/microlib/init/entry.s            0x00000000   Number         0  entry7a.o ABSOLUTE
    ../clib/microlib/init/entry.s            0x00000000   Number         0  entry2.o ABSOLUTE
    ../clib/microlib/init/entry.s            0x00000000   Number         0  entry.o ABSOLUTE
    ../clib/microlib/longlong.c              0x00000000   Number         0  llsshr.o ABSOLUTE
    ../clib/microlib/longlong.c              0x00000000   Number         0  llushr.o ABSOLUTE
    ../clib/microlib/longlong.c              0x00000000   Number         0  llshl.o ABSOLUTE
    ../clib/microlib/printf/printf.c         0x00000000   Number         0  printfb.o ABSOLUTE
    ../clib/microlib/printf/printf.c         0x00000000   Number         0  printf5.o ABSOLUTE
    ../clib/microlib/printf/printf.c         0x00000000   Number         0  printf4.o ABSOLUTE
    ../clib/microlib/printf/printf.c         0x00000000   Number         0  printf3.o ABSOLUTE
    ../clib/microlib/printf/printf.c         0x00000000   Number         0  printf0.o ABSOLUTE
    ../clib/microlib/printf/printf.c         0x00000000   Number         0  printfa.o ABSOLUTE
    ../clib/microlib/printf/printf.c         0x00000000   Number         0  printf1.o ABSOLUTE
    ../clib/microlib/printf/printf.c         0x00000000   Number         0  printf2.o ABSOLUTE
    ../clib/microlib/printf/printf.c         0x00000000   Number         0  printf8.o ABSOLUTE
    ../clib/microlib/printf/printf.c         0x00000000   Number         0  printf7.o ABSOLUTE
    ../clib/microlib/printf/printf.c         0x00000000   Number         0  printf6.o ABSOLUTE
    ../clib/microlib/stdio/fputc.c           0x00000000   Number         0  fputc.o ABSOLUTE
    ../clib/microlib/stdio/semi.s            0x00000000   Number         0  semi.o ABSOLUTE
    ../clib/microlib/stdio/streams.c         0x00000000   Number         0  stdout.o ABSOLUTE
    ../clib/microlib/stubs.s                 0x00000000   Number         0  iusefp.o ABSOLUTE
    ../clib/microlib/stubs.s                 0x00000000   Number         0  iusesemip.o ABSOLUTE
    ../fplib/microlib/fpadd.c                0x00000000   Number         0  dadd.o ABSOLUTE
    ../fplib/microlib/fpdiv.c                0x00000000   Number         0  ddiv.o ABSOLUTE
    ../fplib/microlib/fpepilogue.c           0x00000000   Number         0  depilogue.o ABSOLUTE
    ../fplib/microlib/fpfix.c                0x00000000   Number         0  dfixul.o ABSOLUTE
    ../fplib/microlib/fpmul.c                0x00000000   Number         0  dmul.o ABSOLUTE
    ..\Library\Device\Nuvoton\Nano100Series\Source\ARM\startup_Nano100Series.s 0x00000000   Number         0  startup_nano100series.o ABSOLUTE
    ..\Library\Device\Nuvoton\Nano100Series\Source\system_Nano100Series.c 0x00000000   Number         0  system_nano100series.o ABSOLUTE
    ..\Library\StdDriver\src\clk.c           0x00000000   Number         0  clk.o ABSOLUTE
    ..\Library\StdDriver\src\gpio.c          0x00000000   Number         0  gpio.o ABSOLUTE
    ..\Library\StdDriver\src\spi.c           0x00000000   Number         0  spi.o ABSOLUTE
    ..\Library\StdDriver\src\sys.c           0x00000000   Number         0  sys.o ABSOLUTE
    ..\Library\StdDriver\src\uart.c          0x00000000   Number         0  uart.o ABSOLUTE
    ..\USER\main.cpp                         0x00000000   Number         0  main.o ABSOLUTE
    ..\\Library\\Device\\Nuvoton\\Nano100Series\\Source\\system_Nano100Series.c 0x00000000   Number         0  system_nano100series.o ABSOLUTE
    ..\\Library\\StdDriver\\src\\clk.c       0x00000000   Number         0  clk.o ABSOLUTE
    ..\\Library\\StdDriver\\src\\gpio.c      0x00000000   Number         0  gpio.o ABSOLUTE
    ..\\Library\\StdDriver\\src\\spi.c       0x00000000   Number         0  spi.o ABSOLUTE
    ..\\Library\\StdDriver\\src\\sys.c       0x00000000   Number         0  sys.o ABSOLUTE
    ..\\Library\\StdDriver\\src\\uart.c      0x00000000   Number         0  uart.o ABSOLUTE
    ..\\USER\\main.cpp                       0x00000000   Number         0  main.o ABSOLUTE
    cdrcmple.s                               0x00000000   Number         0  cdrcmple.o ABSOLUTE
    dc.s                                     0x00000000   Number         0  dc.o ABSOLUTE
    handlers.s                               0x00000000   Number         0  handlers.o ABSOLUTE
    init.s                                   0x00000000   Number         0  init.o ABSOLUTE
    .ARM.Collect$$$$00000000                 0x000000c0   Section        0  entry.o(.ARM.Collect$$$$00000000)
    .ARM.Collect$$$$00000001                 0x000000c0   Section        4  entry2.o(.ARM.Collect$$$$00000001)
    .ARM.Collect$$$$00000004                 0x000000c4   Section        4  entry5.o(.ARM.Collect$$$$00000004)
    .ARM.Collect$$$$00000008                 0x000000c8   Section        0  entry7b.o(.ARM.Collect$$$$00000008)
    .ARM.Collect$$$$0000000A                 0x000000c8   Section        0  entry8b.o(.ARM.Collect$$$$0000000A)
    .ARM.Collect$$$$0000000B                 0x000000c8   Section        8  entry9a.o(.ARM.Collect$$$$0000000B)
    .ARM.Collect$$$$0000000E                 0x000000d0   Section        4  entry12b.o(.ARM.Collect$$$$0000000E)
    .ARM.Collect$$$$0000000F                 0x000000d4   Section        0  entry10a.o(.ARM.Collect$$$$0000000F)
    .ARM.Collect$$$$00000011                 0x000000d4   Section        0  entry11a.o(.ARM.Collect$$$$00000011)
    .ARM.Collect$$$$00002712                 0x000000d4   Section        4  entry2.o(.ARM.Collect$$$$00002712)
    __lit__00000000                          0x000000d4   Data           4  entry2.o(.ARM.Collect$$$$00002712)
    .text                                    0x000000d8   Section       68  startup_nano100series.o(.text)
    .text                                    0x0000011c   Section        0  uidiv.o(.text)
    .text                                    0x00000148   Section       36  init.o(.text)
    .text                                    0x0000016c   Section        0  iusesemip.o(.text)
    .text                                    0x0000016c   Section        0  semi.o(.text)
    i.CLK_EnableModuleClock                  0x0000016c   Section        0  clk.o(i.CLK_EnableModuleClock)
    i.CLK_EnablePLL                          0x00000188   Section        0  clk.o(i.CLK_EnablePLL)
    i.CLK_EnableXtalRC                       0x00000214   Section        0  clk.o(i.CLK_EnableXtalRC)
    i.CLK_GetHCLKFreq                        0x00000250   Section        0  clk.o(i.CLK_GetHCLKFreq)
    i.CLK_GetPLLClockFreq                    0x00000260   Section        0  clk.o(i.CLK_GetPLLClockFreq)
    i.CLK_SetCoreClock                       0x000002b4   Section        0  clk.o(i.CLK_SetCoreClock)
    i.CLK_SetHCLK                            0x00000330   Section        0  clk.o(i.CLK_SetHCLK)
    i.CLK_SetModuleClock                     0x0000037c   Section        0  clk.o(i.CLK_SetModuleClock)
    i.CLK_SysTickDelay                       0x000003cc   Section        0  clk.o(i.CLK_SysTickDelay)
    i.CLK_WaitClockReady                     0x00000424   Section        0  clk.o(i.CLK_WaitClockReady)
    i.GPIO_SetMode                           0x00000450   Section        0  gpio.o(i.GPIO_SetMode)
    i.SPI_EnableAutoSS                       0x00000478   Section        0  spi.o(i.SPI_EnableAutoSS)
    i.SPI_Open                               0x0000048a   Section        0  spi.o(i.SPI_Open)
    i.SPI_SetBusClock                        0x000004a4   Section        0  spi.o(i.SPI_SetBusClock)
    i.SYS_Init                               0x00000514   Section        0  main.o(i.SYS_Init)
    i.SysGet_HCLKFreq                        0x000005a4   Section        0  system_nano100series.o(i.SysGet_HCLKFreq)
    i.SysGet_PLLClockFreq                    0x000005e8   Section        0  system_nano100series.o(i.SysGet_PLLClockFreq)
    i.SystemCoreClockUpdate                  0x0000063c   Section        0  system_nano100series.o(i.SystemCoreClockUpdate)
    i.UART_Open                              0x0000065c   Section        0  uart.o(i.UART_Open)
    i.UC8151_init                            0x000006d0   Section        0  main.o(i.UC8151_init)
    i.UC8151_io_init                         0x00000764   Section        0  main.o(i.UC8151_io_init)
    i.UC8151_send_frame                      0x000007c0   Section        0  main.o(i.UC8151_send_frame)
    i.UC8151_write                           0x00000840   Section        0  main.o(i.UC8151_write)
    i.__0printf$bare                         0x00000874   Section        0  printfb.o(i.__0printf$bare)
    i.__scatterload_copy                     0x00000888   Section       14  handlers.o(i.__scatterload_copy)
    i.__scatterload_null                     0x00000896   Section        2  handlers.o(i.__scatterload_null)
    i.__scatterload_zeroinit                 0x00000898   Section       14  handlers.o(i.__scatterload_zeroinit)
    i._printf_core                           0x000008a6   Section        0  printfb.o(i._printf_core)
    _printf_core                             0x000008a7   Thumb Code    30  printfb.o(i._printf_core)
    i.fputc                                  0x000008c4   Section        0  fputc.o(i.fputc)
    i.main                                   0x000008d8   Section        0  main.o(i.main)
    .constdata                               0x0000092c   Section       16  clk.o(.constdata)
    .constdata                               0x0000093c   Section       48  uart.o(.constdata)
    .constdata                               0x0000096c   Section     4736  main.o(.constdata)
    .data                                    0x20000000   Section        8  system_nano100series.o(.data)
    .data                                    0x20000008   Section        4  stdout.o(.data)
    STACK                                    0x20000010   Section     1280  startup_nano100series.o(STACK)

    Global Symbols

    Symbol Name                              Value     Ov Type        Size  Object(Section)

    BuildAttributes$$THM_ISAv3M$S$PE$A:L22$X:L11$S22$IEEE1$IW$USESV6$~STKCKD$USESV7$~SHL$OSPACE$ROPI$EBA8$MICROLIB$REQ8$PRES8$EABIv2 0x00000000   Number         0  anon$$obj.o ABSOLUTE
    __ARM_use_no_argv                        0x00000000   Number         0  main.o ABSOLUTE
    __Vectors                                0x00000000   Data           4  startup_nano100series.o(RESET)
    __arm_fini_                               - Undefined Weak Reference
    __cpp_initialize__aeabi_                  - Undefined Weak Reference
    __cxa_finalize                            - Undefined Weak Reference
    __decompress                              - Undefined Weak Reference
    _clock_init                               - Undefined Weak Reference
    _microlib_exit                            - Undefined Weak Reference
    __main                                   0x000000c1   Thumb Code     0  entry.o(.ARM.Collect$$$$00000000)
    _main_stk                                0x000000c1   Thumb Code     0  entry2.o(.ARM.Collect$$$$00000001)
    _main_scatterload                        0x000000c5   Thumb Code     0  entry5.o(.ARM.Collect$$$$00000004)
    __main_after_scatterload                 0x000000c9   Thumb Code     0  entry5.o(.ARM.Collect$$$$00000004)
    _main_clock                              0x000000c9   Thumb Code     0  entry7b.o(.ARM.Collect$$$$00000008)
    _main_cpp_init                           0x000000c9   Thumb Code     0  entry8b.o(.ARM.Collect$$$$0000000A)
    _main_init                               0x000000c9   Thumb Code     0  entry9a.o(.ARM.Collect$$$$0000000B)
    __rt_lib_shutdown_fini                   0x000000d1   Thumb Code     0  entry12b.o(.ARM.Collect$$$$0000000E)
    __rt_final_cpp                           0x000000d5   Thumb Code     0  entry10a.o(.ARM.Collect$$$$0000000F)
    __rt_final_exit                          0x000000d5   Thumb Code     0  entry11a.o(.ARM.Collect$$$$00000011)
    Reset_Handler                            0x000000d9   Thumb Code    28  startup_nano100series.o(.text)
    NMI_Handler                              0x000000f5   Thumb Code     2  startup_nano100series.o(.text)
    HardFault_Handler                        0x000000f7   Thumb Code     2  startup_nano100series.o(.text)
    SVC_Handler                              0x000000f9   Thumb Code     2  startup_nano100series.o(.text)
    PendSV_Handler                           0x000000fb   Thumb Code     2  startup_nano100series.o(.text)
    SysTick_Handler                          0x000000fd   Thumb Code     2  startup_nano100series.o(.text)
    ADC_IRQHandler                           0x000000ff   Thumb Code     0  startup_nano100series.o(.text)
    BOD_IRQHandler                           0x000000ff   Thumb Code     0  startup_nano100series.o(.text)
    DAC_IRQHandler                           0x000000ff   Thumb Code     0  startup_nano100series.o(.text)
    EINT0_IRQHandler                         0x000000ff   Thumb Code     0  startup_nano100series.o(.text)
    EINT1_IRQHandler                         0x000000ff   Thumb Code     0  startup_nano100series.o(.text)
    GPABC_IRQHandler                         0x000000ff   Thumb Code     0  startup_nano100series.o(.text)
    GPDEF_IRQHandler                         0x000000ff   Thumb Code     0  startup_nano100series.o(.text)
    HIRC_IRQHandler                          0x000000ff   Thumb Code     0  startup_nano100series.o(.text)
    I2C0_IRQHandler                          0x000000ff   Thumb Code     0  startup_nano100series.o(.text)
    I2C1_IRQHandler                          0x000000ff   Thumb Code     0  startup_nano100series.o(.text)
    I2S_IRQHandler                           0x000000ff   Thumb Code     0  startup_nano100series.o(.text)
    LCD_IRQHandler                           0x000000ff   Thumb Code     0  startup_nano100series.o(.text)
    PDMA_IRQHandler                          0x000000ff   Thumb Code     0  startup_nano100series.o(.text)
    PDWU_IRQHandler                          0x000000ff   Thumb Code     0  startup_nano100series.o(.text)
    PWM0_IRQHandler                          0x000000ff   Thumb Code     0  startup_nano100series.o(.text)
    PWM1_IRQHandler                          0x000000ff   Thumb Code     0  startup_nano100series.o(.text)
    RTC_IRQHandler                           0x000000ff   Thumb Code     0  startup_nano100series.o(.text)
    SC0_IRQHandler                           0x000000ff   Thumb Code     0  startup_nano100series.o(.text)
    SC1_IRQHandler                           0x000000ff   Thumb Code     0  startup_nano100series.o(.text)
    SC2_IRQHandler                           0x000000ff   Thumb Code     0  startup_nano100series.o(.text)
    SPI0_IRQHandler                          0x000000ff   Thumb Code     0  startup_nano100series.o(.text)
    SPI1_IRQHandler                          0x000000ff   Thumb Code     0  startup_nano100series.o(.text)
    SPI2_IRQHandler                          0x000000ff   Thumb Code     0  startup_nano100series.o(.text)
    TMR0_IRQHandler                          0x000000ff   Thumb Code     0  startup_nano100series.o(.text)
    TMR1_IRQHandler                          0x000000ff   Thumb Code     0  startup_nano100series.o(.text)
    TMR2_IRQHandler                          0x000000ff   Thumb Code     0  startup_nano100series.o(.text)
    TMR3_IRQHandler                          0x000000ff   Thumb Code     0  startup_nano100series.o(.text)
    UART0_IRQHandler                         0x000000ff   Thumb Code     0  startup_nano100series.o(.text)
    UART1_IRQHandler                         0x000000ff   Thumb Code     0  startup_nano100series.o(.text)
    USBD_IRQHandler                          0x000000ff   Thumb Code     0  startup_nano100series.o(.text)
    WDT_IRQHandler                           0x000000ff   Thumb Code     0  startup_nano100series.o(.text)
    __aeabi_uidiv                            0x0000011d   Thumb Code     0  uidiv.o(.text)
    __aeabi_uidivmod                         0x0000011d   Thumb Code    44  uidiv.o(.text)
    __scatterload                            0x00000149   Thumb Code    28  init.o(.text)
    __scatterload_rt2                        0x00000149   Thumb Code     0  init.o(.text)
    CLK_EnableModuleClock                    0x0000016d   Thumb Code    24  clk.o(i.CLK_EnableModuleClock)
    __I$use$semihosting$fputc                0x0000016d   Thumb Code     0  iusesemip.o(.text)
    __semihosting_library_function           0x0000016d   Thumb Code     0  semi.o(.text)
    CLK_EnablePLL                            0x00000189   Thumb Code   118  clk.o(i.CLK_EnablePLL)
    CLK_EnableXtalRC                         0x00000215   Thumb Code    54  clk.o(i.CLK_EnableXtalRC)
    CLK_GetHCLKFreq                          0x00000251   Thumb Code    12  clk.o(i.CLK_GetHCLKFreq)
    CLK_GetPLLClockFreq                      0x00000261   Thumb Code    74  clk.o(i.CLK_GetPLLClockFreq)
    CLK_SetCoreClock                         0x000002b5   Thumb Code   102  clk.o(i.CLK_SetCoreClock)
    CLK_SetHCLK                              0x00000331   Thumb Code    72  clk.o(i.CLK_SetHCLK)
    CLK_SetModuleClock                       0x0000037d   Thumb Code    74  clk.o(i.CLK_SetModuleClock)
    CLK_SysTickDelay                         0x000003cd   Thumb Code    72  clk.o(i.CLK_SysTickDelay)
    CLK_WaitClockReady                       0x00000425   Thumb Code    34  clk.o(i.CLK_WaitClockReady)
    GPIO_SetMode                             0x00000451   Thumb Code    40  gpio.o(i.GPIO_SetMode)
    SPI_EnableAutoSS                         0x00000479   Thumb Code    18  spi.o(i.SPI_EnableAutoSS)
    SPI_Open                                 0x0000048b   Thumb Code    26  spi.o(i.SPI_Open)
    SPI_SetBusClock                          0x000004a5   Thumb Code   100  spi.o(i.SPI_SetBusClock)
    SYS_Init                                 0x00000515   Thumb Code   118  main.o(i.SYS_Init)
    SysGet_HCLKFreq                          0x000005a5   Thumb Code    56  system_nano100series.o(i.SysGet_HCLKFreq)
    SysGet_PLLClockFreq                      0x000005e9   Thumb Code    74  system_nano100series.o(i.SysGet_PLLClockFreq)
    SystemCoreClockUpdate                    0x0000063d   Thumb Code    24  system_nano100series.o(i.SystemCoreClockUpdate)
    UART_Open                                0x0000065d   Thumb Code   104  uart.o(i.UART_Open)
    UC8151_init                              0x000006d1   Thumb Code   142  main.o(i.UC8151_init)
    UC8151_io_init                           0x00000765   Thumb Code    78  main.o(i.UC8151_io_init)
    UC8151_send_frame                        0x000007c1   Thumb Code   124  main.o(i.UC8151_send_frame)
    UC8151_write                             0x00000841   Thumb Code    42  main.o(i.UC8151_write)
    __0printf$bare                           0x00000875   Thumb Code    12  printfb.o(i.__0printf$bare)
    __1printf$bare                           0x00000875   Thumb Code     0  printfb.o(i.__0printf$bare)
    __2printf                                0x00000875   Thumb Code     0  printfb.o(i.__0printf$bare)
    __scatterload_copy                       0x00000889   Thumb Code    14  handlers.o(i.__scatterload_copy)
    __scatterload_null                       0x00000897   Thumb Code     2  handlers.o(i.__scatterload_null)
    __scatterload_zeroinit                   0x00000899   Thumb Code    14  handlers.o(i.__scatterload_zeroinit)
    fputc                                    0x000008c5   Thumb Code    18  fputc.o(i.fputc)
    main                                     0x000008d9   Thumb Code    44  main.o(i.main)
    img                                      0x0000096c   Data        4736  main.o(.constdata)
    Region$$Table$$Base                      0x00001bec   Number         0  anon$$obj.o(Region$$Table)
    Region$$Table$$Limit                     0x00001c0c   Number         0  anon$$obj.o(Region$$Table)
    SystemCoreClock                          0x20000000   Data           4  system_nano100series.o(.data)
    CyclesPerUs                              0x20000004   Data           4  system_nano100series.o(.data)
    __stdout                                 0x20000008   Data           4  stdout.o(.data)
    __initial_sp                             0x20000510   Data           0  startup_nano100series.o(STACK)



==============================================================================

Memory Map of the image

  Image Entry point : 0x000000c1

  Load Region LR_IROM1 (Base: 0x00000000, Size: 0x00001c18, Max: 0x0001ec00, ABSOLUTE)

    Execution Region ER_IROM1 (Exec base: 0x00000000, Load base: 0x00000000, Size: 0x00001c0c, Max: 0x0001ec00, ABSOLUTE)

    Exec Addr    Load Addr    Size         Type   Attr      Idx    E Section Name        Object

    0x00000000   0x00000000   0x000000c0   Data   RO          130    RESET               startup_nano100series.o
    0x000000c0   0x000000c0   0x00000000   Code   RO          699  * .ARM.Collect$$$$00000000  mc_p.l(entry.o)
    0x000000c0   0x000000c0   0x00000004   Code   RO          964    .ARM.Collect$$$$00000001  mc_p.l(entry2.o)
    0x000000c4   0x000000c4   0x00000004   Code   RO          967    .ARM.Collect$$$$00000004  mc_p.l(entry5.o)
    0x000000c8   0x000000c8   0x00000000   Code   RO          969    .ARM.Collect$$$$00000008  mc_p.l(entry7b.o)
    0x000000c8   0x000000c8   0x00000000   Code   RO          971    .ARM.Collect$$$$0000000A  mc_p.l(entry8b.o)
    0x000000c8   0x000000c8   0x00000008   Code   RO          972    .ARM.Collect$$$$0000000B  mc_p.l(entry9a.o)
    0x000000d0   0x000000d0   0x00000004   Code   RO          979    .ARM.Collect$$$$0000000E  mc_p.l(entry12b.o)
    0x000000d4   0x000000d4   0x00000000   Code   RO          974    .ARM.Collect$$$$0000000F  mc_p.l(entry10a.o)
    0x000000d4   0x000000d4   0x00000000   Code   RO          976    .ARM.Collect$$$$00000011  mc_p.l(entry11a.o)
    0x000000d4   0x000000d4   0x00000004   Code   RO          965    .ARM.Collect$$$$00002712  mc_p.l(entry2.o)
    0x000000d8   0x000000d8   0x00000044   Code   RO          131    .text               startup_nano100series.o
    0x0000011c   0x0000011c   0x0000002c   Code   RO          702    .text               mc_p.l(uidiv.o)
    0x00000148   0x00000148   0x00000024   Code   RO          996    .text               mc_p.l(init.o)
    0x0000016c   0x0000016c   0x00000000   Code   RO          998    .text               mc_p.l(semi.o)
    0x0000016c   0x0000016c   0x00000000   Code   RO         1005    .text               mc_p.l(iusesemip.o)
    0x0000016c   0x0000016c   0x0000001c   Code   RO          143    i.CLK_EnableModuleClock  clk.o
    0x00000188   0x00000188   0x0000008c   Code   RO          144    i.CLK_EnablePLL     clk.o
    0x00000214   0x00000214   0x0000003c   Code   RO          146    i.CLK_EnableXtalRC  clk.o
    0x00000250   0x00000250   0x00000010   Code   RO          148    i.CLK_GetHCLKFreq   clk.o
    0x00000260   0x00000260   0x00000054   Code   RO          151    i.CLK_GetPLLClockFreq  clk.o
    0x000002b4   0x000002b4   0x0000007c   Code   RO          154    i.CLK_SetCoreClock  clk.o
    0x00000330   0x00000330   0x0000004c   Code   RO          155    i.CLK_SetHCLK       clk.o
    0x0000037c   0x0000037c   0x00000050   Code   RO          156    i.CLK_SetModuleClock  clk.o
    0x000003cc   0x000003cc   0x00000058   Code   RO          157    i.CLK_SysTickDelay  clk.o
    0x00000424   0x00000424   0x0000002c   Code   RO          158    i.CLK_WaitClockReady  clk.o
    0x00000450   0x00000450   0x00000028   Code   RO          388    i.GPIO_SetMode      gpio.o
    0x00000478   0x00000478   0x00000012   Code   RO          295    i.SPI_EnableAutoSS  spi.o
    0x0000048a   0x0000048a   0x0000001a   Code   RO          300    i.SPI_Open          spi.o
    0x000004a4   0x000004a4   0x00000070   Code   RO          301    i.SPI_SetBusClock   spi.o
    0x00000514   0x00000514   0x00000090   Code   RO          632    i.SYS_Init          main.o
    0x000005a4   0x000005a4   0x00000044   Code   RO            3    i.SysGet_HCLKFreq   system_nano100series.o
    0x000005e8   0x000005e8   0x00000054   Code   RO            4    i.SysGet_PLLClockFreq  system_nano100series.o
    0x0000063c   0x0000063c   0x00000020   Code   RO            5    i.SystemCoreClockUpdate  system_nano100series.o
    0x0000065c   0x0000065c   0x00000074   Code   RO          510    i.UART_Open         uart.o
    0x000006d0   0x000006d0   0x00000094   Code   RO          633    i.UC8151_init       main.o
    0x00000764   0x00000764   0x0000005c   Code   RO          634    i.UC8151_io_init    main.o
    0x000007c0   0x000007c0   0x00000080   Code   RO          635    i.UC8151_send_frame  main.o
    0x00000840   0x00000840   0x00000034   Code   RO          636    i.UC8151_write      main.o
    0x00000874   0x00000874   0x00000014   Code   RO          705    i.__0printf$bare    mc_p.l(printfb.o)
    0x00000888   0x00000888   0x0000000e   Code   RO         1012    i.__scatterload_copy  mc_p.l(handlers.o)
    0x00000896   0x00000896   0x00000002   Code   RO         1013    i.__scatterload_null  mc_p.l(handlers.o)
    0x00000898   0x00000898   0x0000000e   Code   RO         1014    i.__scatterload_zeroinit  mc_p.l(handlers.o)
    0x000008a6   0x000008a6   0x0000001e   Code   RO          712    i._printf_core      mc_p.l(printfb.o)
    0x000008c4   0x000008c4   0x00000012   Code   RO          980    i.fputc             mc_p.l(fputc.o)
    0x000008d6   0x000008d6   0x00000002   PAD
    0x000008d8   0x000008d8   0x00000054   Code   RO          637    i.main              main.o
    0x0000092c   0x0000092c   0x00000010   Data   RO          159    .constdata          clk.o
    0x0000093c   0x0000093c   0x00000030   Data   RO          518    .constdata          uart.o
    0x0000096c   0x0000096c   0x00001280   Data   RO          639    .constdata          main.o
    0x00001bec   0x00001bec   0x00000020   Data   RO         1010    Region$$Table       anon$$obj.o


    Execution Region RW_IRAM1 (Exec base: 0x20000000, Load base: 0x00001c0c, Size: 0x00000510, Max: 0x00004000, ABSOLUTE)

    Exec Addr    Load Addr    Size         Type   Attr      Idx    E Section Name        Object

    0x20000000   0x00001c0c   0x00000008   Data   RW            6    .data               system_nano100series.o
    0x20000008   0x00001c14   0x00000004   Data   RW          982    .data               mc_p.l(stdout.o)
    0x2000000c   0x00001c18   0x00000004   PAD
    0x20000010        -       0x00000500   Zero   RW          128    STACK               startup_nano100series.o


==============================================================================

Image component sizes


      Code (inc. data)   RO Data    RW Data    ZI Data      Debug   Object Name

       740        104         16          0          0       6877   clk.o
        40          0          0          0          0        955   gpio.o
       648        100       4736          0          0      32975   main.o
       156         12          0          0          0       2340   spi.o
        68         28        192          0       1280        704   startup_nano100series.o
       184         30          0          8          0     118282   system_nano100series.o
       116         12         48          0          0     112520   uart.o

    ----------------------------------------------------------------------
      1952        286       5024          8       1280     274653   Object Totals
         0          0         32          0          0          0   (incl. Generated)
         0          0          0          0          0          0   (incl. Padding)

    ----------------------------------------------------------------------

      Code (inc. data)   RO Data    RW Data    ZI Data      Debug   Library Member Name

         0          0          0          0          0          0   entry.o
         0          0          0          0          0          0   entry10a.o
         0          0          0          0          0          0   entry11a.o
         4          0          0          0          0          0   entry12b.o
         8          4          0          0          0          0   entry2.o
         4          0          0          0          0          0   entry5.o
         0          0          0          0          0          0   entry7b.o
         0          0          0          0          0          0   entry8b.o
         8          4          0          0          0          0   entry9a.o
        18          0          0          0          0         72   fputc.o
        30          0          0          0          0          0   handlers.o
        36          8          0          0          0         68   init.o
         0          0          0          0          0          0   iusesemip.o
        50          8          0          0          0        144   printfb.o
         0          0          0          0          0          0   semi.o
         0          0          0          4          0          0   stdout.o
        44          0          0          0          0         72   uidiv.o

    ----------------------------------------------------------------------
       204         24          0          4          4        356   Library Totals
         2          0          0          0          4          0   (incl. Padding)

    ----------------------------------------------------------------------

      Code (inc. data)   RO Data    RW Data    ZI Data      Debug   Library Name

       202         24          0          4          0        356   mc_p.l

    ----------------------------------------------------------------------
       204         24          0          4          4        356   Library Totals

    ----------------------------------------------------------------------

==============================================================================


      Code (inc. data)   RO Data    RW Data    ZI Data      Debug   

      2156        310       5024         12       1284     274017   Grand Totals
      2156        310       5024         12       1284     274017   ELF Image Totals
      2156        310       5024         12          0          0   ROM Totals

==============================================================================

    Total RO  Size (Code + RO Data)                 7180 (   7.01kB)
    Total RW  Size (RW Data + ZI Data)              1296 (   1.27kB)
    Total ROM Size (Code + RO Data + RW Data)       7192 (   7.02kB)

==============================================================================

