Component: ARM Compiler 5.06 update 7 (build 960) Tool: armlink [4d3601]

==============================================================================

Section Cross References

    system_nano100series.o(i.SysGet_HCLKFreq) refers to system_nano100series.o(i.SysGet_PLLClockFreq) for SysGet_PLLClockFreq
    system_nano100series.o(i.SysGet_HCLKFreq) refers to aeabi_sdiv.o(.text) for __aeabi_uidivmod
    system_nano100series.o(i.SysGet_PLLClockFreq) refers to aeabi_sdiv.o(.text) for __aeabi_uidivmod
    system_nano100series.o(i.SystemCoreClockUpdate) refers to system_nano100series.o(i.SysGet_HCLKFreq) for SysGet_HCLKFreq
    system_nano100series.o(i.SystemCoreClockUpdate) refers to aeabi_sdiv.o(.text) for __aeabi_uidivmod
    system_nano100series.o(i.SystemCoreClockUpdate) refers to system_nano100series.o(.data) for .data
    startup_nano100series.o(STACK) refers (Special) to heapauxi.o(.text) for __use_two_region_memory
    startup_nano100series.o(HEAP) refers (Special) to heapauxi.o(.text) for __use_two_region_memory
    startup_nano100series.o(RESET) refers (Special) to heapauxi.o(.text) for __use_two_region_memory
    startup_nano100series.o(RESET) refers to startup_nano100series.o(STACK) for __initial_sp
    startup_nano100series.o(RESET) refers to startup_nano100series.o(.text) for Reset_Handler
    startup_nano100series.o(RESET) refers to retarget.o(.emb_text) for HardFault_Handler
    startup_nano100series.o(.text) refers (Special) to heapauxi.o(.text) for __use_two_region_memory
    startup_nano100series.o(.text) refers to __main.o(!!!main) for __main
    startup_nano100series.o(.text) refers to startup_nano100series.o(HEAP) for Heap_Mem
    startup_nano100series.o(.text) refers to startup_nano100series.o(STACK) for Stack_Mem
    main.o(i._Z11UC8151_initv) refers to clk.o(i.CLK_SysTickDelay) for CLK_SysTickDelay
    main.o(i._Z11UC8151_initv) refers to main.o(i._Z12UC8151_writehh) for UC8151_write(unsigned char, unsigned char)
    main.o(i._Z11UC8151_initv) refers to main.o(i._Z9wait_busyv) for wait_busy()
    main.o(i._Z12UC8151_writehh) refers to clk.o(i.CLK_SysTickDelay) for CLK_SysTickDelay
    main.o(i._Z14UC8151_io_initv) refers to gpio.o(i.GPIO_SetMode) for GPIO_SetMode
    main.o(i._Z14UC8151_io_initv) refers to spi.o(i.SPI_Open) for SPI_Open
    main.o(i._Z14UC8151_io_initv) refers to spi.o(i.SPI_EnableAutoSS) for SPI_EnableAutoSS
    main.o(i._Z17UC8151_send_framePKhS0_) refers to main.o(i._Z12UC8151_writehh) for UC8151_write(unsigned char, unsigned char)
    main.o(i._Z8SYS_Initv) refers to clk.o(i.CLK_EnableXtalRC) for CLK_EnableXtalRC
    main.o(i._Z8SYS_Initv) refers to clk.o(i.CLK_SetHCLK) for CLK_SetHCLK
    main.o(i._Z8SYS_Initv) refers to clk.o(i.CLK_SetCoreClock) for CLK_SetCoreClock
    main.o(i._Z8SYS_Initv) refers to system_nano100series.o(i.SystemCoreClockUpdate) for SystemCoreClockUpdate
    main.o(i._Z8SYS_Initv) refers to clk.o(i.CLK_SetModuleClock) for CLK_SetModuleClock
    main.o(i._Z8SYS_Initv) refers to clk.o(i.CLK_EnableModuleClock) for CLK_EnableModuleClock
    main.o(i.main) refers to _printf_percent.o(.ARM.Collect$$_printf_percent$$00000000) for _printf_percent
    main.o(i.main) refers to _printf_x.o(.ARM.Collect$$_printf_percent$$0000000C) for _printf_x
    main.o(i.main) refers to _printf_hex_int.o(.text) for _printf_longlong_hex
    main.o(i.main) refers to main.o(i._Z8SYS_Initv) for SYS_Init()
    main.o(i.main) refers to uart.o(i.UART_Open) for UART_Open
    main.o(i.main) refers to noretval__2printf.o(.text) for __2printf
    main.o(i.main) refers to sys.o(i.SYS_GetResetSrc) for SYS_GetResetSrc
    main.o(i.main) refers to sys.o(i.SYS_ClearResetSrc) for SYS_ClearResetSrc
    main.o(i.main) refers to main.o(i._Z14UC8151_io_initv) for UC8151_io_init()
    main.o(i.main) refers to main.o(i._Z11UC8151_initv) for UC8151_init()
    main.o(i.main) refers to main.o(i._Z17UC8151_send_framePKhS0_) for UC8151_send_frame(const unsigned char*, const unsigned char*)
    main.o(i.main) refers to main.o(.constdata) for .constdata
    main.o(.ARM.exidx) refers to main.o(i._Z14UC8151_io_initv) for i._Z14UC8151_io_initv
    main.o(.ARM.exidx) refers to main.o(i._Z9wait_busyv) for i._Z9wait_busyv
    main.o(.ARM.exidx) refers to main.o(i._Z12UC8151_writehh) for i._Z12UC8151_writehh
    main.o(.ARM.exidx) refers to main.o(i._Z11UC8151_initv) for i._Z11UC8151_initv
    main.o(.ARM.exidx) refers to main.o(i._Z17UC8151_send_framePKhS0_) for i._Z17UC8151_send_framePKhS0_
    main.o(.ARM.exidx) refers to main.o(i._Z8SYS_Initv) for i._Z8SYS_Initv
    main.o(.ARM.exidx) refers to main.o(i.main) for i.main
    clk.o(i.CLK_EnablePLL) refers to aeabi_sdiv.o(.text) for __aeabi_uidivmod
    clk.o(i.CLK_EnablePLL) refers to clk.o(i.CLK_WaitClockReady) for CLK_WaitClockReady
    clk.o(i.CLK_EnablePLL) refers to clk.o(i.CLK_GetPLLClockFreq) for CLK_GetPLLClockFreq
    clk.o(i.CLK_EnablePLL) refers to clk.o(.constdata) for .constdata
    clk.o(i.CLK_EnableXtalRC) refers to clk.o(i.CLK_WaitClockReady) for CLK_WaitClockReady
    clk.o(i.CLK_GetCPUFreq) refers to system_nano100series.o(i.SystemCoreClockUpdate) for SystemCoreClockUpdate
    clk.o(i.CLK_GetCPUFreq) refers to system_nano100series.o(.data) for SystemCoreClock
    clk.o(i.CLK_GetHCLKFreq) refers to system_nano100series.o(i.SystemCoreClockUpdate) for SystemCoreClockUpdate
    clk.o(i.CLK_GetHCLKFreq) refers to system_nano100series.o(.data) for SystemCoreClock
    clk.o(i.CLK_GetPLLClockFreq) refers to aeabi_sdiv.o(.text) for __aeabi_uidivmod
    clk.o(i.CLK_SetCoreClock) refers to clk.o(i.CLK_EnableXtalRC) for CLK_EnableXtalRC
    clk.o(i.CLK_SetCoreClock) refers to clk.o(i.CLK_SetHCLK) for CLK_SetHCLK
    clk.o(i.CLK_SetCoreClock) refers to clk.o(i.CLK_EnablePLL) for CLK_EnablePLL
    clk.o(i.CLK_SetCoreClock) refers to system_nano100series.o(.data) for SystemCoreClock
    clk.o(i.CLK_SetHCLK) refers to clk.o(i.CLK_WaitClockReady) for CLK_WaitClockReady
    clk.o(i.CLK_SetHCLK) refers to system_nano100series.o(i.SystemCoreClockUpdate) for SystemCoreClockUpdate
    clk.o(i.CLK_SysTickDelay) refers to aeabi_sdiv.o(.text) for __aeabi_uidivmod
    clk.o(i.CLK_SysTickDelay) refers to system_nano100series.o(.data) for SystemCoreClock
    retarget.o(.emb_text) refers to retarget.o(i.Hard_Fault_Handler) for Hard_Fault_Handler
    retarget.o(i.Hard_Fault_Handler) refers to noretval__2printf.o(.text) for __2printf
    retarget.o(i.Hard_Fault_Handler) refers to retarget.o(i.stackDump) for stackDump
    retarget.o(i.SendChar) refers to retarget.o(i.SendChar_ToUART) for SendChar_ToUART
    retarget.o(i._ttywrch) refers to retarget.o(i.SendChar) for SendChar
    retarget.o(i.fgetc) refers to retarget.o(i.GetChar) for GetChar
    retarget.o(i.fputc) refers to retarget.o(i.SendChar) for SendChar
    retarget.o(i.stackDump) refers to _printf_percent.o(.ARM.Collect$$_printf_percent$$00000000) for _printf_percent
    retarget.o(i.stackDump) refers to _printf_x.o(.ARM.Collect$$_printf_percent$$0000000C) for _printf_x
    retarget.o(i.stackDump) refers to _printf_hex_int.o(.text) for _printf_longlong_hex
    retarget.o(i.stackDump) refers to noretval__2printf.o(.text) for __2printf
    spi.o(i.SPI_GetBusClock) refers to clk.o(i.CLK_GetHCLKFreq) for CLK_GetHCLKFreq
    spi.o(i.SPI_GetBusClock) refers to clk.o(i.CLK_GetPLLClockFreq) for CLK_GetPLLClockFreq
    spi.o(i.SPI_GetBusClock) refers to aeabi_sdiv.o(.text) for __aeabi_uidivmod
    spi.o(i.SPI_Open) refers to spi.o(i.SPI_SetBusClock) for SPI_SetBusClock
    spi.o(i.SPI_SetBusClock) refers to clk.o(i.CLK_GetHCLKFreq) for CLK_GetHCLKFreq
    spi.o(i.SPI_SetBusClock) refers to clk.o(i.CLK_GetPLLClockFreq) for CLK_GetPLLClockFreq
    spi.o(i.SPI_SetBusClock) refers to aeabi_sdiv.o(.text) for __aeabi_uidivmod
    uart.o(i.UART_Open) refers to aeabi_sdiv.o(.text) for __aeabi_uidivmod
    uart.o(i.UART_Open) refers to system_nano100series.o(i.SysGet_PLLClockFreq) for SysGet_PLLClockFreq
    uart.o(i.UART_Open) refers to uart.o(.constdata) for .constdata
    uart.o(i.UART_SelectIrDAMode) refers to aeabi_sdiv.o(.text) for __aeabi_uidivmod
    uart.o(i.UART_SelectIrDAMode) refers to system_nano100series.o(i.SysGet_PLLClockFreq) for SysGet_PLLClockFreq
    uart.o(i.UART_SelectIrDAMode) refers to uart.o(.constdata) for .constdata
    uart.o(i.UART_SetLine_Config) refers to aeabi_sdiv.o(.text) for __aeabi_uidivmod
    uart.o(i.UART_SetLine_Config) refers to system_nano100series.o(i.SysGet_PLLClockFreq) for SysGet_PLLClockFreq
    uart.o(i.UART_SetLine_Config) refers to uart.o(.constdata) for .constdata
    __2printf.o(.text) refers to _printf_char_file.o(.text) for _printf_char_file
    __2printf.o(.text) refers to retarget.o(.data) for __stdout
    noretval__2printf.o(.text) refers to _printf_char_file.o(.text) for _printf_char_file
    noretval__2printf.o(.text) refers to retarget.o(.data) for __stdout
    __printf.o(.text) refers to _printf_percent.o(.ARM.Collect$$_printf_percent$$00000000) for _printf_percent
    _printf_hex_ll.o(.text) refers to _printf_intcommon.o(.text) for _printf_int_common
    _printf_hex_ll.o(.text) refers to _printf_hex_ll.o(.constdata) for .constdata
    _printf_hex_int.o(.text) refers to _printf_intcommon.o(.text) for _printf_int_common
    _printf_hex_int.o(.text) refers to _printf_hex_int.o(.constdata) for .constdata
    _printf_hex_int_ll.o(.text) refers to _printf_intcommon.o(.text) for _printf_int_common
    _printf_hex_int_ll.o(.text) refers to _printf_hex_int_ll.o(.constdata) for .constdata
    _printf_hex_ptr.o(.text) refers to _printf_intcommon.o(.text) for _printf_int_common
    _printf_hex_ptr.o(.text) refers to _printf_hex_ptr.o(.constdata) for .constdata
    _printf_hex_int_ptr.o(.text) refers to _printf_intcommon.o(.text) for _printf_int_common
    _printf_hex_int_ptr.o(.text) refers to _printf_hex_int_ptr.o(.constdata) for .constdata
    _printf_hex_ll_ptr.o(.text) refers to _printf_intcommon.o(.text) for _printf_int_common
    _printf_hex_ll_ptr.o(.text) refers to _printf_hex_ll_ptr.o(.constdata) for .constdata
    _printf_hex_int_ll_ptr.o(.text) refers to _printf_intcommon.o(.text) for _printf_int_common
    _printf_hex_int_ll_ptr.o(.text) refers to _printf_hex_int_ll_ptr.o(.constdata) for .constdata
    __printf_flags.o(.text) refers to _printf_percent.o(.ARM.Collect$$_printf_percent$$00000000) for _printf_percent
    __printf_flags.o(.text) refers to __printf_flags.o(.constdata) for .constdata
    __printf_ss.o(.text) refers to _printf_percent.o(.ARM.Collect$$_printf_percent$$00000000) for _printf_percent
    __printf_flags_ss.o(.text) refers to _printf_percent.o(.ARM.Collect$$_printf_percent$$00000000) for _printf_percent
    __printf_flags_ss.o(.text) refers to __printf_flags_ss.o(.constdata) for .constdata
    __printf_wp.o(.text) refers to __printf_wp.o(i._is_digit) for _is_digit
    __printf_wp.o(.text) refers to _printf_percent.o(.ARM.Collect$$_printf_percent$$00000000) for _printf_percent
    __printf_flags_wp.o(.text) refers to __printf_wp.o(i._is_digit) for _is_digit
    __printf_flags_wp.o(.text) refers to _printf_percent.o(.ARM.Collect$$_printf_percent$$00000000) for _printf_percent
    __printf_flags_wp.o(.text) refers to __printf_flags_wp.o(.constdata) for .constdata
    __printf_ss_wp.o(.text) refers to __printf_wp.o(i._is_digit) for _is_digit
    __printf_ss_wp.o(.text) refers to _printf_percent.o(.ARM.Collect$$_printf_percent$$00000000) for _printf_percent
    __printf_flags_ss_wp.o(.text) refers to __printf_wp.o(i._is_digit) for _is_digit
    __printf_flags_ss_wp.o(.text) refers to _printf_percent.o(.ARM.Collect$$_printf_percent$$00000000) for _printf_percent
    __printf_flags_ss_wp.o(.text) refers to __printf_flags_ss_wp.o(.constdata) for .constdata
    _printf_x.o(.ARM.Collect$$_printf_percent$$0000000C) refers (Weak) to _printf_hex_int.o(.text) for _printf_int_hex
    _printf_percent.o(.ARM.Collect$$_printf_percent$$00000000) refers (Special) to _printf_percent_end.o(.ARM.Collect$$_printf_percent$$00000017) for _printf_percent_end
    __main.o(!!!main) refers to __rtentry.o(.ARM.Collect$$rtentry$$00000000) for __rt_entry
    __rtentry.o(.ARM.Collect$$rtentry$$00000000) refers (Special) to __rtentry2.o(.ARM.Collect$$rtentry$$0000000A) for __rt_entry_li
    __rtentry.o(.ARM.Collect$$rtentry$$00000000) refers (Special) to __rtentry2.o(.ARM.Collect$$rtentry$$0000000D) for __rt_entry_main
    __rtentry.o(.ARM.Collect$$rtentry$$00000000) refers (Special) to __rtentry2.o(.ARM.Collect$$rtentry$$0000000C) for __rt_entry_postli_1
    __rtentry.o(.ARM.Collect$$rtentry$$00000000) refers (Special) to __rtentry2.o(.ARM.Collect$$rtentry$$00000009) for __rt_entry_postsh_1
    __rtentry.o(.ARM.Collect$$rtentry$$00000000) refers (Special) to __rtentry2.o(.ARM.Collect$$rtentry$$00000002) for __rt_entry_presh_1
    __rtentry.o(.ARM.Collect$$rtentry$$00000000) refers (Special) to __rtentry4.o(.ARM.Collect$$rtentry$$00000004) for __rt_entry_sh
    aeabi_idiv0_sigfpe.o(.text) refers to rt_div0.o(.text) for __rt_div0
    _printf_char_file.o(.text) refers to _printf_char_common.o(.text) for _printf_char_common
    _printf_char_file.o(.text) refers to retarget.o(i.ferror) for ferror
    _printf_char_file.o(.text) refers to retarget.o(i.fputc) for fputc
    __rtentry2.o(.ARM.Collect$$rtentry$$00000008) refers to boardinit2.o(.text) for _platform_post_stackheap_init
    __rtentry2.o(.ARM.Collect$$rtentry$$0000000A) refers to libinit.o(.ARM.Collect$$libinit$$00000000) for __rt_lib_init
    __rtentry2.o(.ARM.Collect$$rtentry$$0000000B) refers to boardinit3.o(.text) for _platform_post_lib_init
    __rtentry2.o(.ARM.Collect$$rtentry$$0000000D) refers to main.o(i.main) for main
    __rtentry2.o(.ARM.Collect$$rtentry$$0000000D) refers to exit.o(.text) for exit
    __rtentry2.o(.ARM.exidx) refers to __rtentry2.o(.ARM.Collect$$rtentry$$00000001) for .ARM.Collect$$rtentry$$00000001
    __rtentry2.o(.ARM.exidx) refers to __rtentry2.o(.ARM.Collect$$rtentry$$00000008) for .ARM.Collect$$rtentry$$00000008
    __rtentry2.o(.ARM.exidx) refers to __rtentry2.o(.ARM.Collect$$rtentry$$0000000A) for .ARM.Collect$$rtentry$$0000000A
    __rtentry2.o(.ARM.exidx) refers to __rtentry2.o(.ARM.Collect$$rtentry$$0000000B) for .ARM.Collect$$rtentry$$0000000B
    __rtentry2.o(.ARM.exidx) refers to __rtentry2.o(.ARM.Collect$$rtentry$$0000000D) for .ARM.Collect$$rtentry$$0000000D
    __rtentry4.o(.ARM.Collect$$rtentry$$00000004) refers to sys_stackheap_outer.o(.text) for __user_setup_stackheap
    __rtentry4.o(.ARM.exidx) refers to __rtentry4.o(.ARM.Collect$$rtentry$$00000004) for .ARM.Collect$$rtentry$$00000004
    rt_div0.o(.text) refers to defsig_fpe_outer.o(.text) for __rt_SIGFPE
    _printf_char_common.o(.text) refers to __printf_wp.o(.text) for __printf
    sys_stackheap_outer.o(.text) refers to libspace.o(.text) for __user_perproc_libspace
    sys_stackheap_outer.o(.text) refers to startup_nano100series.o(.text) for __user_initial_stackheap
    sys_stackheap_outer.o(__vectab_stack_and_reset_area) refers to tempstk.o(.text) for __temporary_stack_top
    sys_stackheap_outer.o(__vectab_stack_and_reset_area) refers to __main.o(!!!main) for __main
    exit.o(.text) refers to rtexit.o(.ARM.Collect$$rtexit$$00000000) for __rt_exit
    defsig_fpe_outer.o(.text) refers to defsig_fpe_inner.o(.text) for __rt_SIGFPE_inner
    defsig_fpe_outer.o(.text) refers to defsig_exit.o(.text) for __sig_exit
    defsig_fpe_formal.o(.text) refers to rt_raise.o(.text) for __rt_raise
    libinit.o(.ARM.Collect$$libinit$$00000000) refers (Special) to libinit2.o(.ARM.Collect$$libinit$$0000002E) for __rt_lib_init_alloca_1
    libinit.o(.ARM.Collect$$libinit$$00000000) refers (Special) to libinit2.o(.ARM.Collect$$libinit$$0000002C) for __rt_lib_init_argv_1
    libinit.o(.ARM.Collect$$libinit$$00000000) refers (Special) to libinit2.o(.ARM.Collect$$libinit$$0000001B) for __rt_lib_init_atexit_1
    libinit.o(.ARM.Collect$$libinit$$00000000) refers (Special) to libinit2.o(.ARM.Collect$$libinit$$00000021) for __rt_lib_init_clock_1
    libinit.o(.ARM.Collect$$libinit$$00000000) refers (Special) to libinit2.o(.ARM.Collect$$libinit$$00000032) for __rt_lib_init_cpp_1
    libinit.o(.ARM.Collect$$libinit$$00000000) refers (Special) to libinit2.o(.ARM.Collect$$libinit$$00000030) for __rt_lib_init_exceptions_1
    libinit.o(.ARM.Collect$$libinit$$00000000) refers (Special) to libinit2.o(.ARM.Collect$$libinit$$00000002) for __rt_lib_init_fp_1
    libinit.o(.ARM.Collect$$libinit$$00000000) refers (Special) to libinit2.o(.ARM.Collect$$libinit$$0000001F) for __rt_lib_init_fp_trap_1
    libinit.o(.ARM.Collect$$libinit$$00000000) refers (Special) to libinit2.o(.ARM.Collect$$libinit$$00000023) for __rt_lib_init_getenv_1
    libinit.o(.ARM.Collect$$libinit$$00000000) refers (Special) to libinit2.o(.ARM.Collect$$libinit$$0000000A) for __rt_lib_init_heap_1
    libinit.o(.ARM.Collect$$libinit$$00000000) refers (Special) to libinit2.o(.ARM.Collect$$libinit$$00000011) for __rt_lib_init_lc_collate_1
    libinit.o(.ARM.Collect$$libinit$$00000000) refers (Special) to libinit2.o(.ARM.Collect$$libinit$$00000013) for __rt_lib_init_lc_ctype_1
    libinit.o(.ARM.Collect$$libinit$$00000000) refers (Special) to libinit2.o(.ARM.Collect$$libinit$$00000015) for __rt_lib_init_lc_monetary_1
    libinit.o(.ARM.Collect$$libinit$$00000000) refers (Special) to libinit2.o(.ARM.Collect$$libinit$$00000017) for __rt_lib_init_lc_numeric_1
    libinit.o(.ARM.Collect$$libinit$$00000000) refers (Special) to libinit2.o(.ARM.Collect$$libinit$$00000019) for __rt_lib_init_lc_time_1
    libinit.o(.ARM.Collect$$libinit$$00000000) refers (Special) to libinit2.o(.ARM.Collect$$libinit$$00000004) for __rt_lib_init_preinit_1
    libinit.o(.ARM.Collect$$libinit$$00000000) refers (Special) to libinit2.o(.ARM.Collect$$libinit$$0000000E) for __rt_lib_init_rand_1
    libinit.o(.ARM.Collect$$libinit$$00000000) refers (Special) to libinit2.o(.ARM.Collect$$libinit$$00000033) for __rt_lib_init_return
    libinit.o(.ARM.Collect$$libinit$$00000000) refers (Special) to libinit2.o(.ARM.Collect$$libinit$$0000001D) for __rt_lib_init_signal_1
    libinit.o(.ARM.Collect$$libinit$$00000000) refers (Special) to libinit2.o(.ARM.Collect$$libinit$$00000025) for __rt_lib_init_stdio_1
    libinit.o(.ARM.Collect$$libinit$$00000000) refers (Special) to libinit2.o(.ARM.Collect$$libinit$$0000000C) for __rt_lib_init_user_alloc_1
    libspace.o(.text) refers to libspace.o(.bss) for __libspace_start
    rtexit.o(.ARM.Collect$$rtexit$$00000000) refers (Special) to rtexit2.o(.ARM.Collect$$rtexit$$00000004) for __rt_exit_exit
    rtexit.o(.ARM.Collect$$rtexit$$00000000) refers (Special) to rtexit2.o(.ARM.Collect$$rtexit$$00000003) for __rt_exit_ls
    rtexit.o(.ARM.Collect$$rtexit$$00000000) refers (Special) to rtexit2.o(.ARM.Collect$$rtexit$$00000002) for __rt_exit_prels_1
    rtexit.o(.ARM.exidx) refers (Special) to rtexit2.o(.ARM.Collect$$rtexit$$00000004) for __rt_exit_exit
    rtexit.o(.ARM.exidx) refers (Special) to rtexit2.o(.ARM.Collect$$rtexit$$00000003) for __rt_exit_ls
    rtexit.o(.ARM.exidx) refers (Special) to rtexit2.o(.ARM.Collect$$rtexit$$00000002) for __rt_exit_prels_1
    rtexit.o(.ARM.exidx) refers to rtexit.o(.ARM.Collect$$rtexit$$00000000) for .ARM.Collect$$rtexit$$00000000
    rt_raise.o(.text) refers to __raise.o(.text) for __raise
    rt_raise.o(.text) refers to sys_exit.o(.text) for _sys_exit
    defsig_exit.o(.text) refers to sys_exit.o(.text) for _sys_exit
    defsig_fpe_inner.o(.text) refers to defsig_general.o(.text) for __default_signal_display
    libinit2.o(.ARM.Collect$$libinit$$00000010) refers to libinit2.o(.ARM.Collect$$libinit$$0000000F) for .ARM.Collect$$libinit$$0000000F
    libinit2.o(.ARM.Collect$$libinit$$00000012) refers to libinit2.o(.ARM.Collect$$libinit$$0000000F) for .ARM.Collect$$libinit$$0000000F
    libinit2.o(.ARM.Collect$$libinit$$00000014) refers to libinit2.o(.ARM.Collect$$libinit$$0000000F) for .ARM.Collect$$libinit$$0000000F
    libinit2.o(.ARM.Collect$$libinit$$00000016) refers to libinit2.o(.ARM.Collect$$libinit$$0000000F) for .ARM.Collect$$libinit$$0000000F
    libinit2.o(.ARM.Collect$$libinit$$00000018) refers to libinit2.o(.ARM.Collect$$libinit$$0000000F) for .ARM.Collect$$libinit$$0000000F
    libinit2.o(.ARM.Collect$$libinit$$00000026) refers to argv_veneer.o(.text) for __ARM_argv_veneer
    libinit2.o(.ARM.Collect$$libinit$$00000027) refers to argv_veneer.o(.text) for __ARM_argv_veneer
    sys_exit.o(.text) refers (Special) to use_no_semi.o(.text) for __I$use$semihosting
    sys_exit.o(.text) refers (Special) to indicate_semi.o(.text) for __semihosting_library_function
    rtexit2.o(.ARM.Collect$$rtexit$$00000003) refers to libshutdown.o(.ARM.Collect$$libshutdown$$00000000) for __rt_lib_shutdown
    rtexit2.o(.ARM.Collect$$rtexit$$00000004) refers to sys_exit.o(.text) for _sys_exit
    rtexit2.o(.ARM.exidx) refers to rtexit2.o(.ARM.Collect$$rtexit$$00000001) for .ARM.Collect$$rtexit$$00000001
    rtexit2.o(.ARM.exidx) refers to rtexit2.o(.ARM.Collect$$rtexit$$00000003) for .ARM.Collect$$rtexit$$00000003
    rtexit2.o(.ARM.exidx) refers to rtexit2.o(.ARM.Collect$$rtexit$$00000004) for .ARM.Collect$$rtexit$$00000004
    __raise.o(.text) refers to defsig.o(CL$$defsig) for __default_signal_handler
    defsig_general.o(.text) refers to retarget.o(i._ttywrch) for _ttywrch
    defsig.o(CL$$defsig) refers to defsig_fpe_inner.o(.text) for __rt_SIGFPE_inner
    defsig.o(CL$$defsig) refers to defsig_rtmem_inner.o(.text) for __rt_SIGRTMEM_inner
    _get_argv_nomalloc.o(.text) refers (Special) to hrguard.o(.text) for __heap_region$guard
    _get_argv_nomalloc.o(.text) refers to defsig_rtmem_outer.o(.text) for __rt_SIGRTMEM
    _get_argv_nomalloc.o(.text) refers to sys_command.o(.text) for _sys_command_string
    libshutdown.o(.ARM.Collect$$libshutdown$$00000000) refers (Special) to libshutdown2.o(.ARM.Collect$$libshutdown$$00000004) for __rt_lib_shutdown_cpp_1
    libshutdown.o(.ARM.Collect$$libshutdown$$00000000) refers (Special) to libshutdown2.o(.ARM.Collect$$libshutdown$$00000002) for __rt_lib_shutdown_fini_1
    libshutdown.o(.ARM.Collect$$libshutdown$$00000000) refers (Special) to libshutdown2.o(.ARM.Collect$$libshutdown$$00000009) for __rt_lib_shutdown_fp_trap_1
    libshutdown.o(.ARM.Collect$$libshutdown$$00000000) refers (Special) to libshutdown2.o(.ARM.Collect$$libshutdown$$00000011) for __rt_lib_shutdown_heap_1
    libshutdown.o(.ARM.Collect$$libshutdown$$00000000) refers (Special) to libshutdown2.o(.ARM.Collect$$libshutdown$$00000012) for __rt_lib_shutdown_return
    libshutdown.o(.ARM.Collect$$libshutdown$$00000000) refers (Special) to libshutdown2.o(.ARM.Collect$$libshutdown$$0000000C) for __rt_lib_shutdown_signal_1
    libshutdown.o(.ARM.Collect$$libshutdown$$00000000) refers (Special) to libshutdown2.o(.ARM.Collect$$libshutdown$$00000006) for __rt_lib_shutdown_stdio_1
    libshutdown.o(.ARM.Collect$$libshutdown$$00000000) refers (Special) to libshutdown2.o(.ARM.Collect$$libshutdown$$0000000E) for __rt_lib_shutdown_user_alloc_1
    sys_command.o(.text) refers (Special) to use_no_semi.o(.text) for __I$use$semihosting
    sys_command.o(.text) refers (Special) to indicate_semi.o(.text) for __semihosting_library_function
    defsig_abrt_inner.o(.text) refers to defsig_general.o(.text) for __default_signal_display
    defsig_rtred_inner.o(.text) refers to defsig_general.o(.text) for __default_signal_display
    defsig_rtmem_inner.o(.text) refers to defsig_general.o(.text) for __default_signal_display
    defsig_rtmem_outer.o(.text) refers to defsig_rtmem_inner.o(.text) for __rt_SIGRTMEM_inner
    defsig_rtmem_outer.o(.text) refers to defsig_exit.o(.text) for __sig_exit
    defsig_rtmem_formal.o(.text) refers to rt_raise.o(.text) for __rt_raise
    defsig_stak_inner.o(.text) refers to defsig_general.o(.text) for __default_signal_display
    defsig_pvfn_inner.o(.text) refers to defsig_general.o(.text) for __default_signal_display
    defsig_cppl_inner.o(.text) refers to defsig_general.o(.text) for __default_signal_display
    defsig_segv_inner.o(.text) refers to defsig_general.o(.text) for __default_signal_display
    defsig_other.o(.text) refers to defsig_general.o(.text) for __default_signal_display


==============================================================================

Removing Unused input sections from the image.

    Removing system_nano100series.o(.rev16_text), (4 bytes).
    Removing system_nano100series.o(.revsh_text), (4 bytes).
    Removing main.o(.rev16_text), (4 bytes).
    Removing main.o(.revsh_text), (4 bytes).
    Removing main.o(.ARM.exidx), (8 bytes).
    Removing main.o(.ARM.exidx), (8 bytes).
    Removing main.o(.ARM.exidx), (8 bytes).
    Removing main.o(.ARM.exidx), (8 bytes).
    Removing main.o(.ARM.exidx), (8 bytes).
    Removing main.o(.ARM.exidx), (8 bytes).
    Removing main.o(.ARM.exidx), (8 bytes).
    Removing clk.o(.rev16_text), (4 bytes).
    Removing clk.o(.revsh_text), (4 bytes).
    Removing clk.o(i.CLK_DisableCKO), (16 bytes).
    Removing clk.o(i.CLK_DisableModuleClock), (28 bytes).
    Removing clk.o(i.CLK_DisablePLL), (16 bytes).
    Removing clk.o(i.CLK_DisableSysTick), (12 bytes).
    Removing clk.o(i.CLK_DisableXtalRC), (16 bytes).
    Removing clk.o(i.CLK_EnableCKO), (32 bytes).
    Removing clk.o(i.CLK_EnableSysTick), (48 bytes).
    Removing clk.o(i.CLK_GetCPUFreq), (16 bytes).
    Removing clk.o(i.CLK_GetHXTFreq), (24 bytes).
    Removing clk.o(i.CLK_GetLXTFreq), (24 bytes).
    Removing clk.o(i.CLK_Idle), (20 bytes).
    Removing clk.o(i.CLK_PowerDown), (28 bytes).
    Removing gpio.o(.rev16_text), (4 bytes).
    Removing gpio.o(.revsh_text), (4 bytes).
    Removing gpio.o(i.GPIO_DisableInt), (28 bytes).
    Removing gpio.o(i.GPIO_EnableInt), (26 bytes).
    Removing retarget.o(.rev16_text), (4 bytes).
    Removing retarget.o(.revsh_text), (4 bytes).
    Removing retarget.o(i.GetChar), (20 bytes).
    Removing retarget.o(i.IsDebugFifoEmpty), (16 bytes).
    Removing retarget.o(i._ttywrch), (8 bytes).
    Removing retarget.o(i.fgetc), (8 bytes).
    Removing retarget.o(i.kbhit), (16 bytes).
    Removing retarget.o(.data), (4 bytes).
    Removing spi.o(.rev16_text), (4 bytes).
    Removing spi.o(.revsh_text), (4 bytes).
    Removing spi.o(i.SPI_ClearRxFIFO), (10 bytes).
    Removing spi.o(i.SPI_ClearTxFIFO), (10 bytes).
    Removing spi.o(i.SPI_Close), (76 bytes).
    Removing spi.o(i.SPI_DisableAutoSS), (10 bytes).
    Removing spi.o(i.SPI_DisableFIFO), (12 bytes).
    Removing spi.o(i.SPI_DisableInt), (78 bytes).
    Removing spi.o(i.SPI_DisableWakeup), (10 bytes).
    Removing spi.o(i.SPI_EnableFIFO), (32 bytes).
    Removing spi.o(i.SPI_EnableInt), (78 bytes).
    Removing spi.o(i.SPI_EnableWakeup), (12 bytes).
    Removing spi.o(i.SPI_GetBusClock), (96 bytes).
    Removing sys.o(.rev16_text), (4 bytes).
    Removing sys.o(.revsh_text), (4 bytes).
    Removing sys.o(i.SYS_DisableBOD), (16 bytes).
    Removing sys.o(i.SYS_DisableIRCTrim), (12 bytes).
    Removing sys.o(i.SYS_EnableBOD), (20 bytes).
    Removing sys.o(i.SYS_EnableIRCTrim), (32 bytes).
    Removing sys.o(i.SYS_GetBODStatus), (12 bytes).
    Removing sys.o(i.SYS_IsRegLocked), (16 bytes).
    Removing sys.o(i.SYS_ReadPDID), (8 bytes).
    Removing sys.o(i.SYS_ResetCPU), (14 bytes).
    Removing sys.o(i.SYS_ResetChip), (14 bytes).
    Removing sys.o(i.SYS_ResetModule), (26 bytes).
    Removing uart.o(.rev16_text), (4 bytes).
    Removing uart.o(.revsh_text), (4 bytes).
    Removing uart.o(i.UART_ClearIntFlag), (86 bytes).
    Removing uart.o(i.UART_Close), (6 bytes).
    Removing uart.o(i.UART_DisableFlowCtrl), (10 bytes).
    Removing uart.o(i.UART_DisableInt), (8 bytes).
    Removing uart.o(i.UART_EnableFlowCtrl), (24 bytes).
    Removing uart.o(i.UART_EnableInt), (8 bytes).
    Removing uart.o(i.UART_Read), (44 bytes).
    Removing uart.o(i.UART_SelectIrDAMode), (140 bytes).
    Removing uart.o(i.UART_SelectLINMode), (34 bytes).
    Removing uart.o(i.UART_SelectRS485Mode), (20 bytes).
    Removing uart.o(i.UART_SetLine_Config), (144 bytes).
    Removing uart.o(i.UART_SetTimeoutCnt), (20 bytes).
    Removing uart.o(i.UART_Write), (44 bytes).

77 unused section(s) (total 1708 bytes) removed from the image.

==============================================================================

Image Symbol Table

    Local Symbols

    Symbol Name                              Value     Ov Type        Size  Object(Section)

    RESET                                    0x00000000   Section      192  startup_nano100series.o(RESET)
    ../clib/angel/boardlib.s                 0x00000000   Number         0  boardinit3.o ABSOLUTE
    ../clib/angel/boardlib.s                 0x00000000   Number         0  boardinit1.o ABSOLUTE
    ../clib/angel/boardlib.s                 0x00000000   Number         0  boardshut.o ABSOLUTE
    ../clib/angel/boardlib.s                 0x00000000   Number         0  boardinit2.o ABSOLUTE
    ../clib/angel/handlers.s                 0x00000000   Number         0  __scatter_zi.o ABSOLUTE
    ../clib/angel/handlers.s                 0x00000000   Number         0  __scatter_copy.o ABSOLUTE
    ../clib/angel/kernel.s                   0x00000000   Number         0  __rtentry.o ABSOLUTE
    ../clib/angel/kernel.s                   0x00000000   Number         0  __rtentry4.o ABSOLUTE
    ../clib/angel/kernel.s                   0x00000000   Number         0  __rtentry2.o ABSOLUTE
    ../clib/angel/kernel.s                   0x00000000   Number         0  rtexit2.o ABSOLUTE
    ../clib/angel/kernel.s                   0x00000000   Number         0  rtexit.o ABSOLUTE
    ../clib/angel/rt.s                       0x00000000   Number         0  rt_div0.o ABSOLUTE
    ../clib/angel/rt.s                       0x00000000   Number         0  aeabi_idiv0.o ABSOLUTE
    ../clib/angel/rt.s                       0x00000000   Number         0  aeabi_idiv0_sigfpe.o ABSOLUTE
    ../clib/angel/rt.s                       0x00000000   Number         0  rt_raise.o ABSOLUTE
    ../clib/angel/scatterp.s                 0x00000000   Number         0  __scatter.o ABSOLUTE
    ../clib/angel/startup.s                  0x00000000   Number         0  __main.o ABSOLUTE
    ../clib/angel/sys.s                      0x00000000   Number         0  use_no_semi.o ABSOLUTE
    ../clib/angel/sys.s                      0x00000000   Number         0  sys_stackheap_outer.o ABSOLUTE
    ../clib/angel/sys.s                      0x00000000   Number         0  indicate_semi.o ABSOLUTE
    ../clib/angel/sys.s                      0x00000000   Number         0  libspace.o ABSOLUTE
    ../clib/angel/sys.s                      0x00000000   Number         0  tempstk.o ABSOLUTE
    ../clib/angel/sysapp.c                   0x00000000   Number         0  sys_command.o ABSOLUTE
    ../clib/angel/sysapp.c                   0x00000000   Number         0  sys_exit.o ABSOLUTE
    ../clib/armsys.c                         0x00000000   Number         0  argv_veneer.o ABSOLUTE
    ../clib/armsys.c                         0x00000000   Number         0  no_argv.o ABSOLUTE
    ../clib/armsys.c                         0x00000000   Number         0  _get_argv_nomalloc.o ABSOLUTE
    ../clib/division.s                       0x00000000   Number         0  aeabi_sdiv.o ABSOLUTE
    ../clib/division.s                       0x00000000   Number         0  aeabi_sdiv_div0.o ABSOLUTE
    ../clib/heapalloc.c                      0x00000000   Number         0  hrguard.o ABSOLUTE
    ../clib/heapaux.c                        0x00000000   Number         0  heapauxi.o ABSOLUTE
    ../clib/libinit.s                        0x00000000   Number         0  libshutdown.o ABSOLUTE
    ../clib/libinit.s                        0x00000000   Number         0  libshutdown2.o ABSOLUTE
    ../clib/libinit.s                        0x00000000   Number         0  libinit.o ABSOLUTE
    ../clib/libinit.s                        0x00000000   Number         0  libinit2.o ABSOLUTE
    ../clib/misc.s                           0x00000000   Number         0  printf_stubs.o ABSOLUTE
    ../clib/printf.c                         0x00000000   Number         0  __printf_nopercent.o ABSOLUTE
    ../clib/printf.c                         0x00000000   Number         0  __printf_flags_ss_wp.o ABSOLUTE
    ../clib/printf.c                         0x00000000   Number         0  __printf_flags_wp.o ABSOLUTE
    ../clib/printf.c                         0x00000000   Number         0  _printf_char_common.o ABSOLUTE
    ../clib/printf.c                         0x00000000   Number         0  __printf_ss_wp.o ABSOLUTE
    ../clib/printf.c                         0x00000000   Number         0  _printf_char_file.o ABSOLUTE
    ../clib/printf.c                         0x00000000   Number         0  __printf_flags.o ABSOLUTE
    ../clib/printf.c                         0x00000000   Number         0  _printf_intcommon.o ABSOLUTE
    ../clib/printf.c                         0x00000000   Number         0  __2printf.o ABSOLUTE
    ../clib/printf.c                         0x00000000   Number         0  noretval__2printf.o ABSOLUTE
    ../clib/printf.c                         0x00000000   Number         0  __printf.o ABSOLUTE
    ../clib/printf.c                         0x00000000   Number         0  _printf_hex_ll.o ABSOLUTE
    ../clib/printf.c                         0x00000000   Number         0  _printf_hex_int.o ABSOLUTE
    ../clib/printf.c                         0x00000000   Number         0  _printf_hex_int_ll.o ABSOLUTE
    ../clib/printf.c                         0x00000000   Number         0  _printf_hex_ptr.o ABSOLUTE
    ../clib/printf.c                         0x00000000   Number         0  _printf_hex_int_ptr.o ABSOLUTE
    ../clib/printf.c                         0x00000000   Number         0  _printf_hex_ll_ptr.o ABSOLUTE
    ../clib/printf.c                         0x00000000   Number         0  _printf_hex_int_ll_ptr.o ABSOLUTE
    ../clib/printf.c                         0x00000000   Number         0  __printf_ss.o ABSOLUTE
    ../clib/printf.c                         0x00000000   Number         0  __printf_flags_ss.o ABSOLUTE
    ../clib/printf.c                         0x00000000   Number         0  __printf_wp.o ABSOLUTE
    ../clib/printf_percent.s                 0x00000000   Number         0  _printf_x.o ABSOLUTE
    ../clib/printf_percent.s                 0x00000000   Number         0  _printf_percent.o ABSOLUTE
    ../clib/printf_percent.s                 0x00000000   Number         0  _printf_percent_end.o ABSOLUTE
    ../clib/signal.c                         0x00000000   Number         0  defsig_pvfn_inner.o ABSOLUTE
    ../clib/signal.c                         0x00000000   Number         0  defsig_cppl_inner.o ABSOLUTE
    ../clib/signal.c                         0x00000000   Number         0  defsig_segv_inner.o ABSOLUTE
    ../clib/signal.c                         0x00000000   Number         0  defsig_other.o ABSOLUTE
    ../clib/signal.c                         0x00000000   Number         0  defsig_abrt_inner.o ABSOLUTE
    ../clib/signal.c                         0x00000000   Number         0  defsig_fpe_formal.o ABSOLUTE
    ../clib/signal.c                         0x00000000   Number         0  defsig_fpe_outer.o ABSOLUTE
    ../clib/signal.c                         0x00000000   Number         0  defsig_general.o ABSOLUTE
    ../clib/signal.c                         0x00000000   Number         0  __raise.o ABSOLUTE
    ../clib/signal.c                         0x00000000   Number         0  defsig_rtred_inner.o ABSOLUTE
    ../clib/signal.c                         0x00000000   Number         0  defsig_rtmem_inner.o ABSOLUTE
    ../clib/signal.c                         0x00000000   Number         0  defsig_rtmem_formal.o ABSOLUTE
    ../clib/signal.c                         0x00000000   Number         0  defsig_rtmem_outer.o ABSOLUTE
    ../clib/signal.c                         0x00000000   Number         0  defsig_fpe_inner.o ABSOLUTE
    ../clib/signal.c                         0x00000000   Number         0  defsig_exit.o ABSOLUTE
    ../clib/signal.c                         0x00000000   Number         0  defsig_stak_inner.o ABSOLUTE
    ../clib/signal.s                         0x00000000   Number         0  defsig.o ABSOLUTE
    ../clib/stdlib.c                         0x00000000   Number         0  exit.o ABSOLUTE
    ../fplib/cfplib/fpinit.c                 0x00000000   Number         0  fpinit.o ABSOLUTE
    ..\Library\Device\Nuvoton\Nano100Series\Source\ARM\startup_Nano100Series.s 0x00000000   Number         0  startup_nano100series.o ABSOLUTE
    ..\Library\Device\Nuvoton\Nano100Series\Source\system_Nano100Series.c 0x00000000   Number         0  system_nano100series.o ABSOLUTE
    ..\Library\StdDriver\src\clk.c           0x00000000   Number         0  clk.o ABSOLUTE
    ..\Library\StdDriver\src\gpio.c          0x00000000   Number         0  gpio.o ABSOLUTE
    ..\Library\StdDriver\src\retarget.c      0x00000000   Number         0  retarget.o ABSOLUTE
    ..\Library\StdDriver\src\spi.c           0x00000000   Number         0  spi.o ABSOLUTE
    ..\Library\StdDriver\src\sys.c           0x00000000   Number         0  sys.o ABSOLUTE
    ..\Library\StdDriver\src\uart.c          0x00000000   Number         0  uart.o ABSOLUTE
    ..\USER\main.cpp                         0x00000000   Number         0  main.o ABSOLUTE
    ..\\Library\\Device\\Nuvoton\\Nano100Series\\Source\\system_Nano100Series.c 0x00000000   Number         0  system_nano100series.o ABSOLUTE
    ..\\Library\\StdDriver\\src\\clk.c       0x00000000   Number         0  clk.o ABSOLUTE
    ..\\Library\\StdDriver\\src\\gpio.c      0x00000000   Number         0  gpio.o ABSOLUTE
    ..\\Library\\StdDriver\\src\\retarget.c  0x00000000   Number         0  retarget.o ABSOLUTE
    ..\\Library\\StdDriver\\src\\spi.c       0x00000000   Number         0  spi.o ABSOLUTE
    ..\\Library\\StdDriver\\src\\sys.c       0x00000000   Number         0  sys.o ABSOLUTE
    ..\\Library\\StdDriver\\src\\uart.c      0x00000000   Number         0  uart.o ABSOLUTE
    ..\\USER\\main.cpp                       0x00000000   Number         0  main.o ABSOLUTE
    dc.s                                     0x00000000   Number         0  dc.o ABSOLUTE
    !!!main                                  0x000000c0   Section        8  __main.o(!!!main)
    !!!scatter                               0x000000c8   Section       60  __scatter.o(!!!scatter)
    !!handler_copy                           0x00000104   Section       26  __scatter_copy.o(!!handler_copy)
    !!handler_zi                             0x00000120   Section       28  __scatter_zi.o(!!handler_zi)
    .ARM.Collect$$_printf_percent$$00000000  0x0000013c   Section        2  _printf_percent.o(.ARM.Collect$$_printf_percent$$00000000)
    .ARM.Collect$$_printf_percent$$0000000C  0x0000013e   Section       10  _printf_x.o(.ARM.Collect$$_printf_percent$$0000000C)
    .ARM.Collect$$_printf_percent$$00000017  0x00000148   Section        4  _printf_percent_end.o(.ARM.Collect$$_printf_percent$$00000017)
    .ARM.Collect$$libinit$$00000000          0x0000014c   Section        2  libinit.o(.ARM.Collect$$libinit$$00000000)
    .ARM.Collect$$libinit$$00000002          0x0000014e   Section        0  libinit2.o(.ARM.Collect$$libinit$$00000002)
    .ARM.Collect$$libinit$$00000004          0x0000014e   Section        0  libinit2.o(.ARM.Collect$$libinit$$00000004)
    .ARM.Collect$$libinit$$0000000A          0x0000014e   Section        0  libinit2.o(.ARM.Collect$$libinit$$0000000A)
    .ARM.Collect$$libinit$$0000000C          0x0000014e   Section        0  libinit2.o(.ARM.Collect$$libinit$$0000000C)
    .ARM.Collect$$libinit$$0000000E          0x0000014e   Section        0  libinit2.o(.ARM.Collect$$libinit$$0000000E)
    .ARM.Collect$$libinit$$00000011          0x0000014e   Section        0  libinit2.o(.ARM.Collect$$libinit$$00000011)
    .ARM.Collect$$libinit$$00000013          0x0000014e   Section        0  libinit2.o(.ARM.Collect$$libinit$$00000013)
    .ARM.Collect$$libinit$$00000015          0x0000014e   Section        0  libinit2.o(.ARM.Collect$$libinit$$00000015)
    .ARM.Collect$$libinit$$00000017          0x0000014e   Section        0  libinit2.o(.ARM.Collect$$libinit$$00000017)
    .ARM.Collect$$libinit$$00000019          0x0000014e   Section        0  libinit2.o(.ARM.Collect$$libinit$$00000019)
    .ARM.Collect$$libinit$$0000001B          0x0000014e   Section        0  libinit2.o(.ARM.Collect$$libinit$$0000001B)
    .ARM.Collect$$libinit$$0000001D          0x0000014e   Section        0  libinit2.o(.ARM.Collect$$libinit$$0000001D)
    .ARM.Collect$$libinit$$0000001F          0x0000014e   Section        0  libinit2.o(.ARM.Collect$$libinit$$0000001F)
    .ARM.Collect$$libinit$$00000021          0x0000014e   Section        0  libinit2.o(.ARM.Collect$$libinit$$00000021)
    .ARM.Collect$$libinit$$00000023          0x0000014e   Section        0  libinit2.o(.ARM.Collect$$libinit$$00000023)
    .ARM.Collect$$libinit$$00000025          0x0000014e   Section        0  libinit2.o(.ARM.Collect$$libinit$$00000025)
    .ARM.Collect$$libinit$$0000002C          0x0000014e   Section        0  libinit2.o(.ARM.Collect$$libinit$$0000002C)
    .ARM.Collect$$libinit$$0000002E          0x0000014e   Section        0  libinit2.o(.ARM.Collect$$libinit$$0000002E)
    .ARM.Collect$$libinit$$00000030          0x0000014e   Section        0  libinit2.o(.ARM.Collect$$libinit$$00000030)
    .ARM.Collect$$libinit$$00000032          0x0000014e   Section        0  libinit2.o(.ARM.Collect$$libinit$$00000032)
    .ARM.Collect$$libinit$$00000033          0x0000014e   Section        2  libinit2.o(.ARM.Collect$$libinit$$00000033)
    .ARM.Collect$$libshutdown$$00000000      0x00000150   Section        2  libshutdown.o(.ARM.Collect$$libshutdown$$00000000)
    .ARM.Collect$$libshutdown$$00000002      0x00000152   Section        0  libshutdown2.o(.ARM.Collect$$libshutdown$$00000002)
    .ARM.Collect$$libshutdown$$00000004      0x00000152   Section        0  libshutdown2.o(.ARM.Collect$$libshutdown$$00000004)
    .ARM.Collect$$libshutdown$$00000006      0x00000152   Section        0  libshutdown2.o(.ARM.Collect$$libshutdown$$00000006)
    .ARM.Collect$$libshutdown$$00000009      0x00000152   Section        0  libshutdown2.o(.ARM.Collect$$libshutdown$$00000009)
    .ARM.Collect$$libshutdown$$0000000C      0x00000152   Section        0  libshutdown2.o(.ARM.Collect$$libshutdown$$0000000C)
    .ARM.Collect$$libshutdown$$0000000E      0x00000152   Section        0  libshutdown2.o(.ARM.Collect$$libshutdown$$0000000E)
    .ARM.Collect$$libshutdown$$00000011      0x00000152   Section        0  libshutdown2.o(.ARM.Collect$$libshutdown$$00000011)
    .ARM.Collect$$libshutdown$$00000012      0x00000152   Section        2  libshutdown2.o(.ARM.Collect$$libshutdown$$00000012)
    .ARM.Collect$$rtentry$$00000000          0x00000154   Section        0  __rtentry.o(.ARM.Collect$$rtentry$$00000000)
    .ARM.Collect$$rtentry$$00000002          0x00000154   Section        0  __rtentry2.o(.ARM.Collect$$rtentry$$00000002)
    .ARM.Collect$$rtentry$$00000004          0x00000154   Section        6  __rtentry4.o(.ARM.Collect$$rtentry$$00000004)
    .ARM.Collect$$rtentry$$00000009          0x0000015a   Section        0  __rtentry2.o(.ARM.Collect$$rtentry$$00000009)
    .ARM.Collect$$rtentry$$0000000A          0x0000015a   Section        4  __rtentry2.o(.ARM.Collect$$rtentry$$0000000A)
    .ARM.Collect$$rtentry$$0000000C          0x0000015e   Section        0  __rtentry2.o(.ARM.Collect$$rtentry$$0000000C)
    .ARM.Collect$$rtentry$$0000000D          0x0000015e   Section        8  __rtentry2.o(.ARM.Collect$$rtentry$$0000000D)
    .ARM.Collect$$rtexit$$00000000           0x00000166   Section        2  rtexit.o(.ARM.Collect$$rtexit$$00000000)
    .ARM.Collect$$rtexit$$00000002           0x00000168   Section        0  rtexit2.o(.ARM.Collect$$rtexit$$00000002)
    .ARM.Collect$$rtexit$$00000003           0x00000168   Section        4  rtexit2.o(.ARM.Collect$$rtexit$$00000003)
    .ARM.Collect$$rtexit$$00000004           0x0000016c   Section        6  rtexit2.o(.ARM.Collect$$rtexit$$00000004)
    .emb_text                                0x00000174   Section       28  retarget.o(.emb_text)
    .text                                    0x00000190   Section       96  startup_nano100series.o(.text)
    .text                                    0x000001f0   Section        0  noretval__2printf.o(.text)
    .text                                    0x0000020c   Section        0  _printf_hex_int.o(.text)
    .text                                    0x00000264   Section        0  __printf_wp.o(.text)
    .text                                    0x00000372   Section      346  aeabi_sdiv.o(.text)
    .text                                    0x000004cc   Section        0  heapauxi.o(.text)
    .text                                    0x000004d2   Section        0  _printf_intcommon.o(.text)
    .text                                    0x00000584   Section        0  _printf_char_file.o(.text)
    .text                                    0x000005ac   Section        0  _printf_char_common.o(.text)
    _printf_input_char                       0x000005ad   Thumb Code    10  _printf_char_common.o(.text)
    .text                                    0x000005dc   Section       62  sys_stackheap_outer.o(.text)
    .text                                    0x0000061a   Section        0  exit.o(.text)
    .text                                    0x0000062c   Section        8  libspace.o(.text)
    .text                                    0x00000634   Section        0  sys_exit.o(.text)
    .text                                    0x00000640   Section        2  use_no_semi.o(.text)
    .text                                    0x00000642   Section        0  indicate_semi.o(.text)
    i.CLK_EnableModuleClock                  0x00000644   Section        0  clk.o(i.CLK_EnableModuleClock)
    i.CLK_EnablePLL                          0x00000660   Section        0  clk.o(i.CLK_EnablePLL)
    i.CLK_EnableXtalRC                       0x000006f8   Section        0  clk.o(i.CLK_EnableXtalRC)
    i.CLK_GetHCLKFreq                        0x00000734   Section        0  clk.o(i.CLK_GetHCLKFreq)
    i.CLK_GetPLLClockFreq                    0x00000744   Section        0  clk.o(i.CLK_GetPLLClockFreq)
    i.CLK_SetCoreClock                       0x00000798   Section        0  clk.o(i.CLK_SetCoreClock)
    i.CLK_SetHCLK                            0x00000818   Section        0  clk.o(i.CLK_SetHCLK)
    i.CLK_SetModuleClock                     0x00000864   Section        0  clk.o(i.CLK_SetModuleClock)
    i.CLK_SysTickDelay                       0x000008b4   Section        0  clk.o(i.CLK_SysTickDelay)
    i.CLK_WaitClockReady                     0x00000910   Section        0  clk.o(i.CLK_WaitClockReady)
    i.GPIO_SetMode                           0x0000093c   Section        0  gpio.o(i.GPIO_SetMode)
    i.Hard_Fault_Handler                     0x00000964   Section        0  retarget.o(i.Hard_Fault_Handler)
    __tagsym$$used                           0x00000965   Number         0  retarget.o(i.Hard_Fault_Handler)
    i.SPI_EnableAutoSS                       0x0000098c   Section        0  spi.o(i.SPI_EnableAutoSS)
    i.SPI_Open                               0x0000099e   Section        0  spi.o(i.SPI_Open)
    i.SPI_SetBusClock                        0x000009b8   Section        0  spi.o(i.SPI_SetBusClock)
    i.SYS_ClearResetSrc                      0x00000a48   Section        0  sys.o(i.SYS_ClearResetSrc)
    i.SYS_GetResetSrc                        0x00000a54   Section        0  sys.o(i.SYS_GetResetSrc)
    i.SendChar                               0x00000a5c   Section        0  retarget.o(i.SendChar)
    i.SendChar_ToUART                        0x00000a64   Section        0  retarget.o(i.SendChar_ToUART)
    i.SysGet_HCLKFreq                        0x00000a84   Section        0  system_nano100series.o(i.SysGet_HCLKFreq)
    i.SysGet_PLLClockFreq                    0x00000acc   Section        0  system_nano100series.o(i.SysGet_PLLClockFreq)
    i.SystemCoreClockUpdate                  0x00000b20   Section        0  system_nano100series.o(i.SystemCoreClockUpdate)
    i.UART_Open                              0x00000b40   Section        0  uart.o(i.UART_Open)
    i._Z11UC8151_initv                       0x00000bcc   Section        0  main.o(i._Z11UC8151_initv)
    i._Z12UC8151_writehh                     0x00000c5c   Section        0  main.o(i._Z12UC8151_writehh)
    i._Z14UC8151_io_initv                    0x00000c90   Section        0  main.o(i._Z14UC8151_io_initv)
    i._Z17UC8151_send_framePKhS0_            0x00000cec   Section        0  main.o(i._Z17UC8151_send_framePKhS0_)
    i._Z8SYS_Initv                           0x00000d6c   Section        0  main.o(i._Z8SYS_Initv)
    i._Z9wait_busyv                          0x00000e14   Section        0  main.o(i._Z9wait_busyv)
    i._is_digit                              0x00000e24   Section        0  __printf_wp.o(i._is_digit)
    i.ferror                                 0x00000e32   Section        0  retarget.o(i.ferror)
    i.fputc                                  0x00000e38   Section        0  retarget.o(i.fputc)
    i.main                                   0x00000e48   Section        0  main.o(i.main)
    i.stackDump                              0x00000ee4   Section        0  retarget.o(i.stackDump)
    .constdata                               0x00000f8c   Section     4736  main.o(.constdata)
    img                                      0x00000f8c   Data        4736  main.o(.constdata)
    .constdata                               0x0000220c   Section       16  clk.o(.constdata)
    .constdata                               0x0000221c   Section       48  uart.o(.constdata)
    .constdata                               0x0000224c   Section       40  _printf_hex_int.o(.constdata)
    uc_hextab                                0x0000224c   Data          20  _printf_hex_int.o(.constdata)
    lc_hextab                                0x00002260   Data          20  _printf_hex_int.o(.constdata)
    .data                                    0x20000000   Section        8  system_nano100series.o(.data)
    .data                                    0x20000008   Section        4  retarget.o(.data)
    .bss                                     0x2000000c   Section       96  libspace.o(.bss)
    HEAP                                     0x20000070   Section     1280  startup_nano100series.o(HEAP)
    Heap_Mem                                 0x20000070   Data        1280  startup_nano100series.o(HEAP)
    STACK                                    0x20000570   Section     1280  startup_nano100series.o(STACK)
    Stack_Mem                                0x20000570   Data        1280  startup_nano100series.o(STACK)
    __initial_sp                             0x20000a70   Data           0  startup_nano100series.o(STACK)

    Global Symbols

    Symbol Name                              Value     Ov Type        Size  Object(Section)

    BuildAttributes$$THM_ISAv3M$S$PE$A:L22$X:L11$S22$IEEE1$IW$USESV6$~STKCKD$USESV7$~SHL$OSPACE$ROPI$EBA8$UX$STANDARDLIB$REQ8$PRES8$EABIv2 0x00000000   Number         0  anon$$obj.o ABSOLUTE
    __ARM_use_no_argv                        0x00000000   Number         0  main.o ABSOLUTE
    __Vectors                                0x00000000   Data           4  startup_nano100series.o(RESET)
    _printf_flags                            0x00000000   Number         0  printf_stubs.o ABSOLUTE
    _printf_return_value                     0x00000000   Number         0  printf_stubs.o ABSOLUTE
    _printf_sizespec                         0x00000000   Number         0  printf_stubs.o ABSOLUTE
    _printf_widthprec                        0x00000000   Number         0  printf_stubs.o ABSOLUTE
    __ARM_exceptions_init                     - Undefined Weak Reference
    __alloca_initialize                       - Undefined Weak Reference
    __arm_fini_                               - Undefined Weak Reference
    __arm_preinit_                            - Undefined Weak Reference
    __cpp_initialize__aeabi_                  - Undefined Weak Reference
    __cxa_finalize                            - Undefined Weak Reference
    __rt_locale                               - Undefined Weak Reference
    __sigvec_lookup                           - Undefined Weak Reference
    _atexit_init                              - Undefined Weak Reference
    _call_atexit_fns                          - Undefined Weak Reference
    _clock_init                               - Undefined Weak Reference
    _fp_trap_init                             - Undefined Weak Reference
    _fp_trap_shutdown                         - Undefined Weak Reference
    _get_lc_collate                           - Undefined Weak Reference
    _get_lc_ctype                             - Undefined Weak Reference
    _get_lc_monetary                          - Undefined Weak Reference
    _get_lc_numeric                           - Undefined Weak Reference
    _get_lc_time                              - Undefined Weak Reference
    _getenv_init                              - Undefined Weak Reference
    _handle_redirection                       - Undefined Weak Reference
    _init_alloc                               - Undefined Weak Reference
    _init_user_alloc                          - Undefined Weak Reference
    _initio                                   - Undefined Weak Reference
    _printf_post_padding                      - Undefined Weak Reference
    _printf_pre_padding                       - Undefined Weak Reference
    _printf_truncate_unsigned                 - Undefined Weak Reference
    _rand_init                                - Undefined Weak Reference
    _signal_finish                            - Undefined Weak Reference
    _signal_init                              - Undefined Weak Reference
    _terminate_alloc                          - Undefined Weak Reference
    _terminate_user_alloc                     - Undefined Weak Reference
    _terminateio                              - Undefined Weak Reference
    __main                                   0x000000c1   Thumb Code     8  __main.o(!!!main)
    __scatterload                            0x000000c9   Thumb Code     0  __scatter.o(!!!scatter)
    __scatterload_rt2                        0x000000c9   Thumb Code    52  __scatter.o(!!!scatter)
    __scatterload_rt2_thumb_only             0x000000c9   Thumb Code     0  __scatter.o(!!!scatter)
    __scatterload_null                       0x000000d9   Thumb Code     0  __scatter.o(!!!scatter)
    __scatterload_copy                       0x00000105   Thumb Code    26  __scatter_copy.o(!!handler_copy)
    __scatterload_zeroinit                   0x00000121   Thumb Code    28  __scatter_zi.o(!!handler_zi)
    _printf_percent                          0x0000013d   Thumb Code     0  _printf_percent.o(.ARM.Collect$$_printf_percent$$00000000)
    _printf_x                                0x0000013f   Thumb Code     0  _printf_x.o(.ARM.Collect$$_printf_percent$$0000000C)
    _printf_percent_end                      0x00000149   Thumb Code     0  _printf_percent_end.o(.ARM.Collect$$_printf_percent$$00000017)
    __rt_lib_init                            0x0000014d   Thumb Code     0  libinit.o(.ARM.Collect$$libinit$$00000000)
    __rt_lib_init_alloca_1                   0x0000014f   Thumb Code     0  libinit2.o(.ARM.Collect$$libinit$$0000002E)
    __rt_lib_init_argv_1                     0x0000014f   Thumb Code     0  libinit2.o(.ARM.Collect$$libinit$$0000002C)
    __rt_lib_init_atexit_1                   0x0000014f   Thumb Code     0  libinit2.o(.ARM.Collect$$libinit$$0000001B)
    __rt_lib_init_clock_1                    0x0000014f   Thumb Code     0  libinit2.o(.ARM.Collect$$libinit$$00000021)
    __rt_lib_init_cpp_1                      0x0000014f   Thumb Code     0  libinit2.o(.ARM.Collect$$libinit$$00000032)
    __rt_lib_init_exceptions_1               0x0000014f   Thumb Code     0  libinit2.o(.ARM.Collect$$libinit$$00000030)
    __rt_lib_init_fp_1                       0x0000014f   Thumb Code     0  libinit2.o(.ARM.Collect$$libinit$$00000002)
    __rt_lib_init_fp_trap_1                  0x0000014f   Thumb Code     0  libinit2.o(.ARM.Collect$$libinit$$0000001F)
    __rt_lib_init_getenv_1                   0x0000014f   Thumb Code     0  libinit2.o(.ARM.Collect$$libinit$$00000023)
    __rt_lib_init_heap_1                     0x0000014f   Thumb Code     0  libinit2.o(.ARM.Collect$$libinit$$0000000A)
    __rt_lib_init_lc_collate_1               0x0000014f   Thumb Code     0  libinit2.o(.ARM.Collect$$libinit$$00000011)
    __rt_lib_init_lc_ctype_1                 0x0000014f   Thumb Code     0  libinit2.o(.ARM.Collect$$libinit$$00000013)
    __rt_lib_init_lc_monetary_1              0x0000014f   Thumb Code     0  libinit2.o(.ARM.Collect$$libinit$$00000015)
    __rt_lib_init_lc_numeric_1               0x0000014f   Thumb Code     0  libinit2.o(.ARM.Collect$$libinit$$00000017)
    __rt_lib_init_lc_time_1                  0x0000014f   Thumb Code     0  libinit2.o(.ARM.Collect$$libinit$$00000019)
    __rt_lib_init_preinit_1                  0x0000014f   Thumb Code     0  libinit2.o(.ARM.Collect$$libinit$$00000004)
    __rt_lib_init_rand_1                     0x0000014f   Thumb Code     0  libinit2.o(.ARM.Collect$$libinit$$0000000E)
    __rt_lib_init_return                     0x0000014f   Thumb Code     0  libinit2.o(.ARM.Collect$$libinit$$00000033)
    __rt_lib_init_signal_1                   0x0000014f   Thumb Code     0  libinit2.o(.ARM.Collect$$libinit$$0000001D)
    __rt_lib_init_stdio_1                    0x0000014f   Thumb Code     0  libinit2.o(.ARM.Collect$$libinit$$00000025)
    __rt_lib_init_user_alloc_1               0x0000014f   Thumb Code     0  libinit2.o(.ARM.Collect$$libinit$$0000000C)
    __rt_lib_shutdown                        0x00000151   Thumb Code     0  libshutdown.o(.ARM.Collect$$libshutdown$$00000000)
    __rt_lib_shutdown_cpp_1                  0x00000153   Thumb Code     0  libshutdown2.o(.ARM.Collect$$libshutdown$$00000004)
    __rt_lib_shutdown_fini_1                 0x00000153   Thumb Code     0  libshutdown2.o(.ARM.Collect$$libshutdown$$00000002)
    __rt_lib_shutdown_fp_trap_1              0x00000153   Thumb Code     0  libshutdown2.o(.ARM.Collect$$libshutdown$$00000009)
    __rt_lib_shutdown_heap_1                 0x00000153   Thumb Code     0  libshutdown2.o(.ARM.Collect$$libshutdown$$00000011)
    __rt_lib_shutdown_return                 0x00000153   Thumb Code     0  libshutdown2.o(.ARM.Collect$$libshutdown$$00000012)
    __rt_lib_shutdown_signal_1               0x00000153   Thumb Code     0  libshutdown2.o(.ARM.Collect$$libshutdown$$0000000C)
    __rt_lib_shutdown_stdio_1                0x00000153   Thumb Code     0  libshutdown2.o(.ARM.Collect$$libshutdown$$00000006)
    __rt_lib_shutdown_user_alloc_1           0x00000153   Thumb Code     0  libshutdown2.o(.ARM.Collect$$libshutdown$$0000000E)
    __rt_entry                               0x00000155   Thumb Code     0  __rtentry.o(.ARM.Collect$$rtentry$$00000000)
    __rt_entry_presh_1                       0x00000155   Thumb Code     0  __rtentry2.o(.ARM.Collect$$rtentry$$00000002)
    __rt_entry_sh                            0x00000155   Thumb Code     0  __rtentry4.o(.ARM.Collect$$rtentry$$00000004)
    __rt_entry_li                            0x0000015b   Thumb Code     0  __rtentry2.o(.ARM.Collect$$rtentry$$0000000A)
    __rt_entry_postsh_1                      0x0000015b   Thumb Code     0  __rtentry2.o(.ARM.Collect$$rtentry$$00000009)
    __rt_entry_main                          0x0000015f   Thumb Code     0  __rtentry2.o(.ARM.Collect$$rtentry$$0000000D)
    __rt_entry_postli_1                      0x0000015f   Thumb Code     0  __rtentry2.o(.ARM.Collect$$rtentry$$0000000C)
    __rt_exit                                0x00000167   Thumb Code     0  rtexit.o(.ARM.Collect$$rtexit$$00000000)
    __rt_exit_ls                             0x00000169   Thumb Code     0  rtexit2.o(.ARM.Collect$$rtexit$$00000003)
    __rt_exit_prels_1                        0x00000169   Thumb Code     0  rtexit2.o(.ARM.Collect$$rtexit$$00000002)
    __rt_exit_exit                           0x0000016d   Thumb Code     0  rtexit2.o(.ARM.Collect$$rtexit$$00000004)
    HardFault_Handler                        0x00000175   Thumb Code    24  retarget.o(.emb_text)
    Reset_Handler                            0x00000191   Thumb Code    28  startup_nano100series.o(.text)
    NMI_Handler                              0x000001ad   Thumb Code     2  startup_nano100series.o(.text)
    SVC_Handler                              0x000001b1   Thumb Code     2  startup_nano100series.o(.text)
    PendSV_Handler                           0x000001b3   Thumb Code     2  startup_nano100series.o(.text)
    SysTick_Handler                          0x000001b5   Thumb Code     2  startup_nano100series.o(.text)
    ADC_IRQHandler                           0x000001b7   Thumb Code     0  startup_nano100series.o(.text)
    BOD_IRQHandler                           0x000001b7   Thumb Code     0  startup_nano100series.o(.text)
    DAC_IRQHandler                           0x000001b7   Thumb Code     0  startup_nano100series.o(.text)
    EINT0_IRQHandler                         0x000001b7   Thumb Code     0  startup_nano100series.o(.text)
    EINT1_IRQHandler                         0x000001b7   Thumb Code     0  startup_nano100series.o(.text)
    GPABC_IRQHandler                         0x000001b7   Thumb Code     0  startup_nano100series.o(.text)
    GPDEF_IRQHandler                         0x000001b7   Thumb Code     0  startup_nano100series.o(.text)
    HIRC_IRQHandler                          0x000001b7   Thumb Code     0  startup_nano100series.o(.text)
    I2C0_IRQHandler                          0x000001b7   Thumb Code     0  startup_nano100series.o(.text)
    I2C1_IRQHandler                          0x000001b7   Thumb Code     0  startup_nano100series.o(.text)
    I2S_IRQHandler                           0x000001b7   Thumb Code     0  startup_nano100series.o(.text)
    LCD_IRQHandler                           0x000001b7   Thumb Code     0  startup_nano100series.o(.text)
    PDMA_IRQHandler                          0x000001b7   Thumb Code     0  startup_nano100series.o(.text)
    PDWU_IRQHandler                          0x000001b7   Thumb Code     0  startup_nano100series.o(.text)
    PWM0_IRQHandler                          0x000001b7   Thumb Code     0  startup_nano100series.o(.text)
    PWM1_IRQHandler                          0x000001b7   Thumb Code     0  startup_nano100series.o(.text)
    RTC_IRQHandler                           0x000001b7   Thumb Code     0  startup_nano100series.o(.text)
    SC0_IRQHandler                           0x000001b7   Thumb Code     0  startup_nano100series.o(.text)
    SC1_IRQHandler                           0x000001b7   Thumb Code     0  startup_nano100series.o(.text)
    SC2_IRQHandler                           0x000001b7   Thumb Code     0  startup_nano100series.o(.text)
    SPI0_IRQHandler                          0x000001b7   Thumb Code     0  startup_nano100series.o(.text)
    SPI1_IRQHandler                          0x000001b7   Thumb Code     0  startup_nano100series.o(.text)
    SPI2_IRQHandler                          0x000001b7   Thumb Code     0  startup_nano100series.o(.text)
    TMR0_IRQHandler                          0x000001b7   Thumb Code     0  startup_nano100series.o(.text)
    TMR1_IRQHandler                          0x000001b7   Thumb Code     0  startup_nano100series.o(.text)
    TMR2_IRQHandler                          0x000001b7   Thumb Code     0  startup_nano100series.o(.text)
    TMR3_IRQHandler                          0x000001b7   Thumb Code     0  startup_nano100series.o(.text)
    UART0_IRQHandler                         0x000001b7   Thumb Code     0  startup_nano100series.o(.text)
    UART1_IRQHandler                         0x000001b7   Thumb Code     0  startup_nano100series.o(.text)
    USBD_IRQHandler                          0x000001b7   Thumb Code     0  startup_nano100series.o(.text)
    WDT_IRQHandler                           0x000001b7   Thumb Code     0  startup_nano100series.o(.text)
    __user_initial_stackheap                 0x000001b9   Thumb Code     0  startup_nano100series.o(.text)
    __2printf                                0x000001f1   Thumb Code    22  noretval__2printf.o(.text)
    _printf_int_hex                          0x0000020d   Thumb Code    84  _printf_hex_int.o(.text)
    _printf_longlong_hex                     0x0000020d   Thumb Code     0  _printf_hex_int.o(.text)
    __printf                                 0x00000265   Thumb Code   270  __printf_wp.o(.text)
    __aeabi_uidiv                            0x00000373   Thumb Code     0  aeabi_sdiv.o(.text)
    __aeabi_uidivmod                         0x00000373   Thumb Code    20  aeabi_sdiv.o(.text)
    __aeabi_idiv                             0x00000387   Thumb Code     0  aeabi_sdiv.o(.text)
    __aeabi_idivmod                          0x00000387   Thumb Code   326  aeabi_sdiv.o(.text)
    __use_two_region_memory                  0x000004cd   Thumb Code     2  heapauxi.o(.text)
    __rt_heap_escrow$2region                 0x000004cf   Thumb Code     2  heapauxi.o(.text)
    __rt_heap_expand$2region                 0x000004d1   Thumb Code     2  heapauxi.o(.text)
    _printf_int_common                       0x000004d3   Thumb Code   176  _printf_intcommon.o(.text)
    _printf_char_file                        0x00000585   Thumb Code    34  _printf_char_file.o(.text)
    _printf_char_common                      0x000005b7   Thumb Code    32  _printf_char_common.o(.text)
    __user_setup_stackheap                   0x000005dd   Thumb Code    62  sys_stackheap_outer.o(.text)
    exit                                     0x0000061b   Thumb Code    16  exit.o(.text)
    __user_libspace                          0x0000062d   Thumb Code     8  libspace.o(.text)
    __user_perproc_libspace                  0x0000062d   Thumb Code     0  libspace.o(.text)
    __user_perthread_libspace                0x0000062d   Thumb Code     0  libspace.o(.text)
    _sys_exit                                0x00000635   Thumb Code     8  sys_exit.o(.text)
    __I$use$semihosting                      0x00000641   Thumb Code     0  use_no_semi.o(.text)
    __use_no_semihosting_swi                 0x00000641   Thumb Code     2  use_no_semi.o(.text)
    __semihosting_library_function           0x00000643   Thumb Code     0  indicate_semi.o(.text)
    CLK_EnableModuleClock                    0x00000645   Thumb Code    24  clk.o(i.CLK_EnableModuleClock)
    CLK_EnablePLL                            0x00000661   Thumb Code   130  clk.o(i.CLK_EnablePLL)
    CLK_EnableXtalRC                         0x000006f9   Thumb Code    54  clk.o(i.CLK_EnableXtalRC)
    CLK_GetHCLKFreq                          0x00000735   Thumb Code    12  clk.o(i.CLK_GetHCLKFreq)
    CLK_GetPLLClockFreq                      0x00000745   Thumb Code    76  clk.o(i.CLK_GetPLLClockFreq)
    CLK_SetCoreClock                         0x00000799   Thumb Code   106  clk.o(i.CLK_SetCoreClock)
    CLK_SetHCLK                              0x00000819   Thumb Code    72  clk.o(i.CLK_SetHCLK)
    CLK_SetModuleClock                       0x00000865   Thumb Code    74  clk.o(i.CLK_SetModuleClock)
    CLK_SysTickDelay                         0x000008b5   Thumb Code    74  clk.o(i.CLK_SysTickDelay)
    CLK_WaitClockReady                       0x00000911   Thumb Code    34  clk.o(i.CLK_WaitClockReady)
    GPIO_SetMode                             0x0000093d   Thumb Code    40  gpio.o(i.GPIO_SetMode)
    Hard_Fault_Handler                       0x00000965   Thumb Code    16  retarget.o(i.Hard_Fault_Handler)
    SPI_EnableAutoSS                         0x0000098d   Thumb Code    18  spi.o(i.SPI_EnableAutoSS)
    SPI_Open                                 0x0000099f   Thumb Code    26  spi.o(i.SPI_Open)
    SPI_SetBusClock                          0x000009b9   Thumb Code   132  spi.o(i.SPI_SetBusClock)
    SYS_ClearResetSrc                        0x00000a49   Thumb Code    12  sys.o(i.SYS_ClearResetSrc)
    SYS_GetResetSrc                          0x00000a55   Thumb Code     8  sys.o(i.SYS_GetResetSrc)
    SendChar                                 0x00000a5d   Thumb Code     8  retarget.o(i.SendChar)
    SendChar_ToUART                          0x00000a65   Thumb Code    26  retarget.o(i.SendChar_ToUART)
    SysGet_HCLKFreq                          0x00000a85   Thumb Code    58  system_nano100series.o(i.SysGet_HCLKFreq)
    SysGet_PLLClockFreq                      0x00000acd   Thumb Code    76  system_nano100series.o(i.SysGet_PLLClockFreq)
    SystemCoreClockUpdate                    0x00000b21   Thumb Code    24  system_nano100series.o(i.SystemCoreClockUpdate)
    UART_Open                                0x00000b41   Thumb Code   126  uart.o(i.UART_Open)
    UC8151_init()                            0x00000bcd   Thumb Code   140  main.o(i._Z11UC8151_initv)
    UC8151_write(unsigned char, unsigned char) 0x00000c5d   Thumb Code    42  main.o(i._Z12UC8151_writehh)
    UC8151_io_init()                         0x00000c91   Thumb Code    78  main.o(i._Z14UC8151_io_initv)
    UC8151_send_frame(const unsigned char*, const unsigned char*) 0x00000ced   Thumb Code   128  main.o(i._Z17UC8151_send_framePKhS0_)
    SYS_Init()                               0x00000d6d   Thumb Code   140  main.o(i._Z8SYS_Initv)
    wait_busy()                              0x00000e15   Thumb Code    10  main.o(i._Z9wait_busyv)
    _is_digit                                0x00000e25   Thumb Code    14  __printf_wp.o(i._is_digit)
    ferror                                   0x00000e33   Thumb Code     6  retarget.o(i.ferror)
    fputc                                    0x00000e39   Thumb Code    14  retarget.o(i.fputc)
    main                                     0x00000e49   Thumb Code    76  main.o(i.main)
    stackDump                                0x00000ee5   Thumb Code    70  retarget.o(i.stackDump)
    Region$$Table$$Base                      0x00002274   Number         0  anon$$obj.o(Region$$Table)
    Region$$Table$$Limit                     0x00002294   Number         0  anon$$obj.o(Region$$Table)
    SystemCoreClock                          0x20000000   Data           4  system_nano100series.o(.data)
    CyclesPerUs                              0x20000004   Data           4  system_nano100series.o(.data)
    __stdout                                 0x20000008   Data           4  retarget.o(.data)
    __libspace_start                         0x2000000c   Data          96  libspace.o(.bss)
    __temporary_stack_top$libspace           0x2000006c   Data           0  libspace.o(.bss)



==============================================================================

Memory Map of the image

  Image Entry point : 0x000000c1

  Load Region LR_IROM1 (Base: 0x00000000, Size: 0x000022a0, Max: 0x00020000, ABSOLUTE)

    Execution Region ER_IROM1 (Exec base: 0x00000000, Load base: 0x00000000, Size: 0x00002294, Max: 0x00020000, ABSOLUTE)

    Exec Addr    Load Addr    Size         Type   Attr      Idx    E Section Name        Object

    0x00000000   0x00000000   0x000000c0   Data   RO          130    RESET               startup_nano100series.o
    0x000000c0   0x000000c0   0x00000008   Code   RO          944  * !!!main             c_p.l(__main.o)
    0x000000c8   0x000000c8   0x0000003c   Code   RO         1122    !!!scatter          c_p.l(__scatter.o)
    0x00000104   0x00000104   0x0000001a   Code   RO         1124    !!handler_copy      c_p.l(__scatter_copy.o)
    0x0000011e   0x0000011e   0x00000002   PAD
    0x00000120   0x00000120   0x0000001c   Code   RO         1126    !!handler_zi        c_p.l(__scatter_zi.o)
    0x0000013c   0x0000013c   0x00000002   Code   RO          937    .ARM.Collect$$_printf_percent$$00000000  c_p.l(_printf_percent.o)
    0x0000013e   0x0000013e   0x0000000a   Code   RO          936    .ARM.Collect$$_printf_percent$$0000000C  c_p.l(_printf_x.o)
    0x00000148   0x00000148   0x00000004   Code   RO          955    .ARM.Collect$$_printf_percent$$00000017  c_p.l(_printf_percent_end.o)
    0x0000014c   0x0000014c   0x00000002   Code   RO          991    .ARM.Collect$$libinit$$00000000  c_p.l(libinit.o)
    0x0000014e   0x0000014e   0x00000000   Code   RO         1005    .ARM.Collect$$libinit$$00000002  c_p.l(libinit2.o)
    0x0000014e   0x0000014e   0x00000000   Code   RO         1007    .ARM.Collect$$libinit$$00000004  c_p.l(libinit2.o)
    0x0000014e   0x0000014e   0x00000000   Code   RO         1010    .ARM.Collect$$libinit$$0000000A  c_p.l(libinit2.o)
    0x0000014e   0x0000014e   0x00000000   Code   RO         1012    .ARM.Collect$$libinit$$0000000C  c_p.l(libinit2.o)
    0x0000014e   0x0000014e   0x00000000   Code   RO         1014    .ARM.Collect$$libinit$$0000000E  c_p.l(libinit2.o)
    0x0000014e   0x0000014e   0x00000000   Code   RO         1017    .ARM.Collect$$libinit$$00000011  c_p.l(libinit2.o)
    0x0000014e   0x0000014e   0x00000000   Code   RO         1019    .ARM.Collect$$libinit$$00000013  c_p.l(libinit2.o)
    0x0000014e   0x0000014e   0x00000000   Code   RO         1021    .ARM.Collect$$libinit$$00000015  c_p.l(libinit2.o)
    0x0000014e   0x0000014e   0x00000000   Code   RO         1023    .ARM.Collect$$libinit$$00000017  c_p.l(libinit2.o)
    0x0000014e   0x0000014e   0x00000000   Code   RO         1025    .ARM.Collect$$libinit$$00000019  c_p.l(libinit2.o)
    0x0000014e   0x0000014e   0x00000000   Code   RO         1027    .ARM.Collect$$libinit$$0000001B  c_p.l(libinit2.o)
    0x0000014e   0x0000014e   0x00000000   Code   RO         1029    .ARM.Collect$$libinit$$0000001D  c_p.l(libinit2.o)
    0x0000014e   0x0000014e   0x00000000   Code   RO         1031    .ARM.Collect$$libinit$$0000001F  c_p.l(libinit2.o)
    0x0000014e   0x0000014e   0x00000000   Code   RO         1033    .ARM.Collect$$libinit$$00000021  c_p.l(libinit2.o)
    0x0000014e   0x0000014e   0x00000000   Code   RO         1035    .ARM.Collect$$libinit$$00000023  c_p.l(libinit2.o)
    0x0000014e   0x0000014e   0x00000000   Code   RO         1037    .ARM.Collect$$libinit$$00000025  c_p.l(libinit2.o)
    0x0000014e   0x0000014e   0x00000000   Code   RO         1041    .ARM.Collect$$libinit$$0000002C  c_p.l(libinit2.o)
    0x0000014e   0x0000014e   0x00000000   Code   RO         1043    .ARM.Collect$$libinit$$0000002E  c_p.l(libinit2.o)
    0x0000014e   0x0000014e   0x00000000   Code   RO         1045    .ARM.Collect$$libinit$$00000030  c_p.l(libinit2.o)
    0x0000014e   0x0000014e   0x00000000   Code   RO         1047    .ARM.Collect$$libinit$$00000032  c_p.l(libinit2.o)
    0x0000014e   0x0000014e   0x00000002   Code   RO         1048    .ARM.Collect$$libinit$$00000033  c_p.l(libinit2.o)
    0x00000150   0x00000150   0x00000002   Code   RO         1077    .ARM.Collect$$libshutdown$$00000000  c_p.l(libshutdown.o)
    0x00000152   0x00000152   0x00000000   Code   RO         1103    .ARM.Collect$$libshutdown$$00000002  c_p.l(libshutdown2.o)
    0x00000152   0x00000152   0x00000000   Code   RO         1105    .ARM.Collect$$libshutdown$$00000004  c_p.l(libshutdown2.o)
    0x00000152   0x00000152   0x00000000   Code   RO         1107    .ARM.Collect$$libshutdown$$00000006  c_p.l(libshutdown2.o)
    0x00000152   0x00000152   0x00000000   Code   RO         1110    .ARM.Collect$$libshutdown$$00000009  c_p.l(libshutdown2.o)
    0x00000152   0x00000152   0x00000000   Code   RO         1113    .ARM.Collect$$libshutdown$$0000000C  c_p.l(libshutdown2.o)
    0x00000152   0x00000152   0x00000000   Code   RO         1115    .ARM.Collect$$libshutdown$$0000000E  c_p.l(libshutdown2.o)
    0x00000152   0x00000152   0x00000000   Code   RO         1118    .ARM.Collect$$libshutdown$$00000011  c_p.l(libshutdown2.o)
    0x00000152   0x00000152   0x00000002   Code   RO         1119    .ARM.Collect$$libshutdown$$00000012  c_p.l(libshutdown2.o)
    0x00000154   0x00000154   0x00000000   Code   RO          946    .ARM.Collect$$rtentry$$00000000  c_p.l(__rtentry.o)
    0x00000154   0x00000154   0x00000000   Code   RO          957    .ARM.Collect$$rtentry$$00000002  c_p.l(__rtentry2.o)
    0x00000154   0x00000154   0x00000006   Code   RO          969    .ARM.Collect$$rtentry$$00000004  c_p.l(__rtentry4.o)
    0x0000015a   0x0000015a   0x00000000   Code   RO          959    .ARM.Collect$$rtentry$$00000009  c_p.l(__rtentry2.o)
    0x0000015a   0x0000015a   0x00000004   Code   RO          960    .ARM.Collect$$rtentry$$0000000A  c_p.l(__rtentry2.o)
    0x0000015e   0x0000015e   0x00000000   Code   RO          962    .ARM.Collect$$rtentry$$0000000C  c_p.l(__rtentry2.o)
    0x0000015e   0x0000015e   0x00000008   Code   RO          963    .ARM.Collect$$rtentry$$0000000D  c_p.l(__rtentry2.o)
    0x00000166   0x00000166   0x00000002   Code   RO          996    .ARM.Collect$$rtexit$$00000000  c_p.l(rtexit.o)
    0x00000168   0x00000168   0x00000000   Code   RO         1052    .ARM.Collect$$rtexit$$00000002  c_p.l(rtexit2.o)
    0x00000168   0x00000168   0x00000004   Code   RO         1053    .ARM.Collect$$rtexit$$00000003  c_p.l(rtexit2.o)
    0x0000016c   0x0000016c   0x00000006   Code   RO         1054    .ARM.Collect$$rtexit$$00000004  c_p.l(rtexit2.o)
    0x00000172   0x00000172   0x00000002   PAD
    0x00000174   0x00000174   0x0000001c   Code   RO          485    .emb_text           retarget.o
    0x00000190   0x00000190   0x00000060   Code   RO          131    .text               startup_nano100series.o
    0x000001f0   0x000001f0   0x0000001c   Code   RO          891    .text               c_p.l(noretval__2printf.o)
    0x0000020c   0x0000020c   0x00000058   Code   RO          898    .text               c_p.l(_printf_hex_int.o)
    0x00000264   0x00000264   0x0000010e   Code   RO          924    .text               c_p.l(__printf_wp.o)
    0x00000372   0x00000372   0x0000015a   Code   RO          938    .text               c_p.l(aeabi_sdiv.o)
    0x000004cc   0x000004cc   0x00000006   Code   RO          942    .text               c_p.l(heapauxi.o)
    0x000004d2   0x000004d2   0x000000b0   Code   RO          951    .text               c_p.l(_printf_intcommon.o)
    0x00000582   0x00000582   0x00000002   PAD
    0x00000584   0x00000584   0x00000028   Code   RO          953    .text               c_p.l(_printf_char_file.o)
    0x000005ac   0x000005ac   0x00000030   Code   RO          973    .text               c_p.l(_printf_char_common.o)
    0x000005dc   0x000005dc   0x0000003e   Code   RO          975    .text               c_p.l(sys_stackheap_outer.o)
    0x0000061a   0x0000061a   0x00000010   Code   RO          980    .text               c_p.l(exit.o)
    0x0000062a   0x0000062a   0x00000002   PAD
    0x0000062c   0x0000062c   0x00000008   Code   RO          992    .text               c_p.l(libspace.o)
    0x00000634   0x00000634   0x0000000c   Code   RO         1049    .text               c_p.l(sys_exit.o)
    0x00000640   0x00000640   0x00000002   Code   RO         1066    .text               c_p.l(use_no_semi.o)
    0x00000642   0x00000642   0x00000000   Code   RO         1068    .text               c_p.l(indicate_semi.o)
    0x00000642   0x00000642   0x00000002   PAD
    0x00000644   0x00000644   0x0000001c   Code   RO          308    i.CLK_EnableModuleClock  clk.o
    0x00000660   0x00000660   0x00000098   Code   RO          309    i.CLK_EnablePLL     clk.o
    0x000006f8   0x000006f8   0x0000003c   Code   RO          311    i.CLK_EnableXtalRC  clk.o
    0x00000734   0x00000734   0x00000010   Code   RO          313    i.CLK_GetHCLKFreq   clk.o
    0x00000744   0x00000744   0x00000054   Code   RO          316    i.CLK_GetPLLClockFreq  clk.o
    0x00000798   0x00000798   0x00000080   Code   RO          319    i.CLK_SetCoreClock  clk.o
    0x00000818   0x00000818   0x0000004c   Code   RO          320    i.CLK_SetHCLK       clk.o
    0x00000864   0x00000864   0x00000050   Code   RO          321    i.CLK_SetModuleClock  clk.o
    0x000008b4   0x000008b4   0x0000005c   Code   RO          322    i.CLK_SysTickDelay  clk.o
    0x00000910   0x00000910   0x0000002c   Code   RO          323    i.CLK_WaitClockReady  clk.o
    0x0000093c   0x0000093c   0x00000028   Code   RO          455    i.GPIO_SetMode      gpio.o
    0x00000964   0x00000964   0x00000028   Code   RO          487    i.Hard_Fault_Handler  retarget.o
    0x0000098c   0x0000098c   0x00000012   Code   RO          609    i.SPI_EnableAutoSS  spi.o
    0x0000099e   0x0000099e   0x0000001a   Code   RO          614    i.SPI_Open          spi.o
    0x000009b8   0x000009b8   0x00000090   Code   RO          615    i.SPI_SetBusClock   spi.o
    0x00000a48   0x00000a48   0x0000000c   Code   RO          700    i.SYS_ClearResetSrc  sys.o
    0x00000a54   0x00000a54   0x00000008   Code   RO          706    i.SYS_GetResetSrc   sys.o
    0x00000a5c   0x00000a5c   0x00000008   Code   RO          489    i.SendChar          retarget.o
    0x00000a64   0x00000a64   0x00000020   Code   RO          490    i.SendChar_ToUART   retarget.o
    0x00000a84   0x00000a84   0x00000048   Code   RO            3    i.SysGet_HCLKFreq   system_nano100series.o
    0x00000acc   0x00000acc   0x00000054   Code   RO            4    i.SysGet_PLLClockFreq  system_nano100series.o
    0x00000b20   0x00000b20   0x00000020   Code   RO            5    i.SystemCoreClockUpdate  system_nano100series.o
    0x00000b40   0x00000b40   0x0000008c   Code   RO          792    i.UART_Open         uart.o
    0x00000bcc   0x00000bcc   0x00000090   Code   RO          137    i._Z11UC8151_initv  main.o
    0x00000c5c   0x00000c5c   0x00000034   Code   RO          138    i._Z12UC8151_writehh  main.o
    0x00000c90   0x00000c90   0x0000005c   Code   RO          139    i._Z14UC8151_io_initv  main.o
    0x00000cec   0x00000cec   0x00000080   Code   RO          140    i._Z17UC8151_send_framePKhS0_  main.o
    0x00000d6c   0x00000d6c   0x000000a8   Code   RO          141    i._Z8SYS_Initv      main.o
    0x00000e14   0x00000e14   0x00000010   Code   RO          142    i._Z9wait_busyv     main.o
    0x00000e24   0x00000e24   0x0000000e   Code   RO          926    i._is_digit         c_p.l(__printf_wp.o)
    0x00000e32   0x00000e32   0x00000006   Code   RO          492    i.ferror            retarget.o
    0x00000e38   0x00000e38   0x0000000e   Code   RO          494    i.fputc             retarget.o
    0x00000e46   0x00000e46   0x00000002   PAD
    0x00000e48   0x00000e48   0x0000009c   Code   RO          143    i.main              main.o
    0x00000ee4   0x00000ee4   0x000000a8   Code   RO          496    i.stackDump         retarget.o
    0x00000f8c   0x00000f8c   0x00001280   Data   RO          151    .constdata          main.o
    0x0000220c   0x0000220c   0x00000010   Data   RO          324    .constdata          clk.o
    0x0000221c   0x0000221c   0x00000030   Data   RO          800    .constdata          uart.o
    0x0000224c   0x0000224c   0x00000028   Data   RO          899    .constdata          c_p.l(_printf_hex_int.o)
    0x00002274   0x00002274   0x00000020   Data   RO         1120    Region$$Table       anon$$obj.o


    Execution Region RW_IRAM1 (Exec base: 0x20000000, Load base: 0x00002294, Size: 0x00000a70, Max: 0x00004000, ABSOLUTE)

    Exec Addr    Load Addr    Size         Type   Attr      Idx    E Section Name        Object

    0x20000000   0x00002294   0x00000008   Data   RW            6    .data               system_nano100series.o
    0x20000008   0x0000229c   0x00000004   Data   RW          497    .data               retarget.o
    0x2000000c        -       0x00000060   Zero   RW          993    .bss                c_p.l(libspace.o)
    0x2000006c   0x000022a0   0x00000004   PAD
    0x20000070        -       0x00000500   Zero   RW          129    HEAP                startup_nano100series.o
    0x20000570        -       0x00000500   Zero   RW          128    STACK               startup_nano100series.o


==============================================================================

Image component sizes


      Code (inc. data)   RO Data    RW Data    ZI Data      Debug   Object Name

       760        104         16          0          0       6585   clk.o
        40          0          0          0          0        939   gpio.o
       756        142       4736          0          0      39008   main.o
       296        132          0          4          0     116709   retarget.o
       188         12          0          0          0       2296   spi.o
        96         46        192          0       2560        712   startup_nano100series.o
        20          0          0          0          0        918   sys.o
       188         30          0          8          0     118298   system_nano100series.o
       140         14         48          0          0       1280   uart.o

    ----------------------------------------------------------------------
      2486        480       5024         12       2560     286745   Object Totals
         0          0         32          0          0          0   (incl. Generated)
         2          0          0          0          0          0   (incl. Padding)

    ----------------------------------------------------------------------

      Code (inc. data)   RO Data    RW Data    ZI Data      Debug   Library Member Name

         8          0          0          0          0         68   __main.o
       284          0          0          0          0        136   __printf_wp.o
         0          0          0          0          0          0   __rtentry.o
        12          0          0          0          0          0   __rtentry2.o
         6          0          0          0          0          0   __rtentry4.o
        60          8          0          0          0          0   __scatter.o
        26          0          0          0          0          0   __scatter_copy.o
        28          0          0          0          0          0   __scatter_zi.o
        48          6          0          0          0         88   _printf_char_common.o
        40          6          0          0          0         72   _printf_char_file.o
        88          4         40          0          0         72   _printf_hex_int.o
       176          0          0          0          0         84   _printf_intcommon.o
         2          0          0          0          0          0   _printf_percent.o
         4          0          0          0          0          0   _printf_percent_end.o
        10          0          0          0          0          0   _printf_x.o
       346          0          0          0          0         92   aeabi_sdiv.o
        16          0          0          0          0         68   exit.o
         6          0          0          0          0        136   heapauxi.o
         0          0          0          0          0          0   indicate_semi.o
         2          0          0          0          0          0   libinit.o
         2          0          0          0          0          0   libinit2.o
         2          0          0          0          0          0   libshutdown.o
         2          0          0          0          0          0   libshutdown2.o
         8          4          0          0         96         68   libspace.o
        28          6          0          0          0         84   noretval__2printf.o
         2          0          0          0          0          0   rtexit.o
        10          0          0          0          0          0   rtexit2.o
        12          4          0          0          0         60   sys_exit.o
        62          0          0          0          0         80   sys_stackheap_outer.o
         2          0          0          0          0         68   use_no_semi.o

    ----------------------------------------------------------------------
      1302         38         40          0        100       1176   Library Totals
        10          0          0          0          4          0   (incl. Padding)

    ----------------------------------------------------------------------

      Code (inc. data)   RO Data    RW Data    ZI Data      Debug   Library Name

      1292         38         40          0         96       1176   c_p.l

    ----------------------------------------------------------------------
      1302         38         40          0        100       1176   Library Totals

    ----------------------------------------------------------------------

==============================================================================


      Code (inc. data)   RO Data    RW Data    ZI Data      Debug   

      3788        518       5064         12       2660     286097   Grand Totals
      3788        518       5064         12       2660     286097   ELF Image Totals
      3788        518       5064         12          0          0   ROM Totals

==============================================================================

    Total RO  Size (Code + RO Data)                 8852 (   8.64kB)
    Total RW  Size (RW Data + ZI Data)              2672 (   2.61kB)
    Total ROM Size (Code + RO Data + RW Data)       8864 (   8.66kB)

==============================================================================

